Archive member included to satisfy reference by file (symbol)

e:/projects/vsarm/armcc/11.2 2022.02/bin/../lib/gcc/arm-none-eabi/11.2.1/thumb/v6-m/nofp\libgcc.a(_dvmd_tls.o)
                              CMakeFiles/music-box.dir/E_/Projects/VSARM/sdk/pico/pico-sdk/src/rp2_common/pico_divider/divider.S.obj (__aeabi_idiv0)
e:/projects/vsarm/armcc/11.2 2022.02/bin/../lib/gcc/arm-none-eabi/11.2.1/thumb/v6-m/nofp\libg.a(lib_a-calloc.o)
                              CMakeFiles/music-box.dir/E_/Projects/VSARM/sdk/pico/pico-sdk/src/rp2_common/pico_malloc/pico_malloc.c.obj (calloc)
e:/projects/vsarm/armcc/11.2 2022.02/bin/../lib/gcc/arm-none-eabi/11.2.1/thumb/v6-m/nofp\libg.a(lib_a-callocr.o)
                              e:/projects/vsarm/armcc/11.2 2022.02/bin/../lib/gcc/arm-none-eabi/11.2.1/thumb/v6-m/nofp\libg.a(lib_a-calloc.o) (_calloc_r)
e:/projects/vsarm/armcc/11.2 2022.02/bin/../lib/gcc/arm-none-eabi/11.2.1/thumb/v6-m/nofp\libg.a(lib_a-errno.o)
                              e:/projects/vsarm/armcc/11.2 2022.02/bin/../lib/gcc/arm-none-eabi/11.2.1/thumb/v6-m/nofp\libg.a(lib_a-callocr.o) (__errno)
e:/projects/vsarm/armcc/11.2 2022.02/bin/../lib/gcc/arm-none-eabi/11.2.1/thumb/v6-m/nofp\libg.a(lib_a-impure.o)
                              e:/projects/vsarm/armcc/11.2 2022.02/bin/../lib/gcc/arm-none-eabi/11.2.1/thumb/v6-m/nofp\libg.a(lib_a-calloc.o) (_impure_ptr)
e:/projects/vsarm/armcc/11.2 2022.02/bin/../lib/gcc/arm-none-eabi/11.2.1/thumb/v6-m/nofp\libg.a(lib_a-init.o)
                              e:/projects/vsarm/armcc/11.2 2022.02/bin/../lib/gcc/arm-none-eabi/11.2.1/thumb/v6-m/nofp/crt0.o (__libc_init_array)
e:/projects/vsarm/armcc/11.2 2022.02/bin/../lib/gcc/arm-none-eabi/11.2.1/thumb/v6-m/nofp\libg.a(lib_a-malloc.o)
                              CMakeFiles/music-box.dir/E_/Projects/VSARM/sdk/pico/pico-sdk/src/rp2_common/pico_malloc/pico_malloc.c.obj (malloc)
e:/projects/vsarm/armcc/11.2 2022.02/bin/../lib/gcc/arm-none-eabi/11.2.1/thumb/v6-m/nofp\libg.a(lib_a-mallocr.o)
                              e:/projects/vsarm/armcc/11.2 2022.02/bin/../lib/gcc/arm-none-eabi/11.2.1/thumb/v6-m/nofp\libg.a(lib_a-callocr.o) (_malloc_r)
e:/projects/vsarm/armcc/11.2 2022.02/bin/../lib/gcc/arm-none-eabi/11.2.1/thumb/v6-m/nofp\libg.a(lib_a-mlock.o)
                              e:/projects/vsarm/armcc/11.2 2022.02/bin/../lib/gcc/arm-none-eabi/11.2.1/thumb/v6-m/nofp\libg.a(lib_a-mallocr.o) (__malloc_lock)
e:/projects/vsarm/armcc/11.2 2022.02/bin/../lib/gcc/arm-none-eabi/11.2.1/thumb/v6-m/nofp\libg.a(lib_a-realloc.o)
                              CMakeFiles/music-box.dir/E_/Projects/VSARM/sdk/pico/pico-sdk/src/rp2_common/pico_malloc/pico_malloc.c.obj (realloc)
e:/projects/vsarm/armcc/11.2 2022.02/bin/../lib/gcc/arm-none-eabi/11.2.1/thumb/v6-m/nofp\libg.a(lib_a-reallocr.o)
                              e:/projects/vsarm/armcc/11.2 2022.02/bin/../lib/gcc/arm-none-eabi/11.2.1/thumb/v6-m/nofp\libg.a(lib_a-realloc.o) (_realloc_r)
e:/projects/vsarm/armcc/11.2 2022.02/bin/../lib/gcc/arm-none-eabi/11.2.1/thumb/v6-m/nofp\libg.a(lib_a-sbrkr.o)
                              e:/projects/vsarm/armcc/11.2 2022.02/bin/../lib/gcc/arm-none-eabi/11.2.1/thumb/v6-m/nofp\libg.a(lib_a-mallocr.o) (_sbrk_r)
e:/projects/vsarm/armcc/11.2 2022.02/bin/../lib/gcc/arm-none-eabi/11.2.1/thumb/v6-m/nofp\libg.a(lib_a-strlen-stub.o)
                              CMakeFiles/music-box.dir/E_/Projects/VSARM/sdk/pico/pico-sdk/src/rp2_common/pico_stdio/stdio.c.obj (strlen)
e:/projects/vsarm/armcc/11.2 2022.02/bin/../lib/gcc/arm-none-eabi/11.2.1/thumb/v6-m/nofp\libg.a(lib_a-freer.o)
                              e:/projects/vsarm/armcc/11.2 2022.02/bin/../lib/gcc/arm-none-eabi/11.2.1/thumb/v6-m/nofp\libg.a(lib_a-malloc.o) (_free_r)
e:/projects/vsarm/armcc/11.2 2022.02/bin/../lib/gcc/arm-none-eabi/11.2.1/thumb/v6-m/nofp\libg.a(lib_a-memmove.o)
                              e:/projects/vsarm/armcc/11.2 2022.02/bin/../lib/gcc/arm-none-eabi/11.2.1/thumb/v6-m/nofp\libg.a(lib_a-reallocr.o) (memmove)
e:/projects/vsarm/armcc/11.2 2022.02/bin/../lib/gcc/arm-none-eabi/11.2.1/thumb/v6-m/nofp\libg.a(lib_a-reent.o)
                              e:/projects/vsarm/armcc/11.2 2022.02/bin/../lib/gcc/arm-none-eabi/11.2.1/thumb/v6-m/nofp\libg.a(lib_a-sbrkr.o) (errno)

Discarded input sections

 .text          0x00000000        0x0 e:/projects/vsarm/armcc/11.2 2022.02/bin/../lib/gcc/arm-none-eabi/11.2.1/thumb/v6-m/nofp/crti.o
 .data          0x00000000        0x0 e:/projects/vsarm/armcc/11.2 2022.02/bin/../lib/gcc/arm-none-eabi/11.2.1/thumb/v6-m/nofp/crti.o
 .bss           0x00000000        0x0 e:/projects/vsarm/armcc/11.2 2022.02/bin/../lib/gcc/arm-none-eabi/11.2.1/thumb/v6-m/nofp/crti.o
 .text          0x00000000        0x0 e:/projects/vsarm/armcc/11.2 2022.02/bin/../lib/gcc/arm-none-eabi/11.2.1/thumb/v6-m/nofp/crtbegin.o
 .data          0x00000000        0x0 e:/projects/vsarm/armcc/11.2 2022.02/bin/../lib/gcc/arm-none-eabi/11.2.1/thumb/v6-m/nofp/crtbegin.o
[...]
Memory Configuration

Name             Origin             Length             Attributes
FLASH            0x10000000         0x00200000         xr
RAM              0x20000000         0x00040000         xrw
SCRATCH_X        0x20040000         0x00001000         xrw
SCRATCH_Y        0x20041000         0x00001000         xrw
*default*        0x00000000         0xffffffff

Linker script and memory map

LOAD e:/projects/vsarm/armcc/11.2 2022.02/bin/../lib/gcc/arm-none-eabi/11.2.1/thumb/v6-m/nofp/crti.o
LOAD e:/projects/vsarm/armcc/11.2 2022.02/bin/../lib/gcc/arm-none-eabi/11.2.1/thumb/v6-m/nofp/crtbegin.o
LOAD e:/projects/vsarm/armcc/11.2 2022.02/bin/../lib/gcc/arm-none-eabi/11.2.1/thumb/v6-m/nofp/crt0.o

.flash_begin    0x10000000        0x0
                0x10000000                __flash_binary_start = .

.boot2          0x10000000      0x100
                0x10000000                __boot2_start__ = .
 *(.boot2)
 .boot2         0x10000000      0x100 C:\Users\JAMESR~1\AppData\Local\Temp\ccsNHq9g.o
                0x10000100                __boot2_end__ = .
                0x00000001                ASSERT (((__boot2_end__ - __boot2_start__) == 0x100), ERROR: Pico second stage bootloader must be 256 bytes in size)

.text           0x10000100     0x4318
                0x10000100                __logical_binary_start = .
 *(.vectors)
 .vectors       0x10000100       0xd4 CMakeFiles/music-box.dir/E_/Projects/VSARM/sdk/pico/pico-sdk/src/rp2_common/pico_standard_link/crt0.S.obj
                0x10000100                __VECTOR_TABLE
                0x10000100                __vectors
                0x100001c0                isr_invalid
                0x100001c0                __default_isrs_start
                0x100001c2                isr_nmi
                0x100001c4                isr_hardfault
                0x100001c6                isr_svcall
                0x100001c8                isr_pendsv
                0x100001ca                isr_systick
                0x100001cc                isr_irq23
                0x100001cc                isr_irq18
                0x100001cc                isr_irq11
                0x100001cc                isr_irq28
                0x100001cc                isr_irq19
                0x100001cc                isr_irq0
                0x100001cc                isr_irq6
                0x100001cc                isr_irq5
                0x100001cc                isr_irq12
                0x100001cc                isr_irq22
                0x100001cc                isr_irq31
                0x100001cc                isr_irq17
                0x100001cc                isr_irq27
                0x100001cc                isr_irq30
                0x100001cc                isr_irq2
                0x100001cc                isr_irq10
                0x100001cc                isr_irq8
                0x100001cc                isr_irq24
                0x100001cc                isr_irq1
                0x100001cc                isr_irq7
                0x100001cc                isr_irq21
                0x100001cc                isr_irq20
                0x100001cc                isr_irq15
                0x100001cc                isr_irq25
                0x100001cc                isr_irq13
                0x100001cc                __unhandled_user_irq
                0x100001cc                isr_irq4
                0x100001cc                isr_irq16
                0x100001cc                isr_irq29
                0x100001cc                isr_irq26
                0x100001cc                __default_isrs_end
                0x100001cc                isr_irq3
                0x100001cc                isr_irq14
                0x100001cc                isr_irq9
                0x100001d2                unhandled_user_irq_num_in_r0
 *(.binary_info_header)
 .binary_info_header
                0x100001d4       0x14 CMakeFiles/music-box.dir/E_/Projects/VSARM/sdk/pico/pico-sdk/src/rp2_common/pico_standard_link/crt0.S.obj
                0x100001e8                __binary_info_header_end = .
 *(.reset)
 .reset         0x100001e8       0xa8 CMakeFiles/music-box.dir/E_/Projects/VSARM/sdk/pico/pico-sdk/src/rp2_common/pico_standard_link/crt0.S.obj
                0x100001e8                _entry_point
                0x10000266                __get_current_exception
 .reset         0x10000290       0x30 CMakeFiles/music-box.dir/E_/Projects/VSARM/sdk/pico/pico-sdk/src/rp2_common/pico_standard_link/binary_info.c.obj
 *(.init)
 .init          0x100002c0        0x4 e:/projects/vsarm/armcc/11.2 2022.02/bin/../lib/gcc/arm-none-eabi/11.2.1/thumb/v6-m/nofp/crti.o
                0x100002c0                _init
 *(EXCLUDE_FILE(*libm.a: *libc.a:*lib_a-mem*.o *libgcc.a:) .text*)
 .text.register_tm_clones
                0x100002c4       0x28 e:/projects/vsarm/armcc/11.2 2022.02/bin/../lib/gcc/arm-none-eabi/11.2.1/thumb/v6-m/nofp/crtbegin.o
 .text.frame_dummy
                0x100002ec       0x24 e:/projects/vsarm/armcc/11.2 2022.02/bin/../lib/gcc/arm-none-eabi/11.2.1/thumb/v6-m/nofp/crtbegin.o
 .text.map      0x10000310       0x16 CMakeFiles/music-box.dir/main.c.obj
                0x10000310                map
 *fill*         0x10000326        0x2 
 .text.main     0x10000328       0xa4 CMakeFiles/music-box.dir/main.c.obj
                0x10000328                main
 .text.gpio_set_function
                0x100003cc       0x30 CMakeFiles/music-box.dir/E_/Projects/VSARM/sdk/pico/pico-sdk/src/rp2_common/hardware_gpio/gpio.c.obj
                0x100003cc                gpio_set_function
 .text.gpio_init
                0x100003fc       0x16 CMakeFiles/music-box.dir/E_/Projects/VSARM/sdk/pico/pico-sdk/src/rp2_common/hardware_gpio/gpio.c.obj
                0x100003fc                gpio_init
 *fill*         0x10000412        0x2 
 .text.hw_claim_lock
                0x10000414       0x18 CMakeFiles/music-box.dir/E_/Projects/VSARM/sdk/pico/pico-sdk/src/rp2_common/hardware_claim/claim.c.obj
                0x10000414                hw_claim_lock
 .text.hw_claim_unlock
                0x1000042c       0x14 CMakeFiles/music-box.dir/E_/Projects/VSARM/sdk/pico/pico-sdk/src/rp2_common/hardware_claim/claim.c.obj
                0x1000042c                hw_claim_unlock
 .text.hw_claim_or_assert
                0x10000440       0x32 CMakeFiles/music-box.dir/E_/Projects/VSARM/sdk/pico/pico-sdk/src/rp2_common/hardware_claim/claim.c.obj
                0x10000440                hw_claim_or_assert
 *fill*         0x10000472        0x2 
 .text.running_on_fpga
                0x10000474       0x14 CMakeFiles/music-box.dir/E_/Projects/VSARM/sdk/pico/pico-sdk/src/rp2_common/pico_platform/platform.c.obj
                0x10000474                running_on_fpga
 .text.spin_locks_reset
                0x10000488       0x20 CMakeFiles/music-box.dir/E_/Projects/VSARM/sdk/pico/pico-sdk/src/rp2_common/hardware_sync/sync.c.obj
                0x10000488                spin_locks_reset
 .text.next_striped_spin_lock_num
                0x100004a8       0x1c CMakeFiles/music-box.dir/E_/Projects/VSARM/sdk/pico/pico-sdk/src/rp2_common/hardware_sync/sync.c.obj
                0x100004a8                next_striped_spin_lock_num
 .text.set_raw_irq_handler_and_unlock
                0x100004c4       0x28 CMakeFiles/music-box.dir/E_/Projects/VSARM/sdk/pico/pico-sdk/src/rp2_common/hardware_irq/irq.c.obj
 .text.make_branch
                0x100004ec       0x48 CMakeFiles/music-box.dir/E_/Projects/VSARM/sdk/pico/pico-sdk/src/rp2_common/hardware_irq/irq.c.obj
 .text.insert_branch_and_link
                0x10000534       0x40 CMakeFiles/music-box.dir/E_/Projects/VSARM/sdk/pico/pico-sdk/src/rp2_common/hardware_irq/irq.c.obj
 .text.irq_is_enabled
                0x10000574       0x18 CMakeFiles/music-box.dir/E_/Projects/VSARM/sdk/pico/pico-sdk/src/rp2_common/hardware_irq/irq.c.obj
                0x10000574                irq_is_enabled
 .text.irq_set_mask_enabled
                0x1000058c       0x20 CMakeFiles/music-box.dir/E_/Projects/VSARM/sdk/pico/pico-sdk/src/rp2_common/hardware_irq/irq.c.obj
                0x1000058c                irq_set_mask_enabled
 .text.irq_set_enabled
                0x100005ac        0xe CMakeFiles/music-box.dir/E_/Projects/VSARM/sdk/pico/pico-sdk/src/rp2_common/hardware_irq/irq.c.obj
                0x100005ac                irq_set_enabled
 *fill*         0x100005ba        0x2 
 .text.irq_get_vtable_handler
                0x100005bc       0x10 CMakeFiles/music-box.dir/E_/Projects/VSARM/sdk/pico/pico-sdk/src/rp2_common/hardware_irq/irq.c.obj
                0x100005bc                irq_get_vtable_handler
 .text.irq_set_exclusive_handler
                0x100005cc       0x54 CMakeFiles/music-box.dir/E_/Projects/VSARM/sdk/pico/pico-sdk/src/rp2_common/hardware_irq/irq.c.obj
                0x100005cc                irq_set_exclusive_handler
 .text.irq_remove_handler
                0x10000620      0x1a4 CMakeFiles/music-box.dir/E_/Projects/VSARM/sdk/pico/pico-sdk/src/rp2_common/hardware_irq/irq.c.obj
                0x10000620                irq_remove_handler
 .text.irq_add_tail_to_free_list
                0x100007c4       0xf0 CMakeFiles/music-box.dir/E_/Projects/VSARM/sdk/pico/pico-sdk/src/rp2_common/hardware_irq/irq.c.obj
                0x100007c4                irq_add_tail_to_free_list
 .text.irq_init_priorities
                0x100008b4       0x1c CMakeFiles/music-box.dir/E_/Projects/VSARM/sdk/pico/pico-sdk/src/rp2_common/hardware_irq/irq.c.obj
                0x100008b4                irq_init_priorities
 .text.lock_init
                0x100008d0       0x10 CMakeFiles/music-box.dir/E_/Projects/VSARM/sdk/pico/pico-sdk/src/common/pico_sync/lock_core.c.obj
                0x100008d0                lock_init
 .text.alarm_pool_post_alloc_init
                0x100008e0       0x40 CMakeFiles/music-box.dir/E_/Projects/VSARM/sdk/pico/pico-sdk/src/common/pico_time/time.c.obj
 .text.sleep_until_callback
                0x10000920       0x30 CMakeFiles/music-box.dir/E_/Projects/VSARM/sdk/pico/pico-sdk/src/common/pico_time/time.c.obj
 .text.timer_pool_entry_comparator
                0x10000950       0x78 CMakeFiles/music-box.dir/E_/Projects/VSARM/sdk/pico/pico-sdk/src/common/pico_time/time.c.obj
                0x10000950                timer_pool_entry_comparator
 .text.ph_add_child_node
                0x100009c8       0xa0 CMakeFiles/music-box.dir/E_/Projects/VSARM/sdk/pico/pico-sdk/src/common/pico_time/time.c.obj
 .text.ph_merge_nodes
                0x10000a68       0x3e CMakeFiles/music-box.dir/E_/Projects/VSARM/sdk/pico/pico-sdk/src/common/pico_time/time.c.obj
 *fill*         0x10000aa6        0x2 
 .text.add_alarm_under_lock
                0x10000aa8      0x16c CMakeFiles/music-box.dir/E_/Projects/VSARM/sdk/pico/pico-sdk/src/common/pico_time/time.c.obj
 .text.alarm_pool_alarm_callback
                0x10000c14      0x328 CMakeFiles/music-box.dir/E_/Projects/VSARM/sdk/pico/pico-sdk/src/common/pico_time/time.c.obj
 .text.alarm_pool_init_default
                0x10000f3c       0x38 CMakeFiles/music-box.dir/E_/Projects/VSARM/sdk/pico/pico-sdk/src/common/pico_time/time.c.obj
                0x10000f3c                alarm_pool_init_default
 .text.alarm_pool_get_default
                0x10000f74       0x2c CMakeFiles/music-box.dir/E_/Projects/VSARM/sdk/pico/pico-sdk/src/common/pico_time/time.c.obj
                0x10000f74                alarm_pool_get_default
 .text.alarm_pool_add_alarm_at
                0x10000fa0      0x178 CMakeFiles/music-box.dir/E_/Projects/VSARM/sdk/pico/pico-sdk/src/common/pico_time/time.c.obj
                0x10000fa0                alarm_pool_add_alarm_at
 .text.sleep_until
                0x10001118       0xfc CMakeFiles/music-box.dir/E_/Projects/VSARM/sdk/pico/pico-sdk/src/common/pico_time/time.c.obj
                0x10001118                sleep_until
 .text.sleep_us
                0x10001214       0x58 CMakeFiles/music-box.dir/E_/Projects/VSARM/sdk/pico/pico-sdk/src/common/pico_time/time.c.obj
                0x10001214                sleep_us
 .text.sleep_ms
                0x1000126c       0x14 CMakeFiles/music-box.dir/E_/Projects/VSARM/sdk/pico/pico-sdk/src/common/pico_time/time.c.obj
                0x1000126c                sleep_ms
 .text.hardware_alarm_irq_handler
                0x10001280       0x88 CMakeFiles/music-box.dir/E_/Projects/VSARM/sdk/pico/pico-sdk/src/rp2_common/hardware_timer/timer.c.obj
 .text.hardware_alarm_claim
                0x10001308       0x18 CMakeFiles/music-box.dir/E_/Projects/VSARM/sdk/pico/pico-sdk/src/rp2_common/hardware_timer/timer.c.obj
                0x10001308                hardware_alarm_claim
 .text.time_us_64
                0x10001320       0x18 CMakeFiles/music-box.dir/E_/Projects/VSARM/sdk/pico/pico-sdk/src/rp2_common/hardware_timer/timer.c.obj
                0x10001320                time_us_64
 .text.busy_wait_until
                0x10001338       0x28 CMakeFiles/music-box.dir/E_/Projects/VSARM/sdk/pico/pico-sdk/src/rp2_common/hardware_timer/timer.c.obj
                0x10001338                busy_wait_until
 .text.hardware_alarm_set_callback
                0x10001360       0x90 CMakeFiles/music-box.dir/E_/Projects/VSARM/sdk/pico/pico-sdk/src/rp2_common/hardware_timer/timer.c.obj
                0x10001360                hardware_alarm_set_callback
 .text.hardware_alarm_set_target
                0x100013f0       0xe8 CMakeFiles/music-box.dir/E_/Projects/VSARM/sdk/pico/pico-sdk/src/rp2_common/hardware_timer/timer.c.obj
                0x100013f0                hardware_alarm_set_target
 .text.hardware_alarm_cancel
                0x100014d8       0x40 CMakeFiles/music-box.dir/E_/Projects/VSARM/sdk/pico/pico-sdk/src/rp2_common/hardware_timer/timer.c.obj
                0x100014d8                hardware_alarm_cancel
 .text.ph_add_child_node
                0x10001518       0xa0 CMakeFiles/music-box.dir/E_/Projects/VSARM/sdk/pico/pico-sdk/src/common/pico_util/pheap.c.obj
 .text.ph_merge_nodes
                0x100015b8       0x3e CMakeFiles/music-box.dir/E_/Projects/VSARM/sdk/pico/pico-sdk/src/common/pico_util/pheap.c.obj
 *fill*         0x100015f6        0x2 
 .text.ph_clear
                0x100015f8       0x70 CMakeFiles/music-box.dir/E_/Projects/VSARM/sdk/pico/pico-sdk/src/common/pico_util/pheap.c.obj
                0x100015f8                ph_clear
 .text.ph_post_alloc_init
                0x10001668        0xe CMakeFiles/music-box.dir/E_/Projects/VSARM/sdk/pico/pico-sdk/src/common/pico_util/pheap.c.obj
                0x10001668                ph_post_alloc_init
 *fill*         0x10001676        0x2 
 .text.ph_merge_two_pass
                0x10001678       0xa4 CMakeFiles/music-box.dir/E_/Projects/VSARM/sdk/pico/pico-sdk/src/common/pico_util/pheap.c.obj
                0x10001678                ph_merge_two_pass
 .text.ph_remove_any_head
                0x1000171c      0x104 CMakeFiles/music-box.dir/E_/Projects/VSARM/sdk/pico/pico-sdk/src/common/pico_util/pheap.c.obj
 .text.ph_remove_head
                0x10001820       0x14 CMakeFiles/music-box.dir/E_/Projects/VSARM/sdk/pico/pico-sdk/src/common/pico_util/pheap.c.obj
                0x10001820                ph_remove_head
 .text.ph_remove_and_free_node
                0x10001834       0xf8 CMakeFiles/music-box.dir/E_/Projects/VSARM/sdk/pico/pico-sdk/src/common/pico_util/pheap.c.obj
                0x10001834                ph_remove_and_free_node
 .text.mutex_init
                0x1000192c       0x1a CMakeFiles/music-box.dir/E_/Projects/VSARM/sdk/pico/pico-sdk/src/common/pico_sync/mutex.c.obj
                0x1000192c                mutex_init
 .text.recursive_mutex_init
                0x10001946       0x1e CMakeFiles/music-box.dir/E_/Projects/VSARM/sdk/pico/pico-sdk/src/common/pico_sync/mutex.c.obj
                0x10001946                recursive_mutex_init
 .text.uart_set_baudrate
                0x10001964       0x5c CMakeFiles/music-box.dir/E_/Projects/VSARM/sdk/pico/pico-sdk/src/rp2_common/hardware_uart/uart.c.obj
                0x10001964                uart_set_baudrate
 .text.uart_set_translate_crlf
                0x100019c0       0x28 CMakeFiles/music-box.dir/E_/Projects/VSARM/sdk/pico/pico-sdk/src/rp2_common/hardware_uart/uart.c.obj
                0x100019c0                uart_set_translate_crlf
 .text.uart_init
                0x100019e8       0x80 CMakeFiles/music-box.dir/E_/Projects/VSARM/sdk/pico/pico-sdk/src/rp2_common/hardware_uart/uart.c.obj
                0x100019e8                uart_init
 .text._exit    0x10001a68        0x4 CMakeFiles/music-box.dir/E_/Projects/VSARM/sdk/pico/pico-sdk/src/rp2_common/pico_runtime/runtime.c.obj
                0x10001a68                _exit
 .text.exit     0x10001a6c        0x6 CMakeFiles/music-box.dir/E_/Projects/VSARM/sdk/pico/pico-sdk/src/rp2_common/pico_runtime/runtime.c.obj
                0x10001a6c                exit
 *fill*         0x10001a72        0x2 
 .text.__assert_func
                0x10001a74       0x3c CMakeFiles/music-box.dir/E_/Projects/VSARM/sdk/pico/pico-sdk/src/rp2_common/pico_runtime/runtime.c.obj
                0x10001a74                __assert_func
 .text.runtime_init
                0x10001ab0       0xf8 CMakeFiles/music-box.dir/E_/Projects/VSARM/sdk/pico/pico-sdk/src/rp2_common/pico_runtime/runtime.c.obj
                0x10001ab0                runtime_init
 .text.panic    0x10001ba8       0x30 CMakeFiles/music-box.dir/E_/Projects/VSARM/sdk/pico/pico-sdk/src/rp2_common/pico_runtime/runtime.c.obj
                0x10001ba8                panic
 .text.clock_configure
                0x10001bd8      0x104 CMakeFiles/music-box.dir/E_/Projects/VSARM/sdk/pico/pico-sdk/src/rp2_common/hardware_clocks/clocks.c.obj
                0x10001bd8                clock_configure
 .text.clocks_init
                0x10001cdc      0x100 CMakeFiles/music-box.dir/E_/Projects/VSARM/sdk/pico/pico-sdk/src/rp2_common/hardware_clocks/clocks.c.obj
                0x10001cdc                clocks_init
 .text.clock_get_hz
                0x10001ddc        0xc CMakeFiles/music-box.dir/E_/Projects/VSARM/sdk/pico/pico-sdk/src/rp2_common/hardware_clocks/clocks.c.obj
                0x10001ddc                clock_get_hz
 .text.pll_init
                0x10001de8      0x140 CMakeFiles/music-box.dir/E_/Projects/VSARM/sdk/pico/pico-sdk/src/rp2_common/hardware_pll/pll.c.obj
                0x10001de8                pll_init
 .text.watchdog_start_tick
                0x10001f28       0x10 CMakeFiles/music-box.dir/E_/Projects/VSARM/sdk/pico/pico-sdk/src/rp2_common/hardware_watchdog/watchdog.c.obj
                0x10001f28                watchdog_start_tick
 .text.xosc_init
                0x10001f38       0x28 CMakeFiles/music-box.dir/E_/Projects/VSARM/sdk/pico/pico-sdk/src/rp2_common/hardware_xosc/xosc.c.obj
                0x10001f38                xosc_init
 .text._out_null
                0x10001f60        0x2 CMakeFiles/music-box.dir/E_/Projects/VSARM/sdk/pico/pico-sdk/src/rp2_common/pico_printf/printf.c.obj
 .text._out_fct
                0x10001f62        0xe CMakeFiles/music-box.dir/E_/Projects/VSARM/sdk/pico/pico-sdk/src/rp2_common/pico_printf/printf.c.obj
 .text._atoi    0x10001f70       0x24 CMakeFiles/music-box.dir/E_/Projects/VSARM/sdk/pico/pico-sdk/src/rp2_common/pico_printf/printf.c.obj
 .text._out_rev
                0x10001f94       0xae CMakeFiles/music-box.dir/E_/Projects/VSARM/sdk/pico/pico-sdk/src/rp2_common/pico_printf/printf.c.obj
 .text._ntoa_format
                0x10002042      0x112 CMakeFiles/music-box.dir/E_/Projects/VSARM/sdk/pico/pico-sdk/src/rp2_common/pico_printf/printf.c.obj
 .text._ntoa_long
                0x10002154       0xbc CMakeFiles/music-box.dir/E_/Projects/VSARM/sdk/pico/pico-sdk/src/rp2_common/pico_printf/printf.c.obj
 .text._ntoa_long_long
                0x10002210       0xe2 CMakeFiles/music-box.dir/E_/Projects/VSARM/sdk/pico/pico-sdk/src/rp2_common/pico_printf/printf.c.obj
 *fill*         0x100022f2        0x2 
 .text._etoa    0x100022f4      0x414 CMakeFiles/music-box.dir/E_/Projects/VSARM/sdk/pico/pico-sdk/src/rp2_common/pico_printf/printf.c.obj
 .text._ftoa    0x10002708      0x354 CMakeFiles/music-box.dir/E_/Projects/VSARM/sdk/pico/pico-sdk/src/rp2_common/pico_printf/printf.c.obj
 .text._vsnprintf
                0x10002a5c      0x650 CMakeFiles/music-box.dir/E_/Projects/VSARM/sdk/pico/pico-sdk/src/rp2_common/pico_printf/printf.c.obj
 .text.vfctprintf
                0x100030ac       0x20 CMakeFiles/music-box.dir/E_/Projects/VSARM/sdk/pico/pico-sdk/src/rp2_common/pico_printf/printf.c.obj
                0x100030ac                vfctprintf
 .text          0x100030cc       0x10 CMakeFiles/music-box.dir/E_/Projects/VSARM/sdk/pico/pico-sdk/src/rp2_common/pico_bit_ops/bit_ops_aeabi.S.obj
 .text.rom_func_lookup
                0x100030dc       0x10 CMakeFiles/music-box.dir/E_/Projects/VSARM/sdk/pico/pico-sdk/src/rp2_common/pico_bootrom/bootrom.c.obj
                0x100030dc                rom_func_lookup
 .text.rom_data_lookup
                0x100030ec       0x10 CMakeFiles/music-box.dir/E_/Projects/VSARM/sdk/pico/pico-sdk/src/rp2_common/pico_bootrom/bootrom.c.obj
                0x100030ec                rom_data_lookup
 .text.rom_funcs_lookup
                0x100030fc       0x36 CMakeFiles/music-box.dir/E_/Projects/VSARM/sdk/pico/pico-sdk/src/rp2_common/pico_bootrom/bootrom.c.obj
                0x100030fc                rom_funcs_lookup
 *fill*         0x10003132        0x2 
 .text.__wrap___aeabi_idiv
                0x10003134       0x50 CMakeFiles/music-box.dir/E_/Projects/VSARM/sdk/pico/pico-sdk/src/rp2_common/pico_divider/divider.S.obj
                0x10003134                __wrap___aeabi_idivmod
                0x10003134                divmod_s32s32
                0x10003134                div_s32s32
                0x10003134                __wrap___aeabi_idiv
                0x1000313c                divmod_s32s32_unsafe
                0x10003168                divmod_s32s32_savestate
 .text.__wrap___aeabi_uidiv
                0x10003184       0x4c CMakeFiles/music-box.dir/E_/Projects/VSARM/sdk/pico/pico-sdk/src/rp2_common/pico_divider/divider.S.obj
                0x10003184                __wrap___aeabi_uidiv
                0x10003184                __wrap___aeabi_uidivmod
                0x10003184                div_u32u32
                0x10003184                divmod_u32u32
                0x1000318c                divmod_u32u32_unsafe
                0x100031b4                divmod_u32u32_savestate
 .text.__wrap___aeabi_ldiv
                0x100031d0      0x434 CMakeFiles/music-box.dir/E_/Projects/VSARM/sdk/pico/pico-sdk/src/rp2_common/pico_divider/divider.S.obj
                0x100031d0                div_s64s64
                0x100031d0                divmod_s64s64
                0x100031d0                __wrap___aeabi_ldivmod
                0x10003208                divmod_u64u64
                0x10003208                div_u64u64
                0x10003208                __wrap___aeabi_uldivmod
                0x10003218                divmod_u64u64_savestate
                0x10003240                divmod_s64s64_unsafe
                0x100032c8                divmod_u64u64_unsafe
 .text.__wrap___aeabi_darithmetic
                0x10003604       0x80 CMakeFiles/music-box.dir/E_/Projects/VSARM/sdk/pico/pico-sdk/src/rp2_common/pico_double/double_aeabi.S.obj
                0x10003604                __wrap___aeabi_drsub
                0x1000360a                __wrap___aeabi_dsub
                0x1000361c                __wrap___aeabi_dadd
                0x1000362e                __wrap___aeabi_ddiv
                0x1000366a                __wrap___aeabi_dmul
 .text.__wrap___aeabi_cdcmple
                0x10003684       0x6c CMakeFiles/music-box.dir/E_/Projects/VSARM/sdk/pico/pico-sdk/src/rp2_common/pico_double/double_aeabi.S.obj
                0x10003684                __wrap___aeabi_cdrcmple
                0x10003694                __wrap___aeabi_cdcmpeq
                0x10003694                __wrap___aeabi_cdcmple
 .text.__wrap___aeabi_dcmplt
                0x100036f0        0xc CMakeFiles/music-box.dir/E_/Projects/VSARM/sdk/pico/pico-sdk/src/rp2_common/pico_double/double_aeabi.S.obj
                0x100036f0                __wrap___aeabi_dcmplt
 .text.__wrap___aeabi_dcmple
                0x100036fc       0x10 CMakeFiles/music-box.dir/E_/Projects/VSARM/sdk/pico/pico-sdk/src/rp2_common/pico_double/double_aeabi.S.obj
                0x100036fc                __wrap___aeabi_dcmple
 .text.__wrap___aeabi_dcmpge
                0x1000370c       0x10 CMakeFiles/music-box.dir/E_/Projects/VSARM/sdk/pico/pico-sdk/src/rp2_common/pico_double/double_aeabi.S.obj
                0x1000370c                __wrap___aeabi_dcmpge
 .text.__wrap___aeabi_dcmpgt
                0x1000371c        0xa CMakeFiles/music-box.dir/E_/Projects/VSARM/sdk/pico/pico-sdk/src/rp2_common/pico_double/double_aeabi.S.obj
                0x1000371c                __wrap___aeabi_dcmpgt
 .text.__wrap___aeabi_dcmpun
                0x10003726       0x1c CMakeFiles/music-box.dir/E_/Projects/VSARM/sdk/pico/pico-sdk/src/rp2_common/pico_double/double_aeabi.S.obj
                0x10003726                __wrap___aeabi_dcmpun
 *fill*         0x10003742        0x2 
 .text.__wrap___aeabi_i2d
                0x10003744       0x38 CMakeFiles/music-box.dir/E_/Projects/VSARM/sdk/pico/pico-sdk/src/rp2_common/pico_double/double_aeabi.S.obj
                0x10003744                __wrap___aeabi_ui2d
                0x1000374c                __wrap___aeabi_i2d
 .text.__wrap___aeabi_d2iz
                0x1000377c       0x48 CMakeFiles/music-box.dir/E_/Projects/VSARM/sdk/pico/pico-sdk/src/rp2_common/pico_double/double_aeabi.S.obj
                0x1000377c                double2int_z
                0x1000377c                __wrap___aeabi_d2iz
 .text.__wrap___aeabi_d2uiz
                0x100037c4       0x18 CMakeFiles/music-box.dir/E_/Projects/VSARM/sdk/pico/pico-sdk/src/rp2_common/pico_double/double_aeabi.S.obj
                0x100037c4                __wrap___aeabi_d2uiz
                0x100037c4                double2uint
 .text.__aeabi_double_init
                0x100037dc       0xc8 CMakeFiles/music-box.dir/E_/Projects/VSARM/sdk/pico/pico-sdk/src/rp2_common/pico_double/double_init_rom.c.obj
                0x100037dc                __aeabi_double_init
 .text.double_table_shim_on_use_helper
                0x100038a4       0x34 CMakeFiles/music-box.dir/E_/Projects/VSARM/sdk/pico/pico-sdk/src/rp2_common/pico_double/double_v1_rom_shim.S.obj
                0x100038a4                double_table_shim_on_use_helper
 .text.__wrap___aeabi_dsub
                0x100038d8       0x10 CMakeFiles/music-box.dir/E_/Projects/VSARM/sdk/pico/pico-sdk/src/rp2_common/pico_double/double_v1_rom_shim.S.obj
                0x100038d8                drsub_shim
                0x100038de                dsub_shim
 .text.dadd_shim
                0x100038e8      0x15c CMakeFiles/music-box.dir/E_/Projects/VSARM/sdk/pico/pico-sdk/src/rp2_common/pico_double/double_v1_rom_shim.S.obj
                0x100038e8                dadd_shim
 .text.dmul_shim
                0x10003a44      0x15c CMakeFiles/music-box.dir/E_/Projects/VSARM/sdk/pico/pico-sdk/src/rp2_common/pico_double/double_v1_rom_shim.S.obj
                0x10003a44                dmul_shim
 .text.ddiv_shim
                0x10003ba0      0x1b0 CMakeFiles/music-box.dir/E_/Projects/VSARM/sdk/pico/pico-sdk/src/rp2_common/pico_double/double_v1_rom_shim.S.obj
                0x10003ba0                ddiv_shim
 .text.double2uint_shim
                0x10003d50        0xe CMakeFiles/music-box.dir/E_/Projects/VSARM/sdk/pico/pico-sdk/src/rp2_common/pico_double/double_v1_rom_shim.S.obj
                0x10003d50                double2uint_shim
                0x10003d52                double2ufix_shim
 *fill*         0x10003d5e        0x2 
 .text.double2uint64_shim
                0x10003d60       0x70 CMakeFiles/music-box.dir/E_/Projects/VSARM/sdk/pico/pico-sdk/src/rp2_common/pico_double/double_v1_rom_shim.S.obj
                0x10003d60                double2uint64_shim
                0x10003d62                double2ufix64_shim
                0x10003d82                d2fix_a
 .text.dunpacks
                0x10003dd0       0x3c CMakeFiles/music-box.dir/E_/Projects/VSARM/sdk/pico/pico-sdk/src/rp2_common/pico_double/double_v1_rom_shim.S.obj
                0x10003dd0                dunpacks
 .text.__aeabi_lmul
                0x10003e0c       0x32 CMakeFiles/music-box.dir/E_/Projects/VSARM/sdk/pico/pico-sdk/src/rp2_common/pico_int64_ops/pico_int64_ops_aeabi.S.obj
                0x10003e0c                __wrap___aeabi_lmul
 *fill*         0x10003e3e        0x2 
 .text.__aeabi_float_init
                0x10003e40       0xfc CMakeFiles/music-box.dir/E_/Projects/VSARM/sdk/pico/pico-sdk/src/rp2_common/pico_float/float_init_rom.c.obj
                0x10003e40                __aeabi_float_init
 .text.float_table_shim_on_use_helper
                0x10003f3c       0x34 CMakeFiles/music-box.dir/E_/Projects/VSARM/sdk/pico/pico-sdk/src/rp2_common/pico_float/float_v1_rom_shim.S.obj
                0x10003f3c                float_table_shim_on_use_helper
 .text          0x10003f70       0x10 CMakeFiles/music-box.dir/E_/Projects/VSARM/sdk/pico/pico-sdk/src/rp2_common/pico_mem_ops/mem_ops_aeabi.S.obj
                0x10003f70                __aeabi_mem_init
 .text.memset   0x10003f80        0xc CMakeFiles/music-box.dir/E_/Projects/VSARM/sdk/pico/pico-sdk/src/rp2_common/pico_mem_ops/mem_ops_aeabi.S.obj
                0x10003f80                __wrap_memset
 .text.memcpy   0x10003f8c        0xc CMakeFiles/music-box.dir/E_/Projects/VSARM/sdk/pico/pico-sdk/src/rp2_common/pico_mem_ops/mem_ops_aeabi.S.obj
                0x10003f8c                __wrap_memcpy
                0x10003f8c                __wrap___aeabi_memcpy
 .text.stdio_out_chars_no_crlf
                0x10003f98        0xe CMakeFiles/music-box.dir/E_/Projects/VSARM/sdk/pico/pico-sdk/src/rp2_common/pico_stdio/stdio.c.obj
 *fill*         0x10003fa6        0x2 
 .text.stdio_out_chars_crlf
                0x10003fa8       0x80 CMakeFiles/music-box.dir/E_/Projects/VSARM/sdk/pico/pico-sdk/src/rp2_common/pico_stdio/stdio.c.obj
 .text.stdio_stack_buffer_flush
                0x10004028       0x44 CMakeFiles/music-box.dir/E_/Projects/VSARM/sdk/pico/pico-sdk/src/rp2_common/pico_stdio/stdio.c.obj
 .text.stdio_buffered_printer
                0x1000406c       0x20 CMakeFiles/music-box.dir/E_/Projects/VSARM/sdk/pico/pico-sdk/src/rp2_common/pico_stdio/stdio.c.obj
 .text.stdout_serialize_begin
                0x1000408c       0x30 CMakeFiles/music-box.dir/E_/Projects/VSARM/sdk/pico/pico-sdk/src/rp2_common/pico_stdio/stdio.c.obj
                0x1000408c                stdout_serialize_begin
 .text.stdout_serialize_end
                0x100040bc       0x10 CMakeFiles/music-box.dir/E_/Projects/VSARM/sdk/pico/pico-sdk/src/rp2_common/pico_stdio/stdio.c.obj
                0x100040bc                stdout_serialize_end
 .text.stdio_put_string
                0x100040cc       0x98 CMakeFiles/music-box.dir/E_/Projects/VSARM/sdk/pico/pico-sdk/src/rp2_common/pico_stdio/stdio.c.obj
 .text.stdio_set_driver_enabled
                0x10004164       0x2c CMakeFiles/music-box.dir/E_/Projects/VSARM/sdk/pico/pico-sdk/src/rp2_common/pico_stdio/stdio.c.obj
                0x10004164                stdio_set_driver_enabled
 .text.stdio_flush
                0x10004190       0x20 CMakeFiles/music-box.dir/E_/Projects/VSARM/sdk/pico/pico-sdk/src/rp2_common/pico_stdio/stdio.c.obj
                0x10004190                stdio_flush
 .text.__wrap_puts
                0x100041b0       0x1e CMakeFiles/music-box.dir/E_/Projects/VSARM/sdk/pico/pico-sdk/src/rp2_common/pico_stdio/stdio.c.obj
                0x100041b0                __wrap_puts
 *fill*         0x100041ce        0x2 
 .text.__wrap_vprintf
                0x100041d0       0x44 CMakeFiles/music-box.dir/E_/Projects/VSARM/sdk/pico/pico-sdk/src/rp2_common/pico_stdio/stdio.c.obj
                0x100041d0                __wrap_vprintf
 .text.__wrap_printf
                0x10004214       0x18 CMakeFiles/music-box.dir/E_/Projects/VSARM/sdk/pico/pico-sdk/src/rp2_common/pico_stdio/stdio.c.obj
                0x10004214                __wrap_printf
 .text.stdio_init_all
                0x1000422c        0x8 CMakeFiles/music-box.dir/E_/Projects/VSARM/sdk/pico/pico-sdk/src/rp2_common/pico_stdio/stdio.c.obj
                0x1000422c                stdio_init_all
 .text.stdio_uart_out_chars
                0x10004234       0x74 CMakeFiles/music-box.dir/E_/Projects/VSARM/sdk/pico/pico-sdk/src/rp2_common/pico_stdio_uart/stdio_uart.c.obj
 .text.stdio_uart_in_chars
                0x100042a8       0x58 CMakeFiles/music-box.dir/E_/Projects/VSARM/sdk/pico/pico-sdk/src/rp2_common/pico_stdio_uart/stdio_uart.c.obj
                0x100042a8                stdio_uart_in_chars
 .text.stdio_uart_init_full
                0x10004300       0x3c CMakeFiles/music-box.dir/E_/Projects/VSARM/sdk/pico/pico-sdk/src/rp2_common/pico_stdio_uart/stdio_uart.c.obj
                0x10004300                stdio_uart_init_full
 .text.stdio_uart_init
                0x1000433c       0x28 CMakeFiles/music-box.dir/E_/Projects/VSARM/sdk/pico/pico-sdk/src/rp2_common/pico_stdio_uart/stdio_uart.c.obj
                0x1000433c                stdio_uart_init
 .text.strlen   0x10004364       0x5c e:/projects/vsarm/armcc/11.2 2022.02/bin/../lib/gcc/arm-none-eabi/11.2.1/thumb/v6-m/nofp\libg.a(lib_a-strlen-stub.o)
                0x10004364                strlen
 *(.fini)
 .fini          0x100043c0        0x4 e:/projects/vsarm/armcc/11.2 2022.02/bin/../lib/gcc/arm-none-eabi/11.2.1/thumb/v6-m/nofp/crti.o
                0x100043c0                _fini
 *fill*         0x100043c4        0x4 
 .fini.__stub   0x100043c8       0x50 linker stubs
 *crtbegin.o(.ctors)
 *crtbegin?.o(.ctors)
 *(EXCLUDE_FILE(*crtend.o *crtend?.o) .ctors)
 *(SORT_BY_NAME(.ctors.*))
 *(.ctors)
 *crtbegin.o(.dtors)
 *crtbegin?.o(.dtors)
 *(EXCLUDE_FILE(*crtend.o *crtend?.o) .dtors)
 *(SORT_BY_NAME(.dtors.*))
 *(.dtors)
 *(.eh_frame*)
 .eh_frame      0x10004418        0x0 e:/projects/vsarm/armcc/11.2 2022.02/bin/../lib/gcc/arm-none-eabi/11.2.1/thumb/v6-m/nofp/crtbegin.o
                0x10004418                . = ALIGN (0x4)

.glue_7         0x10004418        0x0
 .glue_7        0x10004418        0x0 linker stubs

.glue_7t        0x10004418        0x0
 .glue_7t       0x10004418        0x0 linker stubs

.vfp11_veneer   0x10004418        0x0
 .vfp11_veneer  0x10004418        0x0 linker stubs

.v4_bx          0x10004418        0x0
 .v4_bx         0x10004418        0x0 linker stubs

.iplt           0x10004418        0x0
 .iplt          0x10004418        0x0 e:/projects/vsarm/armcc/11.2 2022.02/bin/../lib/gcc/arm-none-eabi/11.2.1/thumb/v6-m/nofp/crtbegin.o

.rodata         0x10004418      0xf20
 *(EXCLUDE_FILE(*libm.a: *libc.a:*lib_a-mem*.o *libgcc.a:) .rodata*)
 .rodata        0x10004418       0x30 CMakeFiles/music-box.dir/main.c.obj
 .rodata.make_branch.str1.4
                0x10004448       0x76 CMakeFiles/music-box.dir/E_/Projects/VSARM/sdk/pico/pico-sdk/src/rp2_common/hardware_irq/irq.c.obj
 *fill*         0x100044be        0x2 
 .rodata.insert_branch_and_link.str1.4
                0x100044c0       0x10 CMakeFiles/music-box.dir/E_/Projects/VSARM/sdk/pico/pico-sdk/src/rp2_common/hardware_irq/irq.c.obj
 .rodata.irq_set_exclusive_handler.str1.4
                0x100044d0       0x36 CMakeFiles/music-box.dir/E_/Projects/VSARM/sdk/pico/pico-sdk/src/rp2_common/hardware_irq/irq.c.obj
 *fill*         0x10004506        0x2 
 .rodata.irq_add_shared_handler.str1.4
                0x10004508       0xd9 CMakeFiles/music-box.dir/E_/Projects/VSARM/sdk/pico/pico-sdk/src/rp2_common/hardware_irq/irq.c.obj
 *fill*         0x100045e1        0x3 
 .rodata.irq_remove_handler.str1.4
                0x100045e4       0x2a CMakeFiles/music-box.dir/E_/Projects/VSARM/sdk/pico/pico-sdk/src/rp2_common/hardware_irq/irq.c.obj
 *fill*         0x1000460e        0x2 
 .rodata.irq_add_tail_to_free_list.str1.4
                0x10004610       0x3a CMakeFiles/music-box.dir/E_/Projects/VSARM/sdk/pico/pico-sdk/src/rp2_common/hardware_irq/irq.c.obj
 *fill*         0x1000464a        0x2 
 .rodata.__func__.0
                0x1000464c       0x1a CMakeFiles/music-box.dir/E_/Projects/VSARM/sdk/pico/pico-sdk/src/rp2_common/hardware_irq/irq.c.obj
 *fill*         0x10004666        0x2 
 .rodata.__func__.1
                0x10004668       0x17 CMakeFiles/music-box.dir/E_/Projects/VSARM/sdk/pico/pico-sdk/src/rp2_common/hardware_irq/irq.c.obj
 *fill*         0x1000467f        0x1 
 .rodata.__func__.2
                0x10004680       0x13 CMakeFiles/music-box.dir/E_/Projects/VSARM/sdk/pico/pico-sdk/src/rp2_common/hardware_irq/irq.c.obj
 *fill*         0x10004693        0x1 
 .rodata.__func__.3
                0x10004694        0xc CMakeFiles/music-box.dir/E_/Projects/VSARM/sdk/pico/pico-sdk/src/rp2_common/hardware_irq/irq.c.obj
 .rodata.__func__.4
                0x100046a0        0xf CMakeFiles/music-box.dir/E_/Projects/VSARM/sdk/pico/pico-sdk/src/rp2_common/hardware_irq/irq.c.obj
 *fill*         0x100046af        0x1 
 .rodata.__func__.6
                0x100046b0       0x1a CMakeFiles/music-box.dir/E_/Projects/VSARM/sdk/pico/pico-sdk/src/rp2_common/hardware_irq/irq.c.obj
 *fill*         0x100046ca        0x2 
 .rodata.repeating_timer_callback.str1.4
                0x100046cc       0x54 CMakeFiles/music-box.dir/E_/Projects/VSARM/sdk/pico/pico-sdk/src/common/pico_time/time.c.obj
 .rodata.alarm_pool_dump_key.str1.4
                0x10004720       0x33 CMakeFiles/music-box.dir/E_/Projects/VSARM/sdk/pico/pico-sdk/src/common/pico_time/time.c.obj
 *fill*         0x10004753        0x1 
 .rodata.ph_add_child_node.str1.4
                0x10004754       0x9e CMakeFiles/music-box.dir/E_/Projects/VSARM/sdk/pico/pico-sdk/src/common/pico_time/time.c.obj
 *fill*         0x100047f2        0x2 
 .rodata.add_alarm_under_lock.str1.4
                0x100047f4       0x28 CMakeFiles/music-box.dir/E_/Projects/VSARM/sdk/pico/pico-sdk/src/common/pico_time/time.c.obj
                                 0x2b (size before relaxing)
 .rodata.alarm_pool_alarm_callback.str1.4
                0x1000481c       0xee CMakeFiles/music-box.dir/E_/Projects/VSARM/sdk/pico/pico-sdk/src/common/pico_time/time.c.obj
 *fill*         0x1000490a        0x2 
 .rodata.alarm_pool_get_default.str1.4
                0x1000490c       0x21 CMakeFiles/music-box.dir/E_/Projects/VSARM/sdk/pico/pico-sdk/src/common/pico_time/time.c.obj
 *fill*         0x1000492d        0x3 
 .rodata.sleep_until.str1.4
                0x10004930       0x4d CMakeFiles/music-box.dir/E_/Projects/VSARM/sdk/pico/pico-sdk/src/common/pico_time/time.c.obj
 *fill*         0x1000497d        0x3 
 .rodata.__func__.10
                0x10004980       0x15 CMakeFiles/music-box.dir/E_/Projects/VSARM/sdk/pico/pico-sdk/src/common/pico_time/time.c.obj
 *fill*         0x10004995        0x3 
 .rodata.__func__.11
                0x10004998       0x1a CMakeFiles/music-box.dir/E_/Projects/VSARM/sdk/pico/pico-sdk/src/common/pico_time/time.c.obj
 *fill*         0x100049b2        0x2 
 .rodata.__func__.12
                0x100049b4        0xa CMakeFiles/music-box.dir/E_/Projects/VSARM/sdk/pico/pico-sdk/src/common/pico_time/time.c.obj
 *fill*         0x100049be        0x2 
 .rodata.__func__.3
                0x100049c0       0x17 CMakeFiles/music-box.dir/E_/Projects/VSARM/sdk/pico/pico-sdk/src/common/pico_time/time.c.obj
 *fill*         0x100049d7        0x1 
 .rodata.__func__.4
                0x100049d8       0x12 CMakeFiles/music-box.dir/E_/Projects/VSARM/sdk/pico/pico-sdk/src/common/pico_time/time.c.obj
 *fill*         0x100049ea        0x2 
 .rodata.__func__.5
                0x100049ec        0xd CMakeFiles/music-box.dir/E_/Projects/VSARM/sdk/pico/pico-sdk/src/common/pico_time/time.c.obj
 *fill*         0x100049f9        0x3 
 .rodata.__func__.6
                0x100049fc       0x12 CMakeFiles/music-box.dir/E_/Projects/VSARM/sdk/pico/pico-sdk/src/common/pico_time/time.c.obj
 *fill*         0x10004a0e        0x2 
 .rodata.__func__.7
                0x10004a10        0xf CMakeFiles/music-box.dir/E_/Projects/VSARM/sdk/pico/pico-sdk/src/common/pico_time/time.c.obj
 *fill*         0x10004a1f        0x1 
 .rodata.__func__.8
                0x10004a20        0xc CMakeFiles/music-box.dir/E_/Projects/VSARM/sdk/pico/pico-sdk/src/common/pico_time/time.c.obj
 .rodata.__func__.9
                0x10004a2c       0x15 CMakeFiles/music-box.dir/E_/Projects/VSARM/sdk/pico/pico-sdk/src/common/pico_time/time.c.obj
 *fill*         0x10004a41        0x3 
 .rodata.hardware_alarm_claim.str1.4
                0x10004a44       0x22 CMakeFiles/music-box.dir/E_/Projects/VSARM/sdk/pico/pico-sdk/src/rp2_common/hardware_timer/timer.c.obj
 *fill*         0x10004a66        0x2 
 .rodata.hardware_alarm_set_target.str1.4
                0x10004a68       0x6e CMakeFiles/music-box.dir/E_/Projects/VSARM/sdk/pico/pico-sdk/src/rp2_common/hardware_timer/timer.c.obj
 *fill*         0x10004ad6        0x2 
 .rodata.__func__.0
                0x10004ad8       0x1a CMakeFiles/music-box.dir/E_/Projects/VSARM/sdk/pico/pico-sdk/src/rp2_common/hardware_timer/timer.c.obj
 .rodata.ph_add_child_node.str1.4
                0x10004af2       0x9e CMakeFiles/music-box.dir/E_/Projects/VSARM/sdk/pico/pico-sdk/src/common/pico_util/pheap.c.obj
 *fill*         0x10004af2        0x2 
 .rodata.ph_remove_any_head.str1.4
                0x10004af4       0x98 CMakeFiles/music-box.dir/E_/Projects/VSARM/sdk/pico/pico-sdk/src/common/pico_util/pheap.c.obj
 .rodata.ph_remove_and_free_node.str1.4
                0x10004b8c       0x1e CMakeFiles/music-box.dir/E_/Projects/VSARM/sdk/pico/pico-sdk/src/common/pico_util/pheap.c.obj
                                 0x26 (size before relaxing)
 *fill*         0x10004baa        0x2 
 .rodata.__func__.0
                0x10004bac       0x18 CMakeFiles/music-box.dir/E_/Projects/VSARM/sdk/pico/pico-sdk/src/common/pico_util/pheap.c.obj
 .rodata.__func__.1
                0x10004bc4       0x13 CMakeFiles/music-box.dir/E_/Projects/VSARM/sdk/pico/pico-sdk/src/common/pico_util/pheap.c.obj
 *fill*         0x10004bd7        0x1 
 .rodata.__func__.2
                0x10004bd8       0x12 CMakeFiles/music-box.dir/E_/Projects/VSARM/sdk/pico/pico-sdk/src/common/pico_util/pheap.c.obj
 *fill*         0x10004bea        0x2 
 .rodata.__func__.3
                0x10004bec        0xc CMakeFiles/music-box.dir/E_/Projects/VSARM/sdk/pico/pico-sdk/src/common/pico_util/pheap.c.obj
 .rodata.str1.4
                0x10004bf8       0x95 CMakeFiles/music-box.dir/E_/Projects/VSARM/sdk/pico/pico-sdk/src/common/pico_sync/mutex.c.obj
                                0x101 (size before relaxing)
 *fill*         0x10004c8d        0x3 
 .rodata.__func__.1
                0x10004c90        0xb CMakeFiles/music-box.dir/E_/Projects/VSARM/sdk/pico/pico-sdk/src/common/pico_sync/mutex.c.obj
 *fill*         0x10004c9b        0x1 
 .rodata.__assert_func.str1.4
                0x10004c9c       0x3f CMakeFiles/music-box.dir/E_/Projects/VSARM/sdk/pico/pico-sdk/src/rp2_common/pico_runtime/runtime.c.obj
                                 0x43 (size before relaxing)
 *fill*         0x10004cdb        0x1 
 .rodata.runtime_init.str1.4
                0x10004cdc       0x6a CMakeFiles/music-box.dir/E_/Projects/VSARM/sdk/pico/pico-sdk/src/rp2_common/pico_runtime/runtime.c.obj
 *fill*         0x10004d46        0x2 
 .rodata.panic.str1.4
                0x10004d48       0x12 CMakeFiles/music-box.dir/E_/Projects/VSARM/sdk/pico/pico-sdk/src/rp2_common/pico_runtime/runtime.c.obj
 *fill*         0x10004d5a        0x2 
 .rodata.__func__.1
                0x10004d5c        0xd CMakeFiles/music-box.dir/E_/Projects/VSARM/sdk/pico/pico-sdk/src/rp2_common/pico_runtime/runtime.c.obj
 *fill*         0x10004d69        0x3 
 .rodata.clock_configure.str1.4
                0x10004d6c       0x60 CMakeFiles/music-box.dir/E_/Projects/VSARM/sdk/pico/pico-sdk/src/rp2_common/hardware_clocks/clocks.c.obj
 .rodata.__func__.1
                0x10004dcc       0x10 CMakeFiles/music-box.dir/E_/Projects/VSARM/sdk/pico/pico-sdk/src/rp2_common/hardware_clocks/clocks.c.obj
 .rodata.pll_init.str1.4
                0x10004ddc      0x143 CMakeFiles/music-box.dir/E_/Projects/VSARM/sdk/pico/pico-sdk/src/rp2_common/hardware_pll/pll.c.obj
 *fill*         0x10004f1f        0x1 
 .rodata.__func__.0
                0x10004f20        0x9 CMakeFiles/music-box.dir/E_/Projects/VSARM/sdk/pico/pico-sdk/src/rp2_common/hardware_pll/pll.c.obj
 *fill*         0x10004f29        0x3 
 .rodata._ftoa.str1.4
                0x10004f2c       0x15 CMakeFiles/music-box.dir/E_/Projects/VSARM/sdk/pico/pico-sdk/src/rp2_common/pico_printf/printf.c.obj
 *fill*         0x10004f41        0x3 
 .rodata._vsnprintf
                0x10004f44      0x19c CMakeFiles/music-box.dir/E_/Projects/VSARM/sdk/pico/pico-sdk/src/rp2_common/pico_printf/printf.c.obj
 .rodata.pow10.0
                0x100050e0       0x50 CMakeFiles/music-box.dir/E_/Projects/VSARM/sdk/pico/pico-sdk/src/rp2_common/pico_printf/printf.c.obj
 .rodata.__aeabi_double_init.str1.4
                0x10005130       0xb1 CMakeFiles/music-box.dir/E_/Projects/VSARM/sdk/pico/pico-sdk/src/rp2_common/pico_double/double_init_rom.c.obj
 *fill*         0x100051e1        0x3 
 .rodata.__func__.0
                0x100051e4       0x14 CMakeFiles/music-box.dir/E_/Projects/VSARM/sdk/pico/pico-sdk/src/rp2_common/pico_double/double_init_rom.c.obj
 .rodata.__aeabi_float_init.str1.4
                0x100051f8       0x83 CMakeFiles/music-box.dir/E_/Projects/VSARM/sdk/pico/pico-sdk/src/rp2_common/pico_float/float_init_rom.c.obj
                                 0x87 (size before relaxing)
 *fill*         0x1000527b        0x1 
 .rodata.__func__.0
                0x1000527c       0x13 CMakeFiles/music-box.dir/E_/Projects/VSARM/sdk/pico/pico-sdk/src/rp2_common/pico_float/float_init_rom.c.obj
 *fill*         0x1000528f        0x1 
 .rodata.str1.4
                0x10005290       0x40 CMakeFiles/music-box.dir/E_/Projects/VSARM/sdk/pico/pico-sdk/src/rp2_common/pico_standard_link/binary_info.c.obj
 .rodata.__bi_44
                0x100052d0        0xc CMakeFiles/music-box.dir/E_/Projects/VSARM/sdk/pico/pico-sdk/src/rp2_common/pico_standard_link/binary_info.c.obj
 .rodata.__bi_75
                0x100052dc        0xc CMakeFiles/music-box.dir/E_/Projects/VSARM/sdk/pico/pico-sdk/src/rp2_common/pico_standard_link/binary_info.c.obj
 .rodata.__bi_81
                0x100052e8        0xc CMakeFiles/music-box.dir/E_/Projects/VSARM/sdk/pico/pico-sdk/src/rp2_common/pico_standard_link/binary_info.c.obj
 .rodata.crlf_str.3
                0x100052f4        0x2 CMakeFiles/music-box.dir/E_/Projects/VSARM/sdk/pico/pico-sdk/src/rp2_common/pico_stdio/stdio.c.obj
 *fill*         0x100052f6        0x2 
 .rodata.str1.4
                0x100052f8       0x2c CMakeFiles/music-box.dir/E_/Projects/VSARM/sdk/pico/pico-sdk/src/rp2_common/pico_stdio_uart/stdio_uart.c.obj
 .rodata.__bi_28.4
                0x10005324        0xc CMakeFiles/music-box.dir/E_/Projects/VSARM/sdk/pico/pico-sdk/src/rp2_common/pico_stdio_uart/stdio_uart.c.obj
 .rodata.__bi_29.5
                0x10005330        0x8 CMakeFiles/music-box.dir/E_/Projects/VSARM/sdk/pico/pico-sdk/src/rp2_common/pico_stdio_uart/stdio_uart.c.obj
                0x10005338                . = ALIGN (0x4)
 *(SORT_BY_ALIGNMENT(SORT_BY_NAME(.flashdata*)))
                0x10005338                . = ALIGN (0x4)

.rel.dyn        0x10005338        0x0
 .rel.iplt      0x10005338        0x0 e:/projects/vsarm/armcc/11.2 2022.02/bin/../lib/gcc/arm-none-eabi/11.2.1/thumb/v6-m/nofp/crtbegin.o

.ARM.extab
 *(.ARM.extab* .gnu.linkonce.armextab.*)
                0x10005338                __exidx_start = .

.ARM.exidx
 *(.ARM.exidx* .gnu.linkonce.armexidx.*)
                0x10005338                __exidx_end = .
                0x10005338                . = ALIGN (0x4)
                0x10005338                __binary_info_start = .

.binary_info    0x10005338       0x24
 *(.binary_info.keep.*)
 .binary_info.keep.__bi_ptr22
                0x10005338        0x4 CMakeFiles/music-box.dir/E_/Projects/VSARM/sdk/pico/pico-sdk/src/rp2_common/pico_standard_link/binary_info.c.obj
 .binary_info.keep.__bi_ptr30
                0x1000533c        0x4 CMakeFiles/music-box.dir/E_/Projects/VSARM/sdk/pico/pico-sdk/src/rp2_common/pico_standard_link/binary_info.c.obj
 .binary_info.keep.__bi_ptr38
                0x10005340        0x4 CMakeFiles/music-box.dir/E_/Projects/VSARM/sdk/pico/pico-sdk/src/rp2_common/pico_standard_link/binary_info.c.obj
 .binary_info.keep.__bi_ptr44
                0x10005344        0x4 CMakeFiles/music-box.dir/E_/Projects/VSARM/sdk/pico/pico-sdk/src/rp2_common/pico_standard_link/binary_info.c.obj
 .binary_info.keep.__bi_ptr50
                0x10005348        0x4 CMakeFiles/music-box.dir/E_/Projects/VSARM/sdk/pico/pico-sdk/src/rp2_common/pico_standard_link/binary_info.c.obj
 .binary_info.keep.__bi_ptr75
                0x1000534c        0x4 CMakeFiles/music-box.dir/E_/Projects/VSARM/sdk/pico/pico-sdk/src/rp2_common/pico_standard_link/binary_info.c.obj
 .binary_info.keep.__bi_ptr81
                0x10005350        0x4 CMakeFiles/music-box.dir/E_/Projects/VSARM/sdk/pico/pico-sdk/src/rp2_common/pico_standard_link/binary_info.c.obj
 *(.binary_info.*)
 .binary_info.__bi_ptr28
                0x10005354        0x4 CMakeFiles/music-box.dir/E_/Projects/VSARM/sdk/pico/pico-sdk/src/rp2_common/pico_stdio_uart/stdio_uart.c.obj
 .binary_info.__bi_ptr29
                0x10005358        0x4 CMakeFiles/music-box.dir/E_/Projects/VSARM/sdk/pico/pico-sdk/src/rp2_common/pico_stdio_uart/stdio_uart.c.obj
                0x1000535c                __binary_info_end = .
                0x1000535c                . = ALIGN (0x4)
                0x1000535c                __etext = .

.ram_vector_table
                0x20000000       0xc0
 *(.ram_vector_table)
 .ram_vector_table
                0x20000000       0xc0 CMakeFiles/music-box.dir/E_/Projects/VSARM/sdk/pico/pico-sdk/src/rp2_common/pico_runtime/runtime.c.obj
                0x20000000                ram_vector_table

.data           0x200000c0      0x1c0 load address 0x1000535c
                0x200000c0                __data_start__ = .
 *(vtable)
 *(.time_critical*)
 .time_critical.mutex_enter_blocking
                0x200000c0       0x48 CMakeFiles/music-box.dir/E_/Projects/VSARM/sdk/pico/pico-sdk/src/common/pico_sync/mutex.c.obj
                0x200000c0                mutex_enter_blocking
 .time_critical.mutex_try_enter
                0x20000108       0x46 CMakeFiles/music-box.dir/E_/Projects/VSARM/sdk/pico/pico-sdk/src/common/pico_sync/mutex.c.obj
                0x20000108                mutex_try_enter
 *fill*         0x2000014e        0x2 
 .time_critical.mutex_exit
                0x20000150       0x4c CMakeFiles/music-box.dir/E_/Projects/VSARM/sdk/pico/pico-sdk/src/common/pico_sync/mutex.c.obj
                0x20000150                mutex_exit
 *(.text*)
 .text          0x2000019c        0x4 e:/projects/vsarm/armcc/11.2 2022.02/bin/../lib/gcc/arm-none-eabi/11.2.1/thumb/v6-m/nofp\libgcc.a(_dvmd_tls.o)
                0x2000019c                __aeabi_idiv0
                0x2000019c                __aeabi_ldiv0
 .text.__stub   0x200001a0       0x10 linker stubs
                0x200001b0                . = ALIGN (0x4)
 *(.rodata*)
                0x200001b0                . = ALIGN (0x4)
 *(.data*)
 .data.striped_spin_lock_num
                0x200001b0        0x1 CMakeFiles/music-box.dir/E_/Projects/VSARM/sdk/pico/pico-sdk/src/rp2_common/hardware_sync/sync.c.obj
 *fill*         0x200001b1        0x3 
 .data          0x200001b4       0x48 CMakeFiles/music-box.dir/E_/Projects/VSARM/sdk/pico/pico-sdk/src/rp2_common/hardware_irq/irq_handler_chain.S.obj
                0x200001b4                irq_handler_chain_slots
                0x200001e4                irq_handler_chain_first_slot
                0x200001ee                irq_handler_chain_remove_tail
 .data.default_alarm_pool
                0x200001fc       0x18 CMakeFiles/music-box.dir/E_/Projects/VSARM/sdk/pico/pico-sdk/src/common/pico_time/time.c.obj
 .data.default_alarm_pool_heap
                0x20000214       0x10 CMakeFiles/music-box.dir/E_/Projects/VSARM/sdk/pico/pico-sdk/src/common/pico_time/time.c.obj
 *fill*         0x20000224        0xc 
 .data.aeabi_bits_funcs
                0x20000230       0x10 CMakeFiles/music-box.dir/E_/Projects/VSARM/sdk/pico/pico-sdk/src/rp2_common/pico_bit_ops/bit_ops_aeabi.S.obj
                0x20000230                aeabi_bits_funcs
                0x20000240                aeabi_bits_funcs_end
 .data.aeabi_mem_funcs
                0x20000240       0x10 CMakeFiles/music-box.dir/E_/Projects/VSARM/sdk/pico/pico-sdk/src/rp2_common/pico_mem_ops/mem_ops_aeabi.S.obj
                0x20000240                aeabi_mem_funcs
                0x20000250                aeabi_mem_funcs_end
 .data.stdio_uart
                0x20000250       0x14 CMakeFiles/music-box.dir/E_/Projects/VSARM/sdk/pico/pico-sdk/src/rp2_common/pico_stdio_uart/stdio_uart.c.obj
                0x20000250                stdio_uart
                0x20000264                . = ALIGN (0x4)
 *(.after_data.*)
                0x20000264                . = ALIGN (0x4)
                0x20000264                PROVIDE (__mutex_array_start = .)
 *(SORT_BY_NAME(.mutex_array.*))
 *(.mutex_array)
 .mutex_array   0x20000264        0x8 CMakeFiles/music-box.dir/E_/Projects/VSARM/sdk/pico/pico-sdk/src/rp2_common/pico_stdio/stdio.c.obj
                0x2000026c                PROVIDE (__mutex_array_end = .)
                0x2000026c                . = ALIGN (0x4)
                0x2000026c                PROVIDE (__preinit_array_start = .)
 *(SORT_BY_NAME(.preinit_array.*))
 .preinit_array.00001
                0x2000026c        0x4 CMakeFiles/music-box.dir/E_/Projects/VSARM/sdk/pico/pico-sdk/src/rp2_common/pico_mem_ops/mem_ops_aeabi.S.obj
 .preinit_array.00010
                0x20000270        0x4 CMakeFiles/music-box.dir/E_/Projects/VSARM/sdk/pico/pico-sdk/src/rp2_common/pico_bit_ops/bit_ops_aeabi.S.obj
 .preinit_array.00020
                0x20000274        0x4 CMakeFiles/music-box.dir/E_/Projects/VSARM/sdk/pico/pico-sdk/src/rp2_common/pico_double/double_aeabi.S.obj
 .preinit_array.00020
                0x20000278        0x4 CMakeFiles/music-box.dir/E_/Projects/VSARM/sdk/pico/pico-sdk/src/rp2_common/pico_float/float_aeabi.S.obj
 *(.preinit_array)
                0x2000027c                PROVIDE (__preinit_array_end = .)
                0x2000027c                . = ALIGN (0x4)
                0x2000027c                PROVIDE (__init_array_start = .)
 *(SORT_BY_NAME(.init_array.*))
 *(.init_array)
 .init_array    0x2000027c        0x4 e:/projects/vsarm/armcc/11.2 2022.02/bin/../lib/gcc/arm-none-eabi/11.2.1/thumb/v6-m/nofp/crtbegin.o
                0x20000280                PROVIDE (__init_array_end = .)
                0x20000280                . = ALIGN (0x4)
                [!provide]                PROVIDE (__fini_array_start = .)
 *(SORT_BY_NAME(.fini_array.*))
 *(.fini_array)
                [!provide]                PROVIDE (__fini_array_end = .)
 *(.jcr)
                0x20000280                . = ALIGN (0x4)
                0x20000280                __data_end__ = .

.tm_clone_table
                0x20000280        0x0 load address 0x1000551c
 .tm_clone_table
                0x20000280        0x0 e:/projects/vsarm/armcc/11.2 2022.02/bin/../lib/gcc/arm-none-eabi/11.2.1/thumb/v6-m/nofp/crtbegin.o
 .tm_clone_table
                0x20000280        0x0 e:/projects/vsarm/armcc/11.2 2022.02/bin/../lib/gcc/arm-none-eabi/11.2.1/thumb/v6-m/nofp/crtend.o

.igot.plt       0x20000280        0x0 load address 0x1000551c
 .igot.plt      0x20000280        0x0 e:/projects/vsarm/armcc/11.2 2022.02/bin/../lib/gcc/arm-none-eabi/11.2.1/thumb/v6-m/nofp/crtbegin.o

.uninitialized_data
                0x20000280        0x0 load address 0x1000551c
                0x20000280                . = ALIGN (0x4)
 *(.uninitialized_data*)

.scratch_x      0x20040000        0x0 load address 0x1000551c
                0x20040000                __scratch_x_start__ = .
 *(.scratch_x.*)
                0x20040000                . = ALIGN (0x4)
                0x20040000                __scratch_x_end__ = .
                0x1000551c                __scratch_x_source__ = LOADADDR (.scratch_x)

.scratch_y      0x20041000        0x0 load address 0x1000551c
                0x20041000                __scratch_y_start__ = .
 *(.scratch_y.*)
                0x20041000                . = ALIGN (0x4)
                0x20041000                __scratch_y_end__ = .
                0x1000551c                __scratch_y_source__ = LOADADDR (.scratch_y)

.bss            0x20000280      0x3cc
                0x20000280                . = ALIGN (0x4)
                0x20000280                __bss_start__ = .
 *(SORT_BY_ALIGNMENT(SORT_BY_NAME(.bss*)))
 .bss.default_alarm_pool_entries
                0x20000280      0x100 CMakeFiles/music-box.dir/E_/Projects/VSARM/sdk/pico/pico-sdk/src/common/pico_time/time.c.obj
 .bss.alarm_callbacks
                0x20000380       0x10 CMakeFiles/music-box.dir/E_/Projects/VSARM/sdk/pico/pico-sdk/src/rp2_common/hardware_timer/timer.c.obj
 .bss.configured_freq
                0x20000390       0x28 CMakeFiles/music-box.dir/E_/Projects/VSARM/sdk/pico/pico-sdk/src/rp2_common/hardware_clocks/clocks.c.obj
 .bss.default_alarm_pool_entry_ids_high
                0x200003b8       0x10 CMakeFiles/music-box.dir/E_/Projects/VSARM/sdk/pico/pico-sdk/src/common/pico_time/time.c.obj
 .bss.default_alarm_pool_heap_nodes
                0x200003c8       0x30 CMakeFiles/music-box.dir/E_/Projects/VSARM/sdk/pico/pico-sdk/src/common/pico_time/time.c.obj
 .bss.drivers   0x200003f8        0x4 CMakeFiles/music-box.dir/E_/Projects/VSARM/sdk/pico/pico-sdk/src/rp2_common/pico_stdio/stdio.c.obj
 .bss.filter    0x200003fc        0x4 CMakeFiles/music-box.dir/E_/Projects/VSARM/sdk/pico/pico-sdk/src/rp2_common/pico_stdio/stdio.c.obj
 .bss.object.0  0x20000400       0x18 e:/projects/vsarm/armcc/11.2 2022.02/bin/../lib/gcc/arm-none-eabi/11.2.1/thumb/v6-m/nofp/crtbegin.o
 .bss.pools     0x20000418       0x10 CMakeFiles/music-box.dir/E_/Projects/VSARM/sdk/pico/pico-sdk/src/common/pico_time/time.c.obj
 .bss.sd_table  0x20000428      0x100 CMakeFiles/music-box.dir/E_/Projects/VSARM/sdk/pico/pico-sdk/src/rp2_common/pico_double/double_init_rom.c.obj
                0x20000428                sd_table
 .bss.sf_clz_func
                0x20000528        0x4 CMakeFiles/music-box.dir/E_/Projects/VSARM/sdk/pico/pico-sdk/src/rp2_common/pico_double/double_init_rom.c.obj
                0x20000528                sf_clz_func
 .bss.sf_table  0x2000052c      0x100 CMakeFiles/music-box.dir/E_/Projects/VSARM/sdk/pico/pico-sdk/src/rp2_common/pico_float/float_init_rom.c.obj
                0x2000052c                sf_table
 .bss.sleep_notifier
                0x2000062c        0x4 CMakeFiles/music-box.dir/E_/Projects/VSARM/sdk/pico/pico-sdk/src/common/pico_time/time.c.obj
 .bss.target_hi
                0x20000630       0x10 CMakeFiles/music-box.dir/E_/Projects/VSARM/sdk/pico/pico-sdk/src/rp2_common/hardware_timer/timer.c.obj
 .bss.uart_char_to_line_feed
                0x20000640        0x4 CMakeFiles/music-box.dir/E_/Projects/VSARM/sdk/pico/pico-sdk/src/rp2_common/hardware_uart/uart.c.obj
                0x20000640                uart_char_to_line_feed
 .bss.uart_instance
                0x20000644        0x4 CMakeFiles/music-box.dir/E_/Projects/VSARM/sdk/pico/pico-sdk/src/rp2_common/pico_stdio_uart/stdio_uart.c.obj
 .bss.claimed   0x20000648        0x1 CMakeFiles/music-box.dir/E_/Projects/VSARM/sdk/pico/pico-sdk/src/rp2_common/hardware_timer/timer.c.obj
 .bss.irq_hander_chain_free_slot_head
                0x20000649        0x1 CMakeFiles/music-box.dir/E_/Projects/VSARM/sdk/pico/pico-sdk/src/rp2_common/hardware_irq/irq.c.obj
 .bss.timer_callbacks_pending
                0x2000064a        0x1 CMakeFiles/music-box.dir/E_/Projects/VSARM/sdk/pico/pico-sdk/src/rp2_common/hardware_timer/timer.c.obj
 *(COMMON)
                0x2000064c                . = ALIGN (0x4)
 *fill*         0x2000064b        0x1 
                0x2000064c                __bss_end__ = .

.heap           0x2000064c      0x800
                0x2000064c                __end__ = .
                0x2000064c                end = __end__
 *(.heap*)
 .heap          0x2000064c      0x800 CMakeFiles/music-box.dir/E_/Projects/VSARM/sdk/pico/pico-sdk/src/rp2_common/pico_standard_link/crt0.S.obj
                0x20000e4c                __HeapLimit = .

.stack1_dummy   0x20040000        0x0
 *(.stack1*)

.stack_dummy    0x20041000      0x800
 *(.stack*)
 .stack         0x20041000      0x800 CMakeFiles/music-box.dir/E_/Projects/VSARM/sdk/pico/pico-sdk/src/rp2_common/pico_standard_link/crt0.S.obj

.flash_end      0x1000551c        0x0
                0x1000551c                __flash_binary_end = .
                0x20040000                __StackLimit = (ORIGIN (RAM) + LENGTH (RAM))
                0x20041000                __StackOneTop = (ORIGIN (SCRATCH_X) + LENGTH (SCRATCH_X))
                0x20042000                __StackTop = (ORIGIN (SCRATCH_Y) + LENGTH (SCRATCH_Y))
                0x20041000                __StackOneBottom = (__StackOneTop - SIZEOF (.stack1_dummy))
                0x20041800                __StackBottom = (__StackTop - SIZEOF (.stack_dummy))
                0x20042000                PROVIDE (__stack = __StackTop)
                0x00000001                ASSERT ((__StackLimit >= __HeapLimit), region RAM overflowed)
                0x00000001                ASSERT (((__binary_info_header_end - __logical_binary_start) <= 0x100), Binary info must be in first 256 bytes of the binary)
LOAD CMakeFiles/music-box.dir/main.c.obj
LOAD CMakeFiles/music-box.dir/E_/Projects/VSARM/sdk/pico/pico-sdk/src/rp2_common/pico_stdlib/stdlib.c.obj
LOAD CMakeFiles/music-box.dir/E_/Projects/VSARM/sdk/pico/pico-sdk/src/rp2_common/hardware_gpio/gpio.c.obj
LOAD CMakeFiles/music-box.dir/E_/Projects/VSARM/sdk/pico/pico-sdk/src/rp2_common/hardware_claim/claim.c.obj
LOAD CMakeFiles/music-box.dir/E_/Projects/VSARM/sdk/pico/pico-sdk/src/rp2_common/pico_platform/platform.c.obj
LOAD CMakeFiles/music-box.dir/E_/Projects/VSARM/sdk/pico/pico-sdk/src/rp2_common/hardware_sync/sync.c.obj
LOAD CMakeFiles/music-box.dir/E_/Projects/VSARM/sdk/pico/pico-sdk/src/rp2_common/hardware_irq/irq.c.obj
LOAD CMakeFiles/music-box.dir/E_/Projects/VSARM/sdk/pico/pico-sdk/src/rp2_common/hardware_irq/irq_handler_chain.S.obj
LOAD CMakeFiles/music-box.dir/E_/Projects/VSARM/sdk/pico/pico-sdk/src/common/pico_sync/sem.c.obj
LOAD CMakeFiles/music-box.dir/E_/Projects/VSARM/sdk/pico/pico-sdk/src/common/pico_sync/lock_core.c.obj
LOAD CMakeFiles/music-box.dir/E_/Projects/VSARM/sdk/pico/pico-sdk/src/common/pico_time/time.c.obj
LOAD CMakeFiles/music-box.dir/E_/Projects/VSARM/sdk/pico/pico-sdk/src/common/pico_time/timeout_helper.c.obj
LOAD CMakeFiles/music-box.dir/E_/Projects/VSARM/sdk/pico/pico-sdk/src/rp2_common/hardware_timer/timer.c.obj
LOAD CMakeFiles/music-box.dir/E_/Projects/VSARM/sdk/pico/pico-sdk/src/common/pico_util/datetime.c.obj
LOAD CMakeFiles/music-box.dir/E_/Projects/VSARM/sdk/pico/pico-sdk/src/common/pico_util/pheap.c.obj
LOAD CMakeFiles/music-box.dir/E_/Projects/VSARM/sdk/pico/pico-sdk/src/common/pico_util/queue.c.obj
LOAD CMakeFiles/music-box.dir/E_/Projects/VSARM/sdk/pico/pico-sdk/src/common/pico_sync/mutex.c.obj
LOAD CMakeFiles/music-box.dir/E_/Projects/VSARM/sdk/pico/pico-sdk/src/common/pico_sync/critical_section.c.obj
LOAD CMakeFiles/music-box.dir/E_/Projects/VSARM/sdk/pico/pico-sdk/src/rp2_common/hardware_uart/uart.c.obj
LOAD CMakeFiles/music-box.dir/E_/Projects/VSARM/sdk/pico/pico-sdk/src/rp2_common/hardware_divider/divider.S.obj
LOAD CMakeFiles/music-box.dir/E_/Projects/VSARM/sdk/pico/pico-sdk/src/rp2_common/pico_runtime/runtime.c.obj
LOAD CMakeFiles/music-box.dir/E_/Projects/VSARM/sdk/pico/pico-sdk/src/rp2_common/hardware_clocks/clocks.c.obj
LOAD CMakeFiles/music-box.dir/E_/Projects/VSARM/sdk/pico/pico-sdk/src/rp2_common/hardware_pll/pll.c.obj
LOAD CMakeFiles/music-box.dir/E_/Projects/VSARM/sdk/pico/pico-sdk/src/rp2_common/hardware_vreg/vreg.c.obj
LOAD CMakeFiles/music-box.dir/E_/Projects/VSARM/sdk/pico/pico-sdk/src/rp2_common/hardware_watchdog/watchdog.c.obj
LOAD CMakeFiles/music-box.dir/E_/Projects/VSARM/sdk/pico/pico-sdk/src/rp2_common/hardware_xosc/xosc.c.obj
LOAD CMakeFiles/music-box.dir/E_/Projects/VSARM/sdk/pico/pico-sdk/src/rp2_common/pico_printf/printf.c.obj
LOAD CMakeFiles/music-box.dir/E_/Projects/VSARM/sdk/pico/pico-sdk/src/rp2_common/pico_bit_ops/bit_ops_aeabi.S.obj
LOAD CMakeFiles/music-box.dir/E_/Projects/VSARM/sdk/pico/pico-sdk/src/rp2_common/pico_bootrom/bootrom.c.obj
LOAD CMakeFiles/music-box.dir/E_/Projects/VSARM/sdk/pico/pico-sdk/src/rp2_common/pico_divider/divider.S.obj
LOAD CMakeFiles/music-box.dir/E_/Projects/VSARM/sdk/pico/pico-sdk/src/rp2_common/pico_double/double_aeabi.S.obj
LOAD CMakeFiles/music-box.dir/E_/Projects/VSARM/sdk/pico/pico-sdk/src/rp2_common/pico_double/double_init_rom.c.obj
LOAD CMakeFiles/music-box.dir/E_/Projects/VSARM/sdk/pico/pico-sdk/src/rp2_common/pico_double/double_math.c.obj
LOAD CMakeFiles/music-box.dir/E_/Projects/VSARM/sdk/pico/pico-sdk/src/rp2_common/pico_double/double_v1_rom_shim.S.obj
LOAD CMakeFiles/music-box.dir/E_/Projects/VSARM/sdk/pico/pico-sdk/src/rp2_common/pico_int64_ops/pico_int64_ops_aeabi.S.obj
LOAD CMakeFiles/music-box.dir/E_/Projects/VSARM/sdk/pico/pico-sdk/src/rp2_common/pico_float/float_aeabi.S.obj
LOAD CMakeFiles/music-box.dir/E_/Projects/VSARM/sdk/pico/pico-sdk/src/rp2_common/pico_float/float_init_rom.c.obj
LOAD CMakeFiles/music-box.dir/E_/Projects/VSARM/sdk/pico/pico-sdk/src/rp2_common/pico_float/float_math.c.obj
LOAD CMakeFiles/music-box.dir/E_/Projects/VSARM/sdk/pico/pico-sdk/src/rp2_common/pico_float/float_v1_rom_shim.S.obj
LOAD CMakeFiles/music-box.dir/E_/Projects/VSARM/sdk/pico/pico-sdk/src/rp2_common/pico_malloc/pico_malloc.c.obj
LOAD CMakeFiles/music-box.dir/E_/Projects/VSARM/sdk/pico/pico-sdk/src/rp2_common/pico_mem_ops/mem_ops_aeabi.S.obj
LOAD CMakeFiles/music-box.dir/E_/Projects/VSARM/sdk/pico/pico-sdk/src/rp2_common/pico_standard_link/crt0.S.obj
LOAD CMakeFiles/music-box.dir/E_/Projects/VSARM/sdk/pico/pico-sdk/src/rp2_common/pico_standard_link/new_delete.cpp.obj
LOAD CMakeFiles/music-box.dir/E_/Projects/VSARM/sdk/pico/pico-sdk/src/rp2_common/pico_standard_link/binary_info.c.obj
LOAD CMakeFiles/music-box.dir/E_/Projects/VSARM/sdk/pico/pico-sdk/src/rp2_common/pico_stdio/stdio.c.obj
LOAD CMakeFiles/music-box.dir/E_/Projects/VSARM/sdk/pico/pico-sdk/src/rp2_common/pico_stdio_uart/stdio_uart.c.obj
LOAD C:\Users\JAMESR~1\AppData\Local\Temp\ccsNHq9g.o
LOAD e:/projects/vsarm/armcc/11.2 2022.02/bin/../lib/gcc/arm-none-eabi/11.2.1/thumb/v6-m/nofp\libstdc++.a
LOAD e:/projects/vsarm/armcc/11.2 2022.02/bin/../lib/gcc/arm-none-eabi/11.2.1/thumb/v6-m/nofp\libm.a
START GROUP
LOAD e:/projects/vsarm/armcc/11.2 2022.02/bin/../lib/gcc/arm-none-eabi/11.2.1/thumb/v6-m/nofp\libgcc.a
LOAD e:/projects/vsarm/armcc/11.2 2022.02/bin/../lib/gcc/arm-none-eabi/11.2.1/thumb/v6-m/nofp\libg.a
LOAD e:/projects/vsarm/armcc/11.2 2022.02/bin/../lib/gcc/arm-none-eabi/11.2.1/thumb/v6-m/nofp\libc.a
END GROUP
START GROUP
LOAD e:/projects/vsarm/armcc/11.2 2022.02/bin/../lib/gcc/arm-none-eabi/11.2.1/thumb/v6-m/nofp\libgcc.a
LOAD e:/projects/vsarm/armcc/11.2 2022.02/bin/../lib/gcc/arm-none-eabi/11.2.1/thumb/v6-m/nofp\libc.a
LOAD e:/projects/vsarm/armcc/11.2 2022.02/bin/../lib/gcc/arm-none-eabi/11.2.1/thumb/v6-m/nofp\libnosys.a
END GROUP
LOAD e:/projects/vsarm/armcc/11.2 2022.02/bin/../lib/gcc/arm-none-eabi/11.2.1/thumb/v6-m/nofp/crtend.o
LOAD e:/projects/vsarm/armcc/11.2 2022.02/bin/../lib/gcc/arm-none-eabi/11.2.1/thumb/v6-m/nofp/crtn.o
OUTPUT(music-box.elf elf32-littlearm)
LOAD linker stubs

.ARM.attributes
                0x00000000       0x28
 .ARM.attributes
                0x00000000       0x1e e:/projects/vsarm/armcc/11.2 2022.02/bin/../lib/gcc/arm-none-eabi/11.2.1/thumb/v6-m/nofp/crti.o
 .ARM.attributes
                0x0000001e       0x2c e:/projects/vsarm/armcc/11.2 2022.02/bin/../lib/gcc/arm-none-eabi/11.2.1/thumb/v6-m/nofp/crtbegin.o
 .ARM.attributes
                0x0000004a       0x2c CMakeFiles/music-box.dir/main.c.obj
 .ARM.attributes
                0x00000076       0x2c CMakeFiles/music-box.dir/E_/Projects/VSARM/sdk/pico/pico-sdk/src/rp2_common/hardware_gpio/gpio.c.obj
 .ARM.attributes
                0x000000a2       0x2c CMakeFiles/music-box.dir/E_/Projects/VSARM/sdk/pico/pico-sdk/src/rp2_common/hardware_claim/claim.c.obj
 .ARM.attributes
                0x000000ce       0x2c CMakeFiles/music-box.dir/E_/Projects/VSARM/sdk/pico/pico-sdk/src/rp2_common/pico_platform/platform.c.obj
 .ARM.attributes
                0x000000fa       0x2c CMakeFiles/music-box.dir/E_/Projects/VSARM/sdk/pico/pico-sdk/src/rp2_common/hardware_sync/sync.c.obj
 .ARM.attributes
                0x00000126       0x2c CMakeFiles/music-box.dir/E_/Projects/VSARM/sdk/pico/pico-sdk/src/rp2_common/hardware_irq/irq.c.obj
 .ARM.attributes
                0x00000152       0x22 CMakeFiles/music-box.dir/E_/Projects/VSARM/sdk/pico/pico-sdk/src/rp2_common/hardware_irq/irq_handler_chain.S.obj
 .ARM.attributes
                0x00000174       0x2c CMakeFiles/music-box.dir/E_/Projects/VSARM/sdk/pico/pico-sdk/src/common/pico_sync/lock_core.c.obj
 .ARM.attributes
                0x000001a0       0x2c CMakeFiles/music-box.dir/E_/Projects/VSARM/sdk/pico/pico-sdk/src/common/pico_time/time.c.obj
 .ARM.attributes
                0x000001cc       0x2c CMakeFiles/music-box.dir/E_/Projects/VSARM/sdk/pico/pico-sdk/src/rp2_common/hardware_timer/timer.c.obj
 .ARM.attributes
                0x000001f8       0x2c CMakeFiles/music-box.dir/E_/Projects/VSARM/sdk/pico/pico-sdk/src/common/pico_util/pheap.c.obj
 .ARM.attributes
                0x00000224       0x2c CMakeFiles/music-box.dir/E_/Projects/VSARM/sdk/pico/pico-sdk/src/common/pico_sync/mutex.c.obj
 .ARM.attributes
                0x00000250       0x2c CMakeFiles/music-box.dir/E_/Projects/VSARM/sdk/pico/pico-sdk/src/rp2_common/hardware_uart/uart.c.obj
 .ARM.attributes
                0x0000027c       0x2c CMakeFiles/music-box.dir/E_/Projects/VSARM/sdk/pico/pico-sdk/src/rp2_common/pico_runtime/runtime.c.obj
 .ARM.attributes
                0x000002a8       0x2c CMakeFiles/music-box.dir/E_/Projects/VSARM/sdk/pico/pico-sdk/src/rp2_common/hardware_clocks/clocks.c.obj
 .ARM.attributes
                0x000002d4       0x2c CMakeFiles/music-box.dir/E_/Projects/VSARM/sdk/pico/pico-sdk/src/rp2_common/hardware_pll/pll.c.obj
 .ARM.attributes
                0x00000300       0x2c CMakeFiles/music-box.dir/E_/Projects/VSARM/sdk/pico/pico-sdk/src/rp2_common/hardware_watchdog/watchdog.c.obj
 .ARM.attributes
                0x0000032c       0x2c CMakeFiles/music-box.dir/E_/Projects/VSARM/sdk/pico/pico-sdk/src/rp2_common/hardware_xosc/xosc.c.obj
 .ARM.attributes
                0x00000358       0x2c CMakeFiles/music-box.dir/E_/Projects/VSARM/sdk/pico/pico-sdk/src/rp2_common/pico_printf/printf.c.obj
 .ARM.attributes
                0x00000384       0x22 CMakeFiles/music-box.dir/E_/Projects/VSARM/sdk/pico/pico-sdk/src/rp2_common/pico_bit_ops/bit_ops_aeabi.S.obj
 .ARM.attributes
                0x000003a6       0x2c CMakeFiles/music-box.dir/E_/Projects/VSARM/sdk/pico/pico-sdk/src/rp2_common/pico_bootrom/bootrom.c.obj
 .ARM.attributes
                0x000003d2       0x22 CMakeFiles/music-box.dir/E_/Projects/VSARM/sdk/pico/pico-sdk/src/rp2_common/pico_divider/divider.S.obj
 .ARM.attributes
                0x000003f4       0x22 CMakeFiles/music-box.dir/E_/Projects/VSARM/sdk/pico/pico-sdk/src/rp2_common/pico_double/double_aeabi.S.obj
 .ARM.attributes
                0x00000416       0x2c CMakeFiles/music-box.dir/E_/Projects/VSARM/sdk/pico/pico-sdk/src/rp2_common/pico_double/double_init_rom.c.obj
 .ARM.attributes
                0x00000442       0x22 CMakeFiles/music-box.dir/E_/Projects/VSARM/sdk/pico/pico-sdk/src/rp2_common/pico_double/double_v1_rom_shim.S.obj
 .ARM.attributes
                0x00000464       0x22 CMakeFiles/music-box.dir/E_/Projects/VSARM/sdk/pico/pico-sdk/src/rp2_common/pico_int64_ops/pico_int64_ops_aeabi.S.obj
 .ARM.attributes
                0x00000486       0x22 CMakeFiles/music-box.dir/E_/Projects/VSARM/sdk/pico/pico-sdk/src/rp2_common/pico_float/float_aeabi.S.obj
 .ARM.attributes
                0x000004a8       0x2c CMakeFiles/music-box.dir/E_/Projects/VSARM/sdk/pico/pico-sdk/src/rp2_common/pico_float/float_init_rom.c.obj
 .ARM.attributes
                0x000004d4       0x22 CMakeFiles/music-box.dir/E_/Projects/VSARM/sdk/pico/pico-sdk/src/rp2_common/pico_float/float_v1_rom_shim.S.obj
 .ARM.attributes
                0x000004f6       0x22 CMakeFiles/music-box.dir/E_/Projects/VSARM/sdk/pico/pico-sdk/src/rp2_common/pico_mem_ops/mem_ops_aeabi.S.obj
 .ARM.attributes
                0x00000518       0x22 CMakeFiles/music-box.dir/E_/Projects/VSARM/sdk/pico/pico-sdk/src/rp2_common/pico_standard_link/crt0.S.obj
 .ARM.attributes
                0x0000053a       0x2c CMakeFiles/music-box.dir/E_/Projects/VSARM/sdk/pico/pico-sdk/src/rp2_common/pico_standard_link/binary_info.c.obj
 .ARM.attributes
                0x00000566       0x2c CMakeFiles/music-box.dir/E_/Projects/VSARM/sdk/pico/pico-sdk/src/rp2_common/pico_stdio/stdio.c.obj
 .ARM.attributes
                0x00000592       0x2c CMakeFiles/music-box.dir/E_/Projects/VSARM/sdk/pico/pico-sdk/src/rp2_common/pico_stdio_uart/stdio_uart.c.obj
 .ARM.attributes
                0x000005be       0x22 C:\Users\JAMESR~1\AppData\Local\Temp\ccsNHq9g.o
 .ARM.attributes
                0x000005e0       0x1e e:/projects/vsarm/armcc/11.2 2022.02/bin/../lib/gcc/arm-none-eabi/11.2.1/thumb/v6-m/nofp\libgcc.a(_dvmd_tls.o)
 .ARM.attributes
                0x000005fe       0x2c e:/projects/vsarm/armcc/11.2 2022.02/bin/../lib/gcc/arm-none-eabi/11.2.1/thumb/v6-m/nofp\libg.a(lib_a-strlen-stub.o)
 .ARM.attributes
                0x0000062a       0x2c e:/projects/vsarm/armcc/11.2 2022.02/bin/../lib/gcc/arm-none-eabi/11.2.1/thumb/v6-m/nofp/crtend.o

.comment        0x00000000       0x57
 .comment       0x00000000       0x57 e:/projects/vsarm/armcc/11.2 2022.02/bin/../lib/gcc/arm-none-eabi/11.2.1/thumb/v6-m/nofp/crtbegin.o
                                 0x58 (size before relaxing)
 .comment       0x00000057       0x58 CMakeFiles/music-box.dir/main.c.obj
 .comment       0x00000057       0x58 CMakeFiles/music-box.dir/E_/Projects/VSARM/sdk/pico/pico-sdk/src/rp2_common/hardware_gpio/gpio.c.obj
 .comment       0x00000057       0x58 CMakeFiles/music-box.dir/E_/Projects/VSARM/sdk/pico/pico-sdk/src/rp2_common/hardware_claim/claim.c.obj
 .comment       0x00000057       0x58 CMakeFiles/music-box.dir/E_/Projects/VSARM/sdk/pico/pico-sdk/src/rp2_common/pico_platform/platform.c.obj
 .comment       0x00000057       0x58 CMakeFiles/music-box.dir/E_/Projects/VSARM/sdk/pico/pico-sdk/src/rp2_common/hardware_sync/sync.c.obj
 .comment       0x00000057       0x58 CMakeFiles/music-box.dir/E_/Projects/VSARM/sdk/pico/pico-sdk/src/rp2_common/hardware_irq/irq.c.obj
 .comment       0x00000057       0x58 CMakeFiles/music-box.dir/E_/Projects/VSARM/sdk/pico/pico-sdk/src/common/pico_sync/lock_core.c.obj
 .comment       0x00000057       0x58 CMakeFiles/music-box.dir/E_/Projects/VSARM/sdk/pico/pico-sdk/src/common/pico_time/time.c.obj
 .comment       0x00000057       0x58 CMakeFiles/music-box.dir/E_/Projects/VSARM/sdk/pico/pico-sdk/src/rp2_common/hardware_timer/timer.c.obj
 .comment       0x00000057       0x58 CMakeFiles/music-box.dir/E_/Projects/VSARM/sdk/pico/pico-sdk/src/common/pico_util/pheap.c.obj
 .comment       0x00000057       0x58 CMakeFiles/music-box.dir/E_/Projects/VSARM/sdk/pico/pico-sdk/src/common/pico_sync/mutex.c.obj
 .comment       0x00000057       0x58 CMakeFiles/music-box.dir/E_/Projects/VSARM/sdk/pico/pico-sdk/src/rp2_common/hardware_uart/uart.c.obj
 .comment       0x00000057       0x58 CMakeFiles/music-box.dir/E_/Projects/VSARM/sdk/pico/pico-sdk/src/rp2_common/pico_runtime/runtime.c.obj
 .comment       0x00000057       0x58 CMakeFiles/music-box.dir/E_/Projects/VSARM/sdk/pico/pico-sdk/src/rp2_common/hardware_clocks/clocks.c.obj
 .comment       0x00000057       0x58 CMakeFiles/music-box.dir/E_/Projects/VSARM/sdk/pico/pico-sdk/src/rp2_common/hardware_pll/pll.c.obj
 .comment       0x00000057       0x58 CMakeFiles/music-box.dir/E_/Projects/VSARM/sdk/pico/pico-sdk/src/rp2_common/hardware_watchdog/watchdog.c.obj
 .comment       0x00000057       0x58 CMakeFiles/music-box.dir/E_/Projects/VSARM/sdk/pico/pico-sdk/src/rp2_common/hardware_xosc/xosc.c.obj
 .comment       0x00000057       0x58 CMakeFiles/music-box.dir/E_/Projects/VSARM/sdk/pico/pico-sdk/src/rp2_common/pico_printf/printf.c.obj
 .comment       0x00000057       0x58 CMakeFiles/music-box.dir/E_/Projects/VSARM/sdk/pico/pico-sdk/src/rp2_common/pico_bootrom/bootrom.c.obj
 .comment       0x00000057       0x58 CMakeFiles/music-box.dir/E_/Projects/VSARM/sdk/pico/pico-sdk/src/rp2_common/pico_double/double_init_rom.c.obj
 .comment       0x00000057       0x58 CMakeFiles/music-box.dir/E_/Projects/VSARM/sdk/pico/pico-sdk/src/rp2_common/pico_float/float_init_rom.c.obj
 .comment       0x00000057       0x58 CMakeFiles/music-box.dir/E_/Projects/VSARM/sdk/pico/pico-sdk/src/rp2_common/pico_standard_link/binary_info.c.obj
 .comment       0x00000057       0x58 CMakeFiles/music-box.dir/E_/Projects/VSARM/sdk/pico/pico-sdk/src/rp2_common/pico_stdio/stdio.c.obj
 .comment       0x00000057       0x58 CMakeFiles/music-box.dir/E_/Projects/VSARM/sdk/pico/pico-sdk/src/rp2_common/pico_stdio_uart/stdio_uart.c.obj
 .comment       0x00000057       0x58 e:/projects/vsarm/armcc/11.2 2022.02/bin/../lib/gcc/arm-none-eabi/11.2.1/thumb/v6-m/nofp\libg.a(lib_a-strlen-stub.o)
 .comment       0x00000057       0x58 e:/projects/vsarm/armcc/11.2 2022.02/bin/../lib/gcc/arm-none-eabi/11.2.1/thumb/v6-m/nofp/crtend.o

.debug_info     0x00000000    0x144cf
 .debug_info    0x00000000      0xab1 CMakeFiles/music-box.dir/main.c.obj
 .debug_info    0x00000ab1     0x166e CMakeFiles/music-box.dir/E_/Projects/VSARM/sdk/pico/pico-sdk/src/rp2_common/hardware_gpio/gpio.c.obj
 .debug_info    0x0000211f      0x69a CMakeFiles/music-box.dir/E_/Projects/VSARM/sdk/pico/pico-sdk/src/rp2_common/hardware_claim/claim.c.obj
 .debug_info    0x000027b9      0x1fb CMakeFiles/music-box.dir/E_/Projects/VSARM/sdk/pico/pico-sdk/src/rp2_common/pico_platform/platform.c.obj
 .debug_info    0x000029b4      0x5db CMakeFiles/music-box.dir/E_/Projects/VSARM/sdk/pico/pico-sdk/src/rp2_common/hardware_sync/sync.c.obj
 .debug_info    0x00002f8f     0x1c39 CMakeFiles/music-box.dir/E_/Projects/VSARM/sdk/pico/pico-sdk/src/rp2_common/hardware_irq/irq.c.obj
 .debug_info    0x00004bc8      0x1a3 CMakeFiles/music-box.dir/E_/Projects/VSARM/sdk/pico/pico-sdk/src/common/pico_sync/lock_core.c.obj
 .debug_info    0x00004d6b     0x3c01 CMakeFiles/music-box.dir/E_/Projects/VSARM/sdk/pico/pico-sdk/src/common/pico_time/time.c.obj
 .debug_info    0x0000896c     0x115e CMakeFiles/music-box.dir/E_/Projects/VSARM/sdk/pico/pico-sdk/src/rp2_common/hardware_timer/timer.c.obj
 .debug_info    0x00009aca     0x1223 CMakeFiles/music-box.dir/E_/Projects/VSARM/sdk/pico/pico-sdk/src/common/pico_util/pheap.c.obj
 .debug_info    0x0000aced     0x2055 CMakeFiles/music-box.dir/E_/Projects/VSARM/sdk/pico/pico-sdk/src/common/pico_sync/mutex.c.obj
 .debug_info    0x0000cd42      0xb20 CMakeFiles/music-box.dir/E_/Projects/VSARM/sdk/pico/pico-sdk/src/rp2_common/hardware_uart/uart.c.obj
 .debug_info    0x0000d862      0xa56 CMakeFiles/music-box.dir/E_/Projects/VSARM/sdk/pico/pico-sdk/src/rp2_common/pico_runtime/runtime.c.obj
 .debug_info    0x0000e2b8      0xf78 CMakeFiles/music-box.dir/E_/Projects/VSARM/sdk/pico/pico-sdk/src/rp2_common/hardware_clocks/clocks.c.obj
 .debug_info    0x0000f230      0x534 CMakeFiles/music-box.dir/E_/Projects/VSARM/sdk/pico/pico-sdk/src/rp2_common/hardware_pll/pll.c.obj
 .debug_info    0x0000f764      0x4c5 CMakeFiles/music-box.dir/E_/Projects/VSARM/sdk/pico/pico-sdk/src/rp2_common/hardware_watchdog/watchdog.c.obj
 .debug_info    0x0000fc29      0x1c7 CMakeFiles/music-box.dir/E_/Projects/VSARM/sdk/pico/pico-sdk/src/rp2_common/hardware_xosc/xosc.c.obj
 .debug_info    0x0000fdf0     0x19b1 CMakeFiles/music-box.dir/E_/Projects/VSARM/sdk/pico/pico-sdk/src/rp2_common/pico_printf/printf.c.obj
 .debug_info    0x000117a1       0x23 CMakeFiles/music-box.dir/E_/Projects/VSARM/sdk/pico/pico-sdk/src/rp2_common/pico_bit_ops/bit_ops_aeabi.S.obj
 .debug_info    0x000117c4      0x26d CMakeFiles/music-box.dir/E_/Projects/VSARM/sdk/pico/pico-sdk/src/rp2_common/pico_bootrom/bootrom.c.obj
 .debug_info    0x00011a31       0x23 CMakeFiles/music-box.dir/E_/Projects/VSARM/sdk/pico/pico-sdk/src/rp2_common/pico_divider/divider.S.obj
 .debug_info    0x00011a54       0x23 CMakeFiles/music-box.dir/E_/Projects/VSARM/sdk/pico/pico-sdk/src/rp2_common/pico_double/double_aeabi.S.obj
 .debug_info    0x00011a77      0x33f CMakeFiles/music-box.dir/E_/Projects/VSARM/sdk/pico/pico-sdk/src/rp2_common/pico_double/double_init_rom.c.obj
 .debug_info    0x00011db6       0x23 CMakeFiles/music-box.dir/E_/Projects/VSARM/sdk/pico/pico-sdk/src/rp2_common/pico_double/double_v1_rom_shim.S.obj
 .debug_info    0x00011dd9       0x24 CMakeFiles/music-box.dir/E_/Projects/VSARM/sdk/pico/pico-sdk/src/rp2_common/pico_int64_ops/pico_int64_ops_aeabi.S.obj
 .debug_info    0x00011dfd       0x23 CMakeFiles/music-box.dir/E_/Projects/VSARM/sdk/pico/pico-sdk/src/rp2_common/pico_float/float_aeabi.S.obj
 .debug_info    0x00011e20      0x34f CMakeFiles/music-box.dir/E_/Projects/VSARM/sdk/pico/pico-sdk/src/rp2_common/pico_float/float_init_rom.c.obj
 .debug_info    0x0001216f       0x23 CMakeFiles/music-box.dir/E_/Projects/VSARM/sdk/pico/pico-sdk/src/rp2_common/pico_float/float_v1_rom_shim.S.obj
 .debug_info    0x00012192       0x23 CMakeFiles/music-box.dir/E_/Projects/VSARM/sdk/pico/pico-sdk/src/rp2_common/pico_mem_ops/mem_ops_aeabi.S.obj
 .debug_info    0x000121b5       0x23 CMakeFiles/music-box.dir/E_/Projects/VSARM/sdk/pico/pico-sdk/src/rp2_common/pico_standard_link/crt0.S.obj
 .debug_info    0x000121d8      0x2b3 CMakeFiles/music-box.dir/E_/Projects/VSARM/sdk/pico/pico-sdk/src/rp2_common/pico_standard_link/binary_info.c.obj
 .debug_info    0x0001248b     0x12ff CMakeFiles/music-box.dir/E_/Projects/VSARM/sdk/pico/pico-sdk/src/rp2_common/pico_stdio/stdio.c.obj
 .debug_info    0x0001378a      0xc36 CMakeFiles/music-box.dir/E_/Projects/VSARM/sdk/pico/pico-sdk/src/rp2_common/pico_stdio_uart/stdio_uart.c.obj
 .debug_info    0x000143c0       0x24 e:/projects/vsarm/armcc/11.2 2022.02/bin/../lib/gcc/arm-none-eabi/11.2.1/thumb/v6-m/nofp\libgcc.a(_dvmd_tls.o)
 .debug_info    0x000143e4       0xeb e:/projects/vsarm/armcc/11.2 2022.02/bin/../lib/gcc/arm-none-eabi/11.2.1/thumb/v6-m/nofp\libg.a(lib_a-strlen-stub.o)

.debug_abbrev   0x00000000     0x4559
 .debug_abbrev  0x00000000      0x2e9 CMakeFiles/music-box.dir/main.c.obj
 .debug_abbrev  0x000002e9      0x34c CMakeFiles/music-box.dir/E_/Projects/VSARM/sdk/pico/pico-sdk/src/rp2_common/hardware_gpio/gpio.c.obj
 .debug_abbrev  0x00000635      0x2d0 CMakeFiles/music-box.dir/E_/Projects/VSARM/sdk/pico/pico-sdk/src/rp2_common/hardware_claim/claim.c.obj
 .debug_abbrev  0x00000905       0xf8 CMakeFiles/music-box.dir/E_/Projects/VSARM/sdk/pico/pico-sdk/src/rp2_common/pico_platform/platform.c.obj
 .debug_abbrev  0x000009fd      0x249 CMakeFiles/music-box.dir/E_/Projects/VSARM/sdk/pico/pico-sdk/src/rp2_common/hardware_sync/sync.c.obj
 .debug_abbrev  0x00000c46      0x53e CMakeFiles/music-box.dir/E_/Projects/VSARM/sdk/pico/pico-sdk/src/rp2_common/hardware_irq/irq.c.obj
 .debug_abbrev  0x00001184      0x116 CMakeFiles/music-box.dir/E_/Projects/VSARM/sdk/pico/pico-sdk/src/common/pico_sync/lock_core.c.obj
 .debug_abbrev  0x0000129a      0x5e8 CMakeFiles/music-box.dir/E_/Projects/VSARM/sdk/pico/pico-sdk/src/common/pico_time/time.c.obj
 .debug_abbrev  0x00001882      0x3c1 CMakeFiles/music-box.dir/E_/Projects/VSARM/sdk/pico/pico-sdk/src/rp2_common/hardware_timer/timer.c.obj
 .debug_abbrev  0x00001c43      0x2c9 CMakeFiles/music-box.dir/E_/Projects/VSARM/sdk/pico/pico-sdk/src/common/pico_util/pheap.c.obj
 .debug_abbrev  0x00001f0c      0x3dc CMakeFiles/music-box.dir/E_/Projects/VSARM/sdk/pico/pico-sdk/src/common/pico_sync/mutex.c.obj
 .debug_abbrev  0x000022e8      0x2e3 CMakeFiles/music-box.dir/E_/Projects/VSARM/sdk/pico/pico-sdk/src/rp2_common/hardware_uart/uart.c.obj
 .debug_abbrev  0x000025cb      0x3e5 CMakeFiles/music-box.dir/E_/Projects/VSARM/sdk/pico/pico-sdk/src/rp2_common/pico_runtime/runtime.c.obj
 .debug_abbrev  0x000029b0      0x415 CMakeFiles/music-box.dir/E_/Projects/VSARM/sdk/pico/pico-sdk/src/rp2_common/hardware_clocks/clocks.c.obj
 .debug_abbrev  0x00002dc5      0x1e7 CMakeFiles/music-box.dir/E_/Projects/VSARM/sdk/pico/pico-sdk/src/rp2_common/hardware_pll/pll.c.obj
 .debug_abbrev  0x00002fac      0x1a8 CMakeFiles/music-box.dir/E_/Projects/VSARM/sdk/pico/pico-sdk/src/rp2_common/hardware_watchdog/watchdog.c.obj
 .debug_abbrev  0x00003154      0x10c CMakeFiles/music-box.dir/E_/Projects/VSARM/sdk/pico/pico-sdk/src/rp2_common/hardware_xosc/xosc.c.obj
 .debug_abbrev  0x00003260      0x38a CMakeFiles/music-box.dir/E_/Projects/VSARM/sdk/pico/pico-sdk/src/rp2_common/pico_printf/printf.c.obj
 .debug_abbrev  0x000035ea       0x12 CMakeFiles/music-box.dir/E_/Projects/VSARM/sdk/pico/pico-sdk/src/rp2_common/pico_bit_ops/bit_ops_aeabi.S.obj
 .debug_abbrev  0x000035fc      0x139 CMakeFiles/music-box.dir/E_/Projects/VSARM/sdk/pico/pico-sdk/src/rp2_common/pico_bootrom/bootrom.c.obj
 .debug_abbrev  0x00003735       0x12 CMakeFiles/music-box.dir/E_/Projects/VSARM/sdk/pico/pico-sdk/src/rp2_common/pico_divider/divider.S.obj
 .debug_abbrev  0x00003747       0x12 CMakeFiles/music-box.dir/E_/Projects/VSARM/sdk/pico/pico-sdk/src/rp2_common/pico_double/double_aeabi.S.obj
 .debug_abbrev  0x00003759      0x1ba CMakeFiles/music-box.dir/E_/Projects/VSARM/sdk/pico/pico-sdk/src/rp2_common/pico_double/double_init_rom.c.obj
 .debug_abbrev  0x00003913       0x12 CMakeFiles/music-box.dir/E_/Projects/VSARM/sdk/pico/pico-sdk/src/rp2_common/pico_double/double_v1_rom_shim.S.obj
 .debug_abbrev  0x00003925       0x14 CMakeFiles/music-box.dir/E_/Projects/VSARM/sdk/pico/pico-sdk/src/rp2_common/pico_int64_ops/pico_int64_ops_aeabi.S.obj
 .debug_abbrev  0x00003939       0x12 CMakeFiles/music-box.dir/E_/Projects/VSARM/sdk/pico/pico-sdk/src/rp2_common/pico_float/float_aeabi.S.obj
 .debug_abbrev  0x0000394b      0x1c6 CMakeFiles/music-box.dir/E_/Projects/VSARM/sdk/pico/pico-sdk/src/rp2_common/pico_float/float_init_rom.c.obj
 .debug_abbrev  0x00003b11       0x12 CMakeFiles/music-box.dir/E_/Projects/VSARM/sdk/pico/pico-sdk/src/rp2_common/pico_float/float_v1_rom_shim.S.obj
 .debug_abbrev  0x00003b23       0x12 CMakeFiles/music-box.dir/E_/Projects/VSARM/sdk/pico/pico-sdk/src/rp2_common/pico_mem_ops/mem_ops_aeabi.S.obj
 .debug_abbrev  0x00003b35       0x12 CMakeFiles/music-box.dir/E_/Projects/VSARM/sdk/pico/pico-sdk/src/rp2_common/pico_standard_link/crt0.S.obj
 .debug_abbrev  0x00003b47       0xb8 CMakeFiles/music-box.dir/E_/Projects/VSARM/sdk/pico/pico-sdk/src/rp2_common/pico_standard_link/binary_info.c.obj
 .debug_abbrev  0x00003bff      0x50a CMakeFiles/music-box.dir/E_/Projects/VSARM/sdk/pico/pico-sdk/src/rp2_common/pico_stdio/stdio.c.obj
 .debug_abbrev  0x00004109      0x3ac CMakeFiles/music-box.dir/E_/Projects/VSARM/sdk/pico/pico-sdk/src/rp2_common/pico_stdio_uart/stdio_uart.c.obj
 .debug_abbrev  0x000044b5       0x14 e:/projects/vsarm/armcc/11.2 2022.02/bin/../lib/gcc/arm-none-eabi/11.2.1/thumb/v6-m/nofp\libgcc.a(_dvmd_tls.o)
 .debug_abbrev  0x000044c9       0x90 e:/projects/vsarm/armcc/11.2 2022.02/bin/../lib/gcc/arm-none-eabi/11.2.1/thumb/v6-m/nofp\libg.a(lib_a-strlen-stub.o)

.debug_loclists
                0x00000000     0x860f
 .debug_loclists
                0x00000000      0x1ce CMakeFiles/music-box.dir/main.c.obj
 .debug_loclists
                0x000001ce      0x968 CMakeFiles/music-box.dir/E_/Projects/VSARM/sdk/pico/pico-sdk/src/rp2_common/hardware_gpio/gpio.c.obj
 .debug_loclists
                0x00000b36      0x27b CMakeFiles/music-box.dir/E_/Projects/VSARM/sdk/pico/pico-sdk/src/rp2_common/hardware_claim/claim.c.obj
 .debug_loclists
                0x00000db1       0x9f CMakeFiles/music-box.dir/E_/Projects/VSARM/sdk/pico/pico-sdk/src/rp2_common/pico_platform/platform.c.obj
 .debug_loclists
                0x00000e50      0x157 CMakeFiles/music-box.dir/E_/Projects/VSARM/sdk/pico/pico-sdk/src/rp2_common/hardware_sync/sync.c.obj
 .debug_loclists
                0x00000fa7      0xc46 CMakeFiles/music-box.dir/E_/Projects/VSARM/sdk/pico/pico-sdk/src/rp2_common/hardware_irq/irq.c.obj
 .debug_loclists
                0x00001bed       0x4a CMakeFiles/music-box.dir/E_/Projects/VSARM/sdk/pico/pico-sdk/src/common/pico_sync/lock_core.c.obj
 .debug_loclists
                0x00001c37     0x1c33 CMakeFiles/music-box.dir/E_/Projects/VSARM/sdk/pico/pico-sdk/src/common/pico_time/time.c.obj
 .debug_loclists
                0x0000386a      0x585 CMakeFiles/music-box.dir/E_/Projects/VSARM/sdk/pico/pico-sdk/src/rp2_common/hardware_timer/timer.c.obj
 .debug_loclists
                0x00003def      0xc1b CMakeFiles/music-box.dir/E_/Projects/VSARM/sdk/pico/pico-sdk/src/common/pico_util/pheap.c.obj
 .debug_loclists
                0x00004a0a      0xc2b CMakeFiles/music-box.dir/E_/Projects/VSARM/sdk/pico/pico-sdk/src/common/pico_sync/mutex.c.obj
 .debug_loclists
                0x00005635      0x2eb CMakeFiles/music-box.dir/E_/Projects/VSARM/sdk/pico/pico-sdk/src/rp2_common/hardware_uart/uart.c.obj
 .debug_loclists
                0x00005920      0x272 CMakeFiles/music-box.dir/E_/Projects/VSARM/sdk/pico/pico-sdk/src/rp2_common/pico_runtime/runtime.c.obj
 .debug_loclists
                0x00005b92      0x4d8 CMakeFiles/music-box.dir/E_/Projects/VSARM/sdk/pico/pico-sdk/src/rp2_common/hardware_clocks/clocks.c.obj
 .debug_loclists
                0x0000606a      0x1fb CMakeFiles/music-box.dir/E_/Projects/VSARM/sdk/pico/pico-sdk/src/rp2_common/hardware_pll/pll.c.obj
 .debug_loclists
                0x00006265      0x1ce CMakeFiles/music-box.dir/E_/Projects/VSARM/sdk/pico/pico-sdk/src/rp2_common/hardware_watchdog/watchdog.c.obj
 .debug_loclists
                0x00006433       0x48 CMakeFiles/music-box.dir/E_/Projects/VSARM/sdk/pico/pico-sdk/src/rp2_common/hardware_xosc/xosc.c.obj
 .debug_loclists
                0x0000647b     0x1590 CMakeFiles/music-box.dir/E_/Projects/VSARM/sdk/pico/pico-sdk/src/rp2_common/pico_printf/printf.c.obj
 .debug_loclists
                0x00007a0b       0xff CMakeFiles/music-box.dir/E_/Projects/VSARM/sdk/pico/pico-sdk/src/rp2_common/pico_bootrom/bootrom.c.obj
 .debug_loclists
                0x00007b0a       0x41 CMakeFiles/music-box.dir/E_/Projects/VSARM/sdk/pico/pico-sdk/src/rp2_common/pico_double/double_init_rom.c.obj
 .debug_loclists
                0x00007b4b       0x4f CMakeFiles/music-box.dir/E_/Projects/VSARM/sdk/pico/pico-sdk/src/rp2_common/pico_float/float_init_rom.c.obj
 .debug_loclists
                0x00007b9a      0x6f9 CMakeFiles/music-box.dir/E_/Projects/VSARM/sdk/pico/pico-sdk/src/rp2_common/pico_stdio/stdio.c.obj
 .debug_loclists
                0x00008293      0x31e CMakeFiles/music-box.dir/E_/Projects/VSARM/sdk/pico/pico-sdk/src/rp2_common/pico_stdio_uart/stdio_uart.c.obj
 .debug_loclists
                0x000085b1       0x5e e:/projects/vsarm/armcc/11.2 2022.02/bin/../lib/gcc/arm-none-eabi/11.2.1/thumb/v6-m/nofp\libg.a(lib_a-strlen-stub.o)

.debug_aranges  0x00000000      0xe00
 .debug_aranges
                0x00000000       0x28 CMakeFiles/music-box.dir/main.c.obj
 .debug_aranges
                0x00000028      0x100 CMakeFiles/music-box.dir/E_/Projects/VSARM/sdk/pico/pico-sdk/src/rp2_common/hardware_gpio/gpio.c.obj
 .debug_aranges
                0x00000128       0x48 CMakeFiles/music-box.dir/E_/Projects/VSARM/sdk/pico/pico-sdk/src/rp2_common/hardware_claim/claim.c.obj
 .debug_aranges
                0x00000170       0x28 CMakeFiles/music-box.dir/E_/Projects/VSARM/sdk/pico/pico-sdk/src/rp2_common/pico_platform/platform.c.obj
 .debug_aranges
                0x00000198       0x58 CMakeFiles/music-box.dir/E_/Projects/VSARM/sdk/pico/pico-sdk/src/rp2_common/hardware_sync/sync.c.obj
 .debug_aranges
                0x000001f0       0xc8 CMakeFiles/music-box.dir/E_/Projects/VSARM/sdk/pico/pico-sdk/src/rp2_common/hardware_irq/irq.c.obj
 .debug_aranges
                0x000002b8       0x20 CMakeFiles/music-box.dir/E_/Projects/VSARM/sdk/pico/pico-sdk/src/common/pico_sync/lock_core.c.obj
 .debug_aranges
                0x000002d8       0xd0 CMakeFiles/music-box.dir/E_/Projects/VSARM/sdk/pico/pico-sdk/src/common/pico_time/time.c.obj
 .debug_aranges
                0x000003a8       0x78 CMakeFiles/music-box.dir/E_/Projects/VSARM/sdk/pico/pico-sdk/src/rp2_common/hardware_timer/timer.c.obj
 .debug_aranges
                0x00000420       0x78 CMakeFiles/music-box.dir/E_/Projects/VSARM/sdk/pico/pico-sdk/src/common/pico_util/pheap.c.obj
 .debug_aranges
                0x00000498       0x88 CMakeFiles/music-box.dir/E_/Projects/VSARM/sdk/pico/pico-sdk/src/common/pico_sync/mutex.c.obj
 .debug_aranges
                0x00000520       0x40 CMakeFiles/music-box.dir/E_/Projects/VSARM/sdk/pico/pico-sdk/src/rp2_common/hardware_uart/uart.c.obj
 .debug_aranges
                0x00000560       0x60 CMakeFiles/music-box.dir/E_/Projects/VSARM/sdk/pico/pico-sdk/src/rp2_common/pico_runtime/runtime.c.obj
 .debug_aranges
                0x000005c0       0x70 CMakeFiles/music-box.dir/E_/Projects/VSARM/sdk/pico/pico-sdk/src/rp2_common/hardware_clocks/clocks.c.obj
 .debug_aranges
                0x00000630       0x28 CMakeFiles/music-box.dir/E_/Projects/VSARM/sdk/pico/pico-sdk/src/rp2_common/hardware_pll/pll.c.obj
 .debug_aranges
                0x00000658       0x58 CMakeFiles/music-box.dir/E_/Projects/VSARM/sdk/pico/pico-sdk/src/rp2_common/hardware_watchdog/watchdog.c.obj
 .debug_aranges
                0x000006b0       0x30 CMakeFiles/music-box.dir/E_/Projects/VSARM/sdk/pico/pico-sdk/src/rp2_common/hardware_xosc/xosc.c.obj
 .debug_aranges