Archive member included to satisfy reference by file (symbol)

e:/projects/vsarm/armcc/11.2 2022.02/bin/../lib/gcc/arm-none-eabi/11.2.1/thumb/v6-m/nofp\libgcc.a(_dvmd_tls.o)
                              CMakeFiles/blink.dir/E_/Projects/VSARM/sdk/pico/pico-sdk/src/rp2_common/pico_divider/divider.S.obj (__aeabi_idiv0)
e:/projects/vsarm/armcc/11.2 2022.02/bin/../lib/gcc/arm-none-eabi/11.2.1/thumb/v6-m/nofp\libg.a(lib_a-calloc.o)
                              CMakeFiles/blink.dir/E_/Projects/VSARM/sdk/pico/pico-sdk/src/rp2_common/pico_malloc/pico_malloc.c.obj (calloc)
e:/projects/vsarm/armcc/11.2 2022.02/bin/../lib/gcc/arm-none-eabi/11.2.1/thumb/v6-m/nofp\libg.a(lib_a-callocr.o)
                              e:/projects/vsarm/armcc/11.2 2022.02/bin/../lib/gcc/arm-none-eabi/11.2.1/thumb/v6-m/nofp\libg.a(lib_a-calloc.o) (_calloc_r)
e:/projects/vsarm/armcc/11.2 2022.02/bin/../lib/gcc/arm-none-eabi/11.2.1/thumb/v6-m/nofp\libg.a(lib_a-errno.o)
                              e:/projects/vsarm/armcc/11.2 2022.02/bin/../lib/gcc/arm-none-eabi/11.2.1/thumb/v6-m/nofp\libg.a(lib_a-callocr.o) (__errno)
e:/projects/vsarm/armcc/11.2 2022.02/bin/../lib/gcc/arm-none-eabi/11.2.1/thumb/v6-m/nofp\libg.a(lib_a-impure.o)
                              e:/projects/vsarm/armcc/11.2 2022.02/bin/../lib/gcc/arm-none-eabi/11.2.1/thumb/v6-m/nofp\libg.a(lib_a-calloc.o) (_impure_ptr)
e:/projects/vsarm/armcc/11.2 2022.02/bin/../lib/gcc/arm-none-eabi/11.2.1/thumb/v6-m/nofp\libg.a(lib_a-init.o)
                              e:/projects/vsarm/armcc/11.2 2022.02/bin/../lib/gcc/arm-none-eabi/11.2.1/thumb/v6-m/nofp/crt0.o (__libc_init_array)
e:/projects/vsarm/armcc/11.2 2022.02/bin/../lib/gcc/arm-none-eabi/11.2.1/thumb/v6-m/nofp\libg.a(lib_a-malloc.o)
                              CMakeFiles/blink.dir/E_/Projects/VSARM/sdk/pico/pico-sdk/src/rp2_common/pico_malloc/pico_malloc.c.obj (malloc)
e:/projects/vsarm/armcc/11.2 2022.02/bin/../lib/gcc/arm-none-eabi/11.2.1/thumb/v6-m/nofp\libg.a(lib_a-mallocr.o)
                              e:/projects/vsarm/armcc/11.2 2022.02/bin/../lib/gcc/arm-none-eabi/11.2.1/thumb/v6-m/nofp\libg.a(lib_a-callocr.o) (_malloc_r)
e:/projects/vsarm/armcc/11.2 2022.02/bin/../lib/gcc/arm-none-eabi/11.2.1/thumb/v6-m/nofp\libg.a(lib_a-mlock.o)
                              e:/projects/vsarm/armcc/11.2 2022.02/bin/../lib/gcc/arm-none-eabi/11.2.1/thumb/v6-m/nofp\libg.a(lib_a-mallocr.o) (__malloc_lock)
e:/projects/vsarm/armcc/11.2 2022.02/bin/../lib/gcc/arm-none-eabi/11.2.1/thumb/v6-m/nofp\libg.a(lib_a-realloc.o)
                              CMakeFiles/blink.dir/E_/Projects/VSARM/sdk/pico/pico-sdk/src/rp2_common/pico_malloc/pico_malloc.c.obj (realloc)
e:/projects/vsarm/armcc/11.2 2022.02/bin/../lib/gcc/arm-none-eabi/11.2.1/thumb/v6-m/nofp\libg.a(lib_a-reallocr.o)
                              e:/projects/vsarm/armcc/11.2 2022.02/bin/../lib/gcc/arm-none-eabi/11.2.1/thumb/v6-m/nofp\libg.a(lib_a-realloc.o) (_realloc_r)
e:/projects/vsarm/armcc/11.2 2022.02/bin/../lib/gcc/arm-none-eabi/11.2.1/thumb/v6-m/nofp\libg.a(lib_a-sbrkr.o)
                              e:/projects/vsarm/armcc/11.2 2022.02/bin/../lib/gcc/arm-none-eabi/11.2.1/thumb/v6-m/nofp\libg.a(lib_a-mallocr.o) (_sbrk_r)
e:/projects/vsarm/armcc/11.2 2022.02/bin/../lib/gcc/arm-none-eabi/11.2.1/thumb/v6-m/nofp\libg.a(lib_a-strlen-stub.o)
                              CMakeFiles/blink.dir/E_/Projects/VSARM/sdk/pico/pico-sdk/src/rp2_common/pico_stdio/stdio.c.obj (strlen)
e:/projects/vsarm/armcc/11.2 2022.02/bin/../lib/gcc/arm-none-eabi/11.2.1/thumb/v6-m/nofp\libg.a(lib_a-freer.o)
                              e:/projects/vsarm/armcc/11.2 2022.02/bin/../lib/gcc/arm-none-eabi/11.2.1/thumb/v6-m/nofp\libg.a(lib_a-malloc.o) (_free_r)
e:/projects/vsarm/armcc/11.2 2022.02/bin/../lib/gcc/arm-none-eabi/11.2.1/thumb/v6-m/nofp\libg.a(lib_a-memmove.o)
                              e:/projects/vsarm/armcc/11.2 2022.02/bin/../lib/gcc/arm-none-eabi/11.2.1/thumb/v6-m/nofp\libg.a(lib_a-reallocr.o) (memmove)
e:/projects/vsarm/armcc/11.2 2022.02/bin/../lib/gcc/arm-none-eabi/11.2.1/thumb/v6-m/nofp\libg.a(lib_a-reent.o)
                              e:/projects/vsarm/armcc/11.2 2022.02/bin/../lib/gcc/arm-none-eabi/11.2.1/thumb/v6-m/nofp\libg.a(lib_a-sbrkr.o) (errno)

Discarded input sections

 .text          0x00000000        0x0 e:/projects/vsarm/armcc/11.2 2022.02/bin/../lib/gcc/arm-none-eabi/11.2.1/thumb/v6-m/nofp/crti.o
 .data          0x00000000        0x0 e:/projects/vsarm/armcc/11.2 2022.02/bin/../lib/gcc/arm-none-eabi/11.2.1/thumb/v6-m/nofp/crti.o
 .bss           0x00000000        0x0 e:/projects/vsarm/armcc/11.2 2022.02/bin/../lib/gcc/arm-none-eabi/11.2.1/thumb/v6-m/nofp/crti.o
 .text          0x00000000        0x0 e:/projects/vsarm/armcc/11.2 2022.02/bin/../lib/gcc/arm-none-eabi/11.2.1/thumb/v6-m/nofp/crtbegin.o
 .data          0x00000000        0x0 e:/projects/vsarm/armcc/11.2 2022.02/bin/../lib/gcc/arm-none-eabi/11.2.1/thumb/v6-m/nofp/crtbegin.o
[...]
Memory Configuration

Name             Origin             Length             Attributes
FLASH            0x10000000         0x00200000         xr
RAM              0x20000000         0x00040000         xrw
SCRATCH_X        0x20040000         0x00001000         xrw
SCRATCH_Y        0x20041000         0x00001000         xrw
*default*        0x00000000         0xffffffff

Linker script and memory map

LOAD e:/projects/vsarm/armcc/11.2 2022.02/bin/../lib/gcc/arm-none-eabi/11.2.1/thumb/v6-m/nofp/crti.o
LOAD e:/projects/vsarm/armcc/11.2 2022.02/bin/../lib/gcc/arm-none-eabi/11.2.1/thumb/v6-m/nofp/crtbegin.o
LOAD e:/projects/vsarm/armcc/11.2 2022.02/bin/../lib/gcc/arm-none-eabi/11.2.1/thumb/v6-m/nofp/crt0.o

.flash_begin    0x10000000        0x0
                0x10000000                __flash_binary_start = .

.boot2          0x10000000      0x100
                0x10000000                __boot2_start__ = .
 *(.boot2)
 .boot2         0x10000000      0x100 C:\Users\JAMESR~1\AppData\Local\Temp\ccOOkXAt.o
                0x10000100                __boot2_end__ = .
                0x00000001                ASSERT (((__boot2_end__ - __boot2_start__) == 0x100), ERROR: Pico second stage bootloader must be 256 bytes in size)

.text           0x10000100     0x4298
                0x10000100                __logical_binary_start = .
 *(.vectors)
 .vectors       0x10000100       0xd4 CMakeFiles/blink.dir/E_/Projects/VSARM/sdk/pico/pico-sdk/src/rp2_common/pico_standard_link/crt0.S.obj
                0x10000100                __VECTOR_TABLE
                0x10000100                __vectors
                0x100001c0                isr_invalid
                0x100001c0                __default_isrs_start
                0x100001c2                isr_nmi
                0x100001c4                isr_hardfault
                0x100001c6                isr_svcall
                0x100001c8                isr_pendsv
                0x100001ca                isr_systick
                0x100001cc                isr_irq23
                0x100001cc                isr_irq18
                0x100001cc                isr_irq11
                0x100001cc                isr_irq28
                0x100001cc                isr_irq19
                0x100001cc                isr_irq0
                0x100001cc                isr_irq6
                0x100001cc                isr_irq5
                0x100001cc                isr_irq12
                0x100001cc                isr_irq22
                0x100001cc                isr_irq31
                0x100001cc                isr_irq17
                0x100001cc                isr_irq27
                0x100001cc                isr_irq30
                0x100001cc                isr_irq2
                0x100001cc                isr_irq10
                0x100001cc                isr_irq8
                0x100001cc                isr_irq24
                0x100001cc                isr_irq1
                0x100001cc                isr_irq7
                0x100001cc                isr_irq21
                0x100001cc                isr_irq20
                0x100001cc                isr_irq15
                0x100001cc                isr_irq25
                0x100001cc                isr_irq13
                0x100001cc                __unhandled_user_irq
                0x100001cc                isr_irq4
                0x100001cc                isr_irq16
                0x100001cc                isr_irq29
                0x100001cc                isr_irq26
                0x100001cc                __default_isrs_end
                0x100001cc                isr_irq3
                0x100001cc                isr_irq14
                0x100001cc                isr_irq9
                0x100001d2                unhandled_user_irq_num_in_r0
 *(.binary_info_header)
 .binary_info_header
                0x100001d4       0x14 CMakeFiles/blink.dir/E_/Projects/VSARM/sdk/pico/pico-sdk/src/rp2_common/pico_standard_link/crt0.S.obj
                0x100001e8                __binary_info_header_end = .
 *(.reset)
 .reset         0x100001e8       0xa8 CMakeFiles/blink.dir/E_/Projects/VSARM/sdk/pico/pico-sdk/src/rp2_common/pico_standard_link/crt0.S.obj
                0x100001e8                _entry_point
                0x10000266                __get_current_exception
 .reset         0x10000290       0x30 CMakeFiles/blink.dir/E_/Projects/VSARM/sdk/pico/pico-sdk/src/rp2_common/pico_standard_link/binary_info.c.obj
 *(.init)
 .init          0x100002c0        0x4 e:/projects/vsarm/armcc/11.2 2022.02/bin/../lib/gcc/arm-none-eabi/11.2.1/thumb/v6-m/nofp/crti.o
                0x100002c0                _init
 *(EXCLUDE_FILE(*libm.a: *libc.a:*lib_a-mem*.o *libgcc.a:) .text*)
 .text.register_tm_clones
                0x100002c4       0x28 e:/projects/vsarm/armcc/11.2 2022.02/bin/../lib/gcc/arm-none-eabi/11.2.1/thumb/v6-m/nofp/crtbegin.o
 .text.frame_dummy
                0x100002ec       0x24 e:/projects/vsarm/armcc/11.2 2022.02/bin/../lib/gcc/arm-none-eabi/11.2.1/thumb/v6-m/nofp/crtbegin.o
 .text.main     0x10000310       0x40 CMakeFiles/blink.dir/main.c.obj
                0x10000310                main
 .text.gpio_set_function
                0x10000350       0x30 CMakeFiles/blink.dir/E_/Projects/VSARM/sdk/pico/pico-sdk/src/rp2_common/hardware_gpio/gpio.c.obj
                0x10000350                gpio_set_function
 .text.gpio_init
                0x10000380       0x16 CMakeFiles/blink.dir/E_/Projects/VSARM/sdk/pico/pico-sdk/src/rp2_common/hardware_gpio/gpio.c.obj
                0x10000380                gpio_init
 *fill*         0x10000396        0x2 
 .text.hw_claim_lock
                0x10000398       0x18 CMakeFiles/blink.dir/E_/Projects/VSARM/sdk/pico/pico-sdk/src/rp2_common/hardware_claim/claim.c.obj
                0x10000398                hw_claim_lock
 .text.hw_claim_unlock
                0x100003b0       0x14 CMakeFiles/blink.dir/E_/Projects/VSARM/sdk/pico/pico-sdk/src/rp2_common/hardware_claim/claim.c.obj
                0x100003b0                hw_claim_unlock
 .text.hw_claim_or_assert
                0x100003c4       0x32 CMakeFiles/blink.dir/E_/Projects/VSARM/sdk/pico/pico-sdk/src/rp2_common/hardware_claim/claim.c.obj
                0x100003c4                hw_claim_or_assert
 *fill*         0x100003f6        0x2 
 .text.running_on_fpga
                0x100003f8       0x14 CMakeFiles/blink.dir/E_/Projects/VSARM/sdk/pico/pico-sdk/src/rp2_common/pico_platform/platform.c.obj
                0x100003f8                running_on_fpga
 .text.spin_locks_reset
                0x1000040c       0x20 CMakeFiles/blink.dir/E_/Projects/VSARM/sdk/pico/pico-sdk/src/rp2_common/hardware_sync/sync.c.obj
                0x1000040c                spin_locks_reset
 .text.next_striped_spin_lock_num
                0x1000042c       0x1c CMakeFiles/blink.dir/E_/Projects/VSARM/sdk/pico/pico-sdk/src/rp2_common/hardware_sync/sync.c.obj
                0x1000042c                next_striped_spin_lock_num
 .text.set_raw_irq_handler_and_unlock
                0x10000448       0x28 CMakeFiles/blink.dir/E_/Projects/VSARM/sdk/pico/pico-sdk/src/rp2_common/hardware_irq/irq.c.obj
 .text.make_branch
                0x10000470       0x48 CMakeFiles/blink.dir/E_/Projects/VSARM/sdk/pico/pico-sdk/src/rp2_common/hardware_irq/irq.c.obj
 .text.insert_branch_and_link
                0x100004b8       0x40 CMakeFiles/blink.dir/E_/Projects/VSARM/sdk/pico/pico-sdk/src/rp2_common/hardware_irq/irq.c.obj
 .text.irq_is_enabled
                0x100004f8       0x18 CMakeFiles/blink.dir/E_/Projects/VSARM/sdk/pico/pico-sdk/src/rp2_common/hardware_irq/irq.c.obj
                0x100004f8                irq_is_enabled
 .text.irq_set_mask_enabled
                0x10000510       0x20 CMakeFiles/blink.dir/E_/Projects/VSARM/sdk/pico/pico-sdk/src/rp2_common/hardware_irq/irq.c.obj
                0x10000510                irq_set_mask_enabled
 .text.irq_set_enabled
                0x10000530        0xe CMakeFiles/blink.dir/E_/Projects/VSARM/sdk/pico/pico-sdk/src/rp2_common/hardware_irq/irq.c.obj
                0x10000530                irq_set_enabled
 *fill*         0x1000053e        0x2 
 .text.irq_get_vtable_handler
                0x10000540       0x10 CMakeFiles/blink.dir/E_/Projects/VSARM/sdk/pico/pico-sdk/src/rp2_common/hardware_irq/irq.c.obj
                0x10000540                irq_get_vtable_handler
 .text.irq_set_exclusive_handler
                0x10000550       0x54 CMakeFiles/blink.dir/E_/Projects/VSARM/sdk/pico/pico-sdk/src/rp2_common/hardware_irq/irq.c.obj
                0x10000550                irq_set_exclusive_handler
 .text.irq_remove_handler
                0x100005a4      0x1a4 CMakeFiles/blink.dir/E_/Projects/VSARM/sdk/pico/pico-sdk/src/rp2_common/hardware_irq/irq.c.obj
                0x100005a4                irq_remove_handler
 .text.irq_add_tail_to_free_list
                0x10000748       0xf0 CMakeFiles/blink.dir/E_/Projects/VSARM/sdk/pico/pico-sdk/src/rp2_common/hardware_irq/irq.c.obj
                0x10000748                irq_add_tail_to_free_list
 .text.irq_init_priorities
                0x10000838       0x1c CMakeFiles/blink.dir/E_/Projects/VSARM/sdk/pico/pico-sdk/src/rp2_common/hardware_irq/irq.c.obj
                0x10000838                irq_init_priorities
 .text.lock_init
                0x10000854       0x10 CMakeFiles/blink.dir/E_/Projects/VSARM/sdk/pico/pico-sdk/src/common/pico_sync/lock_core.c.obj
                0x10000854                lock_init
 .text.alarm_pool_post_alloc_init
                0x10000864       0x40 CMakeFiles/blink.dir/E_/Projects/VSARM/sdk/pico/pico-sdk/src/common/pico_time/time.c.obj
 .text.sleep_until_callback
                0x100008a4       0x30 CMakeFiles/blink.dir/E_/Projects/VSARM/sdk/pico/pico-sdk/src/common/pico_time/time.c.obj
 .text.timer_pool_entry_comparator
                0x100008d4       0x78 CMakeFiles/blink.dir/E_/Projects/VSARM/sdk/pico/pico-sdk/src/common/pico_time/time.c.obj
                0x100008d4                timer_pool_entry_comparator
 .text.ph_add_child_node
                0x1000094c       0xa0 CMakeFiles/blink.dir/E_/Projects/VSARM/sdk/pico/pico-sdk/src/common/pico_time/time.c.obj
 .text.ph_merge_nodes
                0x100009ec       0x3e CMakeFiles/blink.dir/E_/Projects/VSARM/sdk/pico/pico-sdk/src/common/pico_time/time.c.obj
 *fill*         0x10000a2a        0x2 
 .text.add_alarm_under_lock
                0x10000a2c      0x16c CMakeFiles/blink.dir/E_/Projects/VSARM/sdk/pico/pico-sdk/src/common/pico_time/time.c.obj
 .text.alarm_pool_alarm_callback
                0x10000b98      0x328 CMakeFiles/blink.dir/E_/Projects/VSARM/sdk/pico/pico-sdk/src/common/pico_time/time.c.obj
 .text.alarm_pool_init_default
                0x10000ec0       0x38 CMakeFiles/blink.dir/E_/Projects/VSARM/sdk/pico/pico-sdk/src/common/pico_time/time.c.obj
                0x10000ec0                alarm_pool_init_default
 .text.alarm_pool_get_default
                0x10000ef8       0x2c CMakeFiles/blink.dir/E_/Projects/VSARM/sdk/pico/pico-sdk/src/common/pico_time/time.c.obj
                0x10000ef8                alarm_pool_get_default
 .text.alarm_pool_add_alarm_at
                0x10000f24      0x178 CMakeFiles/blink.dir/E_/Projects/VSARM/sdk/pico/pico-sdk/src/common/pico_time/time.c.obj
                0x10000f24                alarm_pool_add_alarm_at
 .text.sleep_until
                0x1000109c       0xfc CMakeFiles/blink.dir/E_/Projects/VSARM/sdk/pico/pico-sdk/src/common/pico_time/time.c.obj
                0x1000109c                sleep_until
 .text.sleep_us
                0x10001198       0x58 CMakeFiles/blink.dir/E_/Projects/VSARM/sdk/pico/pico-sdk/src/common/pico_time/time.c.obj
                0x10001198                sleep_us
 .text.sleep_ms
                0x100011f0       0x14 CMakeFiles/blink.dir/E_/Projects/VSARM/sdk/pico/pico-sdk/src/common/pico_time/time.c.obj
                0x100011f0                sleep_ms
 .text.hardware_alarm_irq_handler
                0x10001204       0x88 CMakeFiles/blink.dir/E_/Projects/VSARM/sdk/pico/pico-sdk/src/rp2_common/hardware_timer/timer.c.obj
 .text.hardware_alarm_claim
                0x1000128c       0x18 CMakeFiles/blink.dir/E_/Projects/VSARM/sdk/pico/pico-sdk/src/rp2_common/hardware_timer/timer.c.obj
                0x1000128c                hardware_alarm_claim
 .text.time_us_64
                0x100012a4       0x18 CMakeFiles/blink.dir/E_/Projects/VSARM/sdk/pico/pico-sdk/src/rp2_common/hardware_timer/timer.c.obj
                0x100012a4                time_us_64
 .text.busy_wait_until
                0x100012bc       0x28 CMakeFiles/blink.dir/E_/Projects/VSARM/sdk/pico/pico-sdk/src/rp2_common/hardware_timer/timer.c.obj
                0x100012bc                busy_wait_until
 .text.hardware_alarm_set_callback
                0x100012e4       0x90 CMakeFiles/blink.dir/E_/Projects/VSARM/sdk/pico/pico-sdk/src/rp2_common/hardware_timer/timer.c.obj
                0x100012e4                hardware_alarm_set_callback
 .text.hardware_alarm_set_target
                0x10001374       0xe8 CMakeFiles/blink.dir/E_/Projects/VSARM/sdk/pico/pico-sdk/src/rp2_common/hardware_timer/timer.c.obj
                0x10001374                hardware_alarm_set_target
 .text.hardware_alarm_cancel
                0x1000145c       0x40 CMakeFiles/blink.dir/E_/Projects/VSARM/sdk/pico/pico-sdk/src/rp2_common/hardware_timer/timer.c.obj
                0x1000145c                hardware_alarm_cancel
 .text.ph_add_child_node
                0x1000149c       0xa0 CMakeFiles/blink.dir/E_/Projects/VSARM/sdk/pico/pico-sdk/src/common/pico_util/pheap.c.obj
 .text.ph_merge_nodes
                0x1000153c       0x3e CMakeFiles/blink.dir/E_/Projects/VSARM/sdk/pico/pico-sdk/src/common/pico_util/pheap.c.obj
 *fill*         0x1000157a        0x2 
 .text.ph_clear
                0x1000157c       0x70 CMakeFiles/blink.dir/E_/Projects/VSARM/sdk/pico/pico-sdk/src/common/pico_util/pheap.c.obj
                0x1000157c                ph_clear
 .text.ph_post_alloc_init
                0x100015ec        0xe CMakeFiles/blink.dir/E_/Projects/VSARM/sdk/pico/pico-sdk/src/common/pico_util/pheap.c.obj
                0x100015ec                ph_post_alloc_init
 *fill*         0x100015fa        0x2 
 .text.ph_merge_two_pass
                0x100015fc       0xa4 CMakeFiles/blink.dir/E_/Projects/VSARM/sdk/pico/pico-sdk/src/common/pico_util/pheap.c.obj
                0x100015fc                ph_merge_two_pass
 .text.ph_remove_any_head
                0x100016a0      0x104 CMakeFiles/blink.dir/E_/Projects/VSARM/sdk/pico/pico-sdk/src/common/pico_util/pheap.c.obj
 .text.ph_remove_head
                0x100017a4       0x14 CMakeFiles/blink.dir/E_/Projects/VSARM/sdk/pico/pico-sdk/src/common/pico_util/pheap.c.obj
                0x100017a4                ph_remove_head
 .text.ph_remove_and_free_node
                0x100017b8       0xf8 CMakeFiles/blink.dir/E_/Projects/VSARM/sdk/pico/pico-sdk/src/common/pico_util/pheap.c.obj
                0x100017b8                ph_remove_and_free_node
 .text.mutex_init
                0x100018b0       0x1a CMakeFiles/blink.dir/E_/Projects/VSARM/sdk/pico/pico-sdk/src/common/pico_sync/mutex.c.obj
                0x100018b0                mutex_init
 .text.recursive_mutex_init
                0x100018ca       0x1e CMakeFiles/blink.dir/E_/Projects/VSARM/sdk/pico/pico-sdk/src/common/pico_sync/mutex.c.obj
                0x100018ca                recursive_mutex_init
 .text.uart_set_baudrate
                0x100018e8       0x5c CMakeFiles/blink.dir/E_/Projects/VSARM/sdk/pico/pico-sdk/src/rp2_common/hardware_uart/uart.c.obj
                0x100018e8                uart_set_baudrate
 .text.uart_set_translate_crlf
                0x10001944       0x28 CMakeFiles/blink.dir/E_/Projects/VSARM/sdk/pico/pico-sdk/src/rp2_common/hardware_uart/uart.c.obj
                0x10001944                uart_set_translate_crlf
 .text.uart_init
                0x1000196c       0x80 CMakeFiles/blink.dir/E_/Projects/VSARM/sdk/pico/pico-sdk/src/rp2_common/hardware_uart/uart.c.obj
                0x1000196c                uart_init
 .text._exit    0x100019ec        0x4 CMakeFiles/blink.dir/E_/Projects/VSARM/sdk/pico/pico-sdk/src/rp2_common/pico_runtime/runtime.c.obj
                0x100019ec                _exit
 .text.exit     0x100019f0        0x6 CMakeFiles/blink.dir/E_/Projects/VSARM/sdk/pico/pico-sdk/src/rp2_common/pico_runtime/runtime.c.obj
                0x100019f0                exit
 *fill*         0x100019f6        0x2 
 .text.__assert_func
                0x100019f8       0x3c CMakeFiles/blink.dir/E_/Projects/VSARM/sdk/pico/pico-sdk/src/rp2_common/pico_runtime/runtime.c.obj
                0x100019f8                __assert_func
 .text.runtime_init
                0x10001a34       0xf8 CMakeFiles/blink.dir/E_/Projects/VSARM/sdk/pico/pico-sdk/src/rp2_common/pico_runtime/runtime.c.obj
                0x10001a34                runtime_init
 .text.panic    0x10001b2c       0x30 CMakeFiles/blink.dir/E_/Projects/VSARM/sdk/pico/pico-sdk/src/rp2_common/pico_runtime/runtime.c.obj
                0x10001b2c                panic
 .text.clock_configure
                0x10001b5c      0x104 CMakeFiles/blink.dir/E_/Projects/VSARM/sdk/pico/pico-sdk/src/rp2_common/hardware_clocks/clocks.c.obj
                0x10001b5c                clock_configure
 .text.clocks_init
                0x10001c60      0x100 CMakeFiles/blink.dir/E_/Projects/VSARM/sdk/pico/pico-sdk/src/rp2_common/hardware_clocks/clocks.c.obj
                0x10001c60                clocks_init
 .text.clock_get_hz
                0x10001d60        0xc CMakeFiles/blink.dir/E_/Projects/VSARM/sdk/pico/pico-sdk/src/rp2_common/hardware_clocks/clocks.c.obj
                0x10001d60                clock_get_hz
 .text.pll_init
                0x10001d6c      0x140 CMakeFiles/blink.dir/E_/Projects/VSARM/sdk/pico/pico-sdk/src/rp2_common/hardware_pll/pll.c.obj
                0x10001d6c                pll_init
 .text.watchdog_start_tick
                0x10001eac       0x10 CMakeFiles/blink.dir/E_/Projects/VSARM/sdk/pico/pico-sdk/src/rp2_common/hardware_watchdog/watchdog.c.obj
                0x10001eac                watchdog_start_tick
 .text.xosc_init
                0x10001ebc       0x28 CMakeFiles/blink.dir/E_/Projects/VSARM/sdk/pico/pico-sdk/src/rp2_common/hardware_xosc/xosc.c.obj
                0x10001ebc                xosc_init
 .text._out_null
                0x10001ee4        0x2 CMakeFiles/blink.dir/E_/Projects/VSARM/sdk/pico/pico-sdk/src/rp2_common/pico_printf/printf.c.obj
 .text._out_fct
                0x10001ee6        0xe CMakeFiles/blink.dir/E_/Projects/VSARM/sdk/pico/pico-sdk/src/rp2_common/pico_printf/printf.c.obj
 .text._atoi    0x10001ef4       0x24 CMakeFiles/blink.dir/E_/Projects/VSARM/sdk/pico/pico-sdk/src/rp2_common/pico_printf/printf.c.obj
 .text._out_rev
                0x10001f18       0xae CMakeFiles/blink.dir/E_/Projects/VSARM/sdk/pico/pico-sdk/src/rp2_common/pico_printf/printf.c.obj
 .text._ntoa_format
                0x10001fc6      0x112 CMakeFiles/blink.dir/E_/Projects/VSARM/sdk/pico/pico-sdk/src/rp2_common/pico_printf/printf.c.obj
 .text._ntoa_long
                0x100020d8       0xbc CMakeFiles/blink.dir/E_/Projects/VSARM/sdk/pico/pico-sdk/src/rp2_common/pico_printf/printf.c.obj
 .text._ntoa_long_long
                0x10002194       0xe2 CMakeFiles/blink.dir/E_/Projects/VSARM/sdk/pico/pico-sdk/src/rp2_common/pico_printf/printf.c.obj
 *fill*         0x10002276        0x2 
 .text._etoa    0x10002278      0x414 CMakeFiles/blink.dir/E_/Projects/VSARM/sdk/pico/pico-sdk/src/rp2_common/pico_printf/printf.c.obj
 .text._ftoa    0x1000268c      0x354 CMakeFiles/blink.dir/E_/Projects/VSARM/sdk/pico/pico-sdk/src/rp2_common/pico_printf/printf.c.obj
 .text._vsnprintf
                0x100029e0      0x650 CMakeFiles/blink.dir/E_/Projects/VSARM/sdk/pico/pico-sdk/src/rp2_common/pico_printf/printf.c.obj
 .text.vfctprintf
                0x10003030       0x20 CMakeFiles/blink.dir/E_/Projects/VSARM/sdk/pico/pico-sdk/src/rp2_common/pico_printf/printf.c.obj
                0x10003030                vfctprintf
 .text          0x10003050       0x10 CMakeFiles/blink.dir/E_/Projects/VSARM/sdk/pico/pico-sdk/src/rp2_common/pico_bit_ops/bit_ops_aeabi.S.obj
 .text.rom_func_lookup
                0x10003060       0x10 CMakeFiles/blink.dir/E_/Projects/VSARM/sdk/pico/pico-sdk/src/rp2_common/pico_bootrom/bootrom.c.obj
                0x10003060                rom_func_lookup
 .text.rom_data_lookup
                0x10003070       0x10 CMakeFiles/blink.dir/E_/Projects/VSARM/sdk/pico/pico-sdk/src/rp2_common/pico_bootrom/bootrom.c.obj
                0x10003070                rom_data_lookup
 .text.rom_funcs_lookup
                0x10003080       0x36 CMakeFiles/blink.dir/E_/Projects/VSARM/sdk/pico/pico-sdk/src/rp2_common/pico_bootrom/bootrom.c.obj
                0x10003080                rom_funcs_lookup
 *fill*         0x100030b6        0x2 
 .text.__wrap___aeabi_idiv
                0x100030b8       0x50 CMakeFiles/blink.dir/E_/Projects/VSARM/sdk/pico/pico-sdk/src/rp2_common/pico_divider/divider.S.obj
                0x100030b8                __wrap___aeabi_idivmod
                0x100030b8                divmod_s32s32
                0x100030b8                div_s32s32
                0x100030b8                __wrap___aeabi_idiv
                0x100030c0                divmod_s32s32_unsafe
                0x100030ec                divmod_s32s32_savestate
 .text.__wrap___aeabi_uidiv
                0x10003108       0x4c CMakeFiles/blink.dir/E_/Projects/VSARM/sdk/pico/pico-sdk/src/rp2_common/pico_divider/divider.S.obj
                0x10003108                __wrap___aeabi_uidiv
                0x10003108                __wrap___aeabi_uidivmod
                0x10003108                div_u32u32
                0x10003108                divmod_u32u32
                0x10003110                divmod_u32u32_unsafe
                0x10003138                divmod_u32u32_savestate
 .text.__wrap___aeabi_ldiv
                0x10003154      0x434 CMakeFiles/blink.dir/E_/Projects/VSARM/sdk/pico/pico-sdk/src/rp2_common/pico_divider/divider.S.obj
                0x10003154                div_s64s64
                0x10003154                divmod_s64s64
                0x10003154                __wrap___aeabi_ldivmod
                0x1000318c                divmod_u64u64
                0x1000318c                div_u64u64
                0x1000318c                __wrap___aeabi_uldivmod
                0x1000319c                divmod_u64u64_savestate
                0x100031c4                divmod_s64s64_unsafe
                0x1000324c                divmod_u64u64_unsafe
 .text.__wrap___aeabi_darithmetic
                0x10003588       0x80 CMakeFiles/blink.dir/E_/Projects/VSARM/sdk/pico/pico-sdk/src/rp2_common/pico_double/double_aeabi.S.obj
                0x10003588                __wrap___aeabi_drsub
                0x1000358e                __wrap___aeabi_dsub
                0x100035a0                __wrap___aeabi_dadd
                0x100035b2                __wrap___aeabi_ddiv
                0x100035ee                __wrap___aeabi_dmul
 .text.__wrap___aeabi_cdcmple
                0x10003608       0x6c CMakeFiles/blink.dir/E_/Projects/VSARM/sdk/pico/pico-sdk/src/rp2_common/pico_double/double_aeabi.S.obj
                0x10003608                __wrap___aeabi_cdrcmple
                0x10003618                __wrap___aeabi_cdcmpeq
                0x10003618                __wrap___aeabi_cdcmple
 .text.__wrap___aeabi_dcmplt
                0x10003674        0xc CMakeFiles/blink.dir/E_/Projects/VSARM/sdk/pico/pico-sdk/src/rp2_common/pico_double/double_aeabi.S.obj
                0x10003674                __wrap___aeabi_dcmplt
 .text.__wrap___aeabi_dcmple
                0x10003680       0x10 CMakeFiles/blink.dir/E_/Projects/VSARM/sdk/pico/pico-sdk/src/rp2_common/pico_double/double_aeabi.S.obj
                0x10003680                __wrap___aeabi_dcmple
 .text.__wrap___aeabi_dcmpge
                0x10003690       0x10 CMakeFiles/blink.dir/E_/Projects/VSARM/sdk/pico/pico-sdk/src/rp2_common/pico_double/double_aeabi.S.obj
                0x10003690                __wrap___aeabi_dcmpge
 .text.__wrap___aeabi_dcmpgt
                0x100036a0        0xa CMakeFiles/blink.dir/E_/Projects/VSARM/sdk/pico/pico-sdk/src/rp2_common/pico_double/double_aeabi.S.obj
                0x100036a0                __wrap___aeabi_dcmpgt
 .text.__wrap___aeabi_dcmpun
                0x100036aa       0x1c CMakeFiles/blink.dir/E_/Projects/VSARM/sdk/pico/pico-sdk/src/rp2_common/pico_double/double_aeabi.S.obj
                0x100036aa                __wrap___aeabi_dcmpun
 *fill*         0x100036c6        0x2 
 .text.__wrap___aeabi_i2d
                0x100036c8       0x38 CMakeFiles/blink.dir/E_/Projects/VSARM/sdk/pico/pico-sdk/src/rp2_common/pico_double/double_aeabi.S.obj
                0x100036c8                __wrap___aeabi_ui2d
                0x100036d0                __wrap___aeabi_i2d
 .text.__wrap___aeabi_d2iz
                0x10003700       0x48 CMakeFiles/blink.dir/E_/Projects/VSARM/sdk/pico/pico-sdk/src/rp2_common/pico_double/double_aeabi.S.obj
                0x10003700                double2int_z
                0x10003700                __wrap___aeabi_d2iz
 .text.__wrap___aeabi_d2uiz
                0x10003748       0x18 CMakeFiles/blink.dir/E_/Projects/VSARM/sdk/pico/pico-sdk/src/rp2_common/pico_double/double_aeabi.S.obj
                0x10003748                __wrap___aeabi_d2uiz
                0x10003748                double2uint
 .text.__aeabi_double_init
                0x10003760       0xc8 CMakeFiles/blink.dir/E_/Projects/VSARM/sdk/pico/pico-sdk/src/rp2_common/pico_double/double_init_rom.c.obj
                0x10003760                __aeabi_double_init
 .text.double_table_shim_on_use_helper
                0x10003828       0x34 CMakeFiles/blink.dir/E_/Projects/VSARM/sdk/pico/pico-sdk/src/rp2_common/pico_double/double_v1_rom_shim.S.obj
                0x10003828                double_table_shim_on_use_helper
 .text.__wrap___aeabi_dsub
                0x1000385c       0x10 CMakeFiles/blink.dir/E_/Projects/VSARM/sdk/pico/pico-sdk/src/rp2_common/pico_double/double_v1_rom_shim.S.obj
                0x1000385c                drsub_shim
                0x10003862                dsub_shim
 .text.dadd_shim
                0x1000386c      0x15c CMakeFiles/blink.dir/E_/Projects/VSARM/sdk/pico/pico-sdk/src/rp2_common/pico_double/double_v1_rom_shim.S.obj
                0x1000386c                dadd_shim
 .text.dmul_shim
                0x100039c8      0x15c CMakeFiles/blink.dir/E_/Projects/VSARM/sdk/pico/pico-sdk/src/rp2_common/pico_double/double_v1_rom_shim.S.obj
                0x100039c8                dmul_shim
 .text.ddiv_shim
                0x10003b24      0x1b0 CMakeFiles/blink.dir/E_/Projects/VSARM/sdk/pico/pico-sdk/src/rp2_common/pico_double/double_v1_rom_shim.S.obj
                0x10003b24                ddiv_shim
 .text.double2uint_shim
                0x10003cd4        0xe CMakeFiles/blink.dir/E_/Projects/VSARM/sdk/pico/pico-sdk/src/rp2_common/pico_double/double_v1_rom_shim.S.obj
                0x10003cd4                double2uint_shim
                0x10003cd6                double2ufix_shim
 *fill*         0x10003ce2        0x2 
 .text.double2uint64_shim
                0x10003ce4       0x70 CMakeFiles/blink.dir/E_/Projects/VSARM/sdk/pico/pico-sdk/src/rp2_common/pico_double/double_v1_rom_shim.S.obj
                0x10003ce4                double2uint64_shim
                0x10003ce6                double2ufix64_shim
                0x10003d06                d2fix_a
 .text.dunpacks
                0x10003d54       0x3c CMakeFiles/blink.dir/E_/Projects/VSARM/sdk/pico/pico-sdk/src/rp2_common/pico_double/double_v1_rom_shim.S.obj
                0x10003d54                dunpacks
 .text.__aeabi_lmul
                0x10003d90       0x32 CMakeFiles/blink.dir/E_/Projects/VSARM/sdk/pico/pico-sdk/src/rp2_common/pico_int64_ops/pico_int64_ops_aeabi.S.obj
                0x10003d90                __wrap___aeabi_lmul
 *fill*         0x10003dc2        0x2 
 .text.__aeabi_float_init
                0x10003dc4       0xfc CMakeFiles/blink.dir/E_/Projects/VSARM/sdk/pico/pico-sdk/src/rp2_common/pico_float/float_init_rom.c.obj
                0x10003dc4                __aeabi_float_init
 .text.float_table_shim_on_use_helper
                0x10003ec0       0x34 CMakeFiles/blink.dir/E_/Projects/VSARM/sdk/pico/pico-sdk/src/rp2_common/pico_float/float_v1_rom_shim.S.obj
                0x10003ec0                float_table_shim_on_use_helper
 .text          0x10003ef4       0x10 CMakeFiles/blink.dir/E_/Projects/VSARM/sdk/pico/pico-sdk/src/rp2_common/pico_mem_ops/mem_ops_aeabi.S.obj
                0x10003ef4                __aeabi_mem_init
 .text.memset   0x10003f04        0xc CMakeFiles/blink.dir/E_/Projects/VSARM/sdk/pico/pico-sdk/src/rp2_common/pico_mem_ops/mem_ops_aeabi.S.obj
                0x10003f04                __wrap_memset
 .text.memcpy   0x10003f10        0xc CMakeFiles/blink.dir/E_/Projects/VSARM/sdk/pico/pico-sdk/src/rp2_common/pico_mem_ops/mem_ops_aeabi.S.obj
                0x10003f10                __wrap_memcpy
                0x10003f10                __wrap___aeabi_memcpy
 .text.stdio_out_chars_no_crlf
                0x10003f1c        0xe CMakeFiles/blink.dir/E_/Projects/VSARM/sdk/pico/pico-sdk/src/rp2_common/pico_stdio/stdio.c.obj
 *fill*         0x10003f2a        0x2 
 .text.stdio_out_chars_crlf
                0x10003f2c       0x80 CMakeFiles/blink.dir/E_/Projects/VSARM/sdk/pico/pico-sdk/src/rp2_common/pico_stdio/stdio.c.obj
 .text.stdio_stack_buffer_flush
                0x10003fac       0x44 CMakeFiles/blink.dir/E_/Projects/VSARM/sdk/pico/pico-sdk/src/rp2_common/pico_stdio/stdio.c.obj
 .text.stdio_buffered_printer
                0x10003ff0       0x20 CMakeFiles/blink.dir/E_/Projects/VSARM/sdk/pico/pico-sdk/src/rp2_common/pico_stdio/stdio.c.obj
 .text.stdout_serialize_begin
                0x10004010       0x30 CMakeFiles/blink.dir/E_/Projects/VSARM/sdk/pico/pico-sdk/src/rp2_common/pico_stdio/stdio.c.obj
                0x10004010                stdout_serialize_begin
 .text.stdout_serialize_end
                0x10004040       0x10 CMakeFiles/blink.dir/E_/Projects/VSARM/sdk/pico/pico-sdk/src/rp2_common/pico_stdio/stdio.c.obj
                0x10004040                stdout_serialize_end
 .text.stdio_put_string
                0x10004050       0x98 CMakeFiles/blink.dir/E_/Projects/VSARM/sdk/pico/pico-sdk/src/rp2_common/pico_stdio/stdio.c.obj
 .text.stdio_set_driver_enabled
                0x100040e8       0x2c CMakeFiles/blink.dir/E_/Projects/VSARM/sdk/pico/pico-sdk/src/rp2_common/pico_stdio/stdio.c.obj
                0x100040e8                stdio_set_driver_enabled
 .text.stdio_flush
                0x10004114       0x20 CMakeFiles/blink.dir/E_/Projects/VSARM/sdk/pico/pico-sdk/src/rp2_common/pico_stdio/stdio.c.obj
                0x10004114                stdio_flush
 .text.__wrap_puts
                0x10004134       0x1e CMakeFiles/blink.dir/E_/Projects/VSARM/sdk/pico/pico-sdk/src/rp2_common/pico_stdio/stdio.c.obj
                0x10004134                __wrap_puts
 *fill*         0x10004152        0x2 
 .text.__wrap_vprintf
                0x10004154       0x44 CMakeFiles/blink.dir/E_/Projects/VSARM/sdk/pico/pico-sdk/src/rp2_common/pico_stdio/stdio.c.obj
                0x10004154                __wrap_vprintf
 .text.__wrap_printf
                0x10004198       0x18 CMakeFiles/blink.dir/E_/Projects/VSARM/sdk/pico/pico-sdk/src/rp2_common/pico_stdio/stdio.c.obj
                0x10004198                __wrap_printf
 .text.stdio_init_all
                0x100041b0        0x8 CMakeFiles/blink.dir/E_/Projects/VSARM/sdk/pico/pico-sdk/src/rp2_common/pico_stdio/stdio.c.obj
                0x100041b0                stdio_init_all
 .text.stdio_uart_out_chars
                0x100041b8       0x74 CMakeFiles/blink.dir/E_/Projects/VSARM/sdk/pico/pico-sdk/src/rp2_common/pico_stdio_uart/stdio_uart.c.obj
 .text.stdio_uart_in_chars
                0x1000422c       0x58 CMakeFiles/blink.dir/E_/Projects/VSARM/sdk/pico/pico-sdk/src/rp2_common/pico_stdio_uart/stdio_uart.c.obj
                0x1000422c                stdio_uart_in_chars
 .text.stdio_uart_init_full
                0x10004284       0x3c CMakeFiles/blink.dir/E_/Projects/VSARM/sdk/pico/pico-sdk/src/rp2_common/pico_stdio_uart/stdio_uart.c.obj
                0x10004284                stdio_uart_init_full
 .text.stdio_uart_init
                0x100042c0       0x28 CMakeFiles/blink.dir/E_/Projects/VSARM/sdk/pico/pico-sdk/src/rp2_common/pico_stdio_uart/stdio_uart.c.obj
                0x100042c0                stdio_uart_init
 .text.strlen   0x100042e8       0x5c e:/projects/vsarm/armcc/11.2 2022.02/bin/../lib/gcc/arm-none-eabi/11.2.1/thumb/v6-m/nofp\libg.a(lib_a-strlen-stub.o)
                0x100042e8                strlen
 *(.fini)
 .fini          0x10004344        0x4 e:/projects/vsarm/armcc/11.2 2022.02/bin/../lib/gcc/arm-none-eabi/11.2.1/thumb/v6-m/nofp/crti.o
                0x10004344                _fini
 .fini.__stub   0x10004348       0x50 linker stubs
 *crtbegin.o(.ctors)
 *crtbegin?.o(.ctors)
 *(EXCLUDE_FILE(*crtend.o *crtend?.o) .ctors)
 *(SORT_BY_NAME(.ctors.*))
 *(.ctors)
 *crtbegin.o(.dtors)
 *crtbegin?.o(.dtors)
 *(EXCLUDE_FILE(*crtend.o *crtend?.o) .dtors)
 *(SORT_BY_NAME(.dtors.*))
 *(.dtors)
 *(.eh_frame*)
 .eh_frame      0x10004398        0x0 e:/projects/vsarm/armcc/11.2 2022.02/bin/../lib/gcc/arm-none-eabi/11.2.1/thumb/v6-m/nofp/crtbegin.o
                0x10004398                . = ALIGN (0x4)

.glue_7         0x10004398        0x0
 .glue_7        0x10004398        0x0 linker stubs

.glue_7t        0x10004398        0x0
 .glue_7t       0x10004398        0x0 linker stubs

.vfp11_veneer   0x10004398        0x0
 .vfp11_veneer  0x10004398        0x0 linker stubs

.v4_bx          0x10004398        0x0
 .v4_bx         0x10004398        0x0 linker stubs

.iplt           0x10004398        0x0
 .iplt          0x10004398        0x0 e:/projects/vsarm/armcc/11.2 2022.02/bin/../lib/gcc/arm-none-eabi/11.2.1/thumb/v6-m/nofp/crtbegin.o

.rodata         0x10004398      0xefc
 *(EXCLUDE_FILE(*libm.a: *libc.a:*lib_a-mem*.o *libgcc.a:) .rodata*)
 .rodata.main.str1.4
                0x10004398        0xb CMakeFiles/blink.dir/main.c.obj
 *fill*         0x100043a3        0x1 
 .rodata.make_branch.str1.4
                0x100043a4       0x76 CMakeFiles/blink.dir/E_/Projects/VSARM/sdk/pico/pico-sdk/src/rp2_common/hardware_irq/irq.c.obj
 *fill*         0x1000441a        0x2 
 .rodata.insert_branch_and_link.str1.4
                0x1000441c       0x10 CMakeFiles/blink.dir/E_/Projects/VSARM/sdk/pico/pico-sdk/src/rp2_common/hardware_irq/irq.c.obj
 .rodata.irq_set_exclusive_handler.str1.4
                0x1000442c       0x36 CMakeFiles/blink.dir/E_/Projects/VSARM/sdk/pico/pico-sdk/src/rp2_common/hardware_irq/irq.c.obj
 *fill*         0x10004462        0x2 
 .rodata.irq_add_shared_handler.str1.4
                0x10004464       0xd9 CMakeFiles/blink.dir/E_/Projects/VSARM/sdk/pico/pico-sdk/src/rp2_common/hardware_irq/irq.c.obj
 *fill*         0x1000453d        0x3 
 .rodata.irq_remove_handler.str1.4
                0x10004540       0x2a CMakeFiles/blink.dir/E_/Projects/VSARM/sdk/pico/pico-sdk/src/rp2_common/hardware_irq/irq.c.obj
 *fill*         0x1000456a        0x2 
 .rodata.irq_add_tail_to_free_list.str1.4
                0x1000456c       0x3a CMakeFiles/blink.dir/E_/Projects/VSARM/sdk/pico/pico-sdk/src/rp2_common/hardware_irq/irq.c.obj
 *fill*         0x100045a6        0x2 
 .rodata.__func__.0
                0x100045a8       0x1a CMakeFiles/blink.dir/E_/Projects/VSARM/sdk/pico/pico-sdk/src/rp2_common/hardware_irq/irq.c.obj
 *fill*         0x100045c2        0x2 
 .rodata.__func__.1
                0x100045c4       0x17 CMakeFiles/blink.dir/E_/Projects/VSARM/sdk/pico/pico-sdk/src/rp2_common/hardware_irq/irq.c.obj
 *fill*         0x100045db        0x1 
 .rodata.__func__.2
                0x100045dc       0x13 CMakeFiles/blink.dir/E_/Projects/VSARM/sdk/pico/pico-sdk/src/rp2_common/hardware_irq/irq.c.obj
 *fill*         0x100045ef        0x1 
 .rodata.__func__.3
                0x100045f0        0xc CMakeFiles/blink.dir/E_/Projects/VSARM/sdk/pico/pico-sdk/src/rp2_common/hardware_irq/irq.c.obj
 .rodata.__func__.4
                0x100045fc        0xf CMakeFiles/blink.dir/E_/Projects/VSARM/sdk/pico/pico-sdk/src/rp2_common/hardware_irq/irq.c.obj
 *fill*         0x1000460b        0x1 
 .rodata.__func__.6
                0x1000460c       0x1a CMakeFiles/blink.dir/E_/Projects/VSARM/sdk/pico/pico-sdk/src/rp2_common/hardware_irq/irq.c.obj
 *fill*         0x10004626        0x2 
 .rodata.repeating_timer_callback.str1.4
                0x10004628       0x54 CMakeFiles/blink.dir/E_/Projects/VSARM/sdk/pico/pico-sdk/src/common/pico_time/time.c.obj
 .rodata.alarm_pool_dump_key.str1.4
                0x1000467c       0x33 CMakeFiles/blink.dir/E_/Projects/VSARM/sdk/pico/pico-sdk/src/common/pico_time/time.c.obj
 *fill*         0x100046af        0x1 
 .rodata.ph_add_child_node.str1.4
                0x100046b0       0x9e CMakeFiles/blink.dir/E_/Projects/VSARM/sdk/pico/pico-sdk/src/common/pico_time/time.c.obj
 *fill*         0x1000474e        0x2 
 .rodata.add_alarm_under_lock.str1.4
                0x10004750       0x28 CMakeFiles/blink.dir/E_/Projects/VSARM/sdk/pico/pico-sdk/src/common/pico_time/time.c.obj
                                 0x2b (size before relaxing)
 .rodata.alarm_pool_alarm_callback.str1.4
                0x10004778       0xee CMakeFiles/blink.dir/E_/Projects/VSARM/sdk/pico/pico-sdk/src/common/pico_time/time.c.obj
 *fill*         0x10004866        0x2 
 .rodata.alarm_pool_get_default.str1.4
                0x10004868       0x21 CMakeFiles/blink.dir/E_/Projects/VSARM/sdk/pico/pico-sdk/src/common/pico_time/time.c.obj
 *fill*         0x10004889        0x3 
 .rodata.sleep_until.str1.4
                0x1000488c       0x4d CMakeFiles/blink.dir/E_/Projects/VSARM/sdk/pico/pico-sdk/src/common/pico_time/time.c.obj
 *fill*         0x100048d9        0x3 
 .rodata.__func__.10
                0x100048dc       0x15 CMakeFiles/blink.dir/E_/Projects/VSARM/sdk/pico/pico-sdk/src/common/pico_time/time.c.obj
 *fill*         0x100048f1        0x3 
 .rodata.__func__.11
                0x100048f4       0x1a CMakeFiles/blink.dir/E_/Projects/VSARM/sdk/pico/pico-sdk/src/common/pico_time/time.c.obj
 *fill*         0x1000490e        0x2 
 .rodata.__func__.12
                0x10004910        0xa CMakeFiles/blink.dir/E_/Projects/VSARM/sdk/pico/pico-sdk/src/common/pico_time/time.c.obj
 *fill*         0x1000491a        0x2 
 .rodata.__func__.3
                0x1000491c       0x17 CMakeFiles/blink.dir/E_/Projects/VSARM/sdk/pico/pico-sdk/src/common/pico_time/time.c.obj
 *fill*         0x10004933        0x1 
 .rodata.__func__.4
                0x10004934       0x12 CMakeFiles/blink.dir/E_/Projects/VSARM/sdk/pico/pico-sdk/src/common/pico_time/time.c.obj
 *fill*         0x10004946        0x2 
 .rodata.__func__.5
                0x10004948        0xd CMakeFiles/blink.dir/E_/Projects/VSARM/sdk/pico/pico-sdk/src/common/pico_time/time.c.obj
 *fill*         0x10004955        0x3 
 .rodata.__func__.6
                0x10004958       0x12 CMakeFiles/blink.dir/E_/Projects/VSARM/sdk/pico/pico-sdk/src/common/pico_time/time.c.obj
 *fill*         0x1000496a        0x2 
 .rodata.__func__.7
                0x1000496c        0xf CMakeFiles/blink.dir/E_/Projects/VSARM/sdk/pico/pico-sdk/src/common/pico_time/time.c.obj
 *fill*         0x1000497b        0x1 
 .rodata.__func__.8
                0x1000497c        0xc CMakeFiles/blink.dir/E_/Projects/VSARM/sdk/pico/pico-sdk/src/common/pico_time/time.c.obj
 .rodata.__func__.9
                0x10004988       0x15 CMakeFiles/blink.dir/E_/Projects/VSARM/sdk/pico/pico-sdk/src/common/pico_time/time.c.obj
 *fill*         0x1000499d        0x3 
 .rodata.hardware_alarm_claim.str1.4
                0x100049a0       0x22 CMakeFiles/blink.dir/E_/Projects/VSARM/sdk/pico/pico-sdk/src/rp2_common/hardware_timer/timer.c.obj
 *fill*         0x100049c2        0x2 
 .rodata.hardware_alarm_set_target.str1.4
                0x100049c4       0x6e CMakeFiles/blink.dir/E_/Projects/VSARM/sdk/pico/pico-sdk/src/rp2_common/hardware_timer/timer.c.obj
 *fill*         0x10004a32        0x2 
 .rodata.__func__.0
                0x10004a34       0x1a CMakeFiles/blink.dir/E_/Projects/VSARM/sdk/pico/pico-sdk/src/rp2_common/hardware_timer/timer.c.obj
 .rodata.ph_add_child_node.str1.4
                0x10004a4e       0x9e CMakeFiles/blink.dir/E_/Projects/VSARM/sdk/pico/pico-sdk/src/common/pico_util/pheap.c.obj
 *fill*         0x10004a4e        0x2 
 .rodata.ph_remove_any_head.str1.4
                0x10004a50       0x98 CMakeFiles/blink.dir/E_/Projects/VSARM/sdk/pico/pico-sdk/src/common/pico_util/pheap.c.obj
 .rodata.ph_remove_and_free_node.str1.4
                0x10004ae8       0x1e CMakeFiles/blink.dir/E_/Projects/VSARM/sdk/pico/pico-sdk/src/common/pico_util/pheap.c.obj
                                 0x26 (size before relaxing)
 *fill*         0x10004b06        0x2 
 .rodata.__func__.0
                0x10004b08       0x18 CMakeFiles/blink.dir/E_/Projects/VSARM/sdk/pico/pico-sdk/src/common/pico_util/pheap.c.obj
 .rodata.__func__.1
                0x10004b20       0x13 CMakeFiles/blink.dir/E_/Projects/VSARM/sdk/pico/pico-sdk/src/common/pico_util/pheap.c.obj
 *fill*         0x10004b33        0x1 
 .rodata.__func__.2
                0x10004b34       0x12 CMakeFiles/blink.dir/E_/Projects/VSARM/sdk/pico/pico-sdk/src/common/pico_util/pheap.c.obj
 *fill*         0x10004b46        0x2 
 .rodata.__func__.3
                0x10004b48        0xc CMakeFiles/blink.dir/E_/Projects/VSARM/sdk/pico/pico-sdk/src/common/pico_util/pheap.c.obj
 .rodata.str1.4
                0x10004b54       0x95 CMakeFiles/blink.dir/E_/Projects/VSARM/sdk/pico/pico-sdk/src/common/pico_sync/mutex.c.obj
                                0x101 (size before relaxing)
 *fill*         0x10004be9        0x3 
 .rodata.__func__.1
                0x10004bec        0xb CMakeFiles/blink.dir/E_/Projects/VSARM/sdk/pico/pico-sdk/src/common/pico_sync/mutex.c.obj
 *fill*         0x10004bf7        0x1 
 .rodata.__assert_func.str1.4
                0x10004bf8       0x3f CMakeFiles/blink.dir/E_/Projects/VSARM/sdk/pico/pico-sdk/src/rp2_common/pico_runtime/runtime.c.obj
                                 0x43 (size before relaxing)
 *fill*         0x10004c37        0x1 
 .rodata.runtime_init.str1.4
                0x10004c38       0x6a CMakeFiles/blink.dir/E_/Projects/VSARM/sdk/pico/pico-sdk/src/rp2_common/pico_runtime/runtime.c.obj
 *fill*         0x10004ca2        0x2 
 .rodata.panic.str1.4
                0x10004ca4       0x12 CMakeFiles/blink.dir/E_/Projects/VSARM/sdk/pico/pico-sdk/src/rp2_common/pico_runtime/runtime.c.obj
 *fill*         0x10004cb6        0x2 
 .rodata.__func__.1
                0x10004cb8        0xd CMakeFiles/blink.dir/E_/Projects/VSARM/sdk/pico/pico-sdk/src/rp2_common/pico_runtime/runtime.c.obj
 *fill*         0x10004cc5        0x3 
 .rodata.clock_configure.str1.4
                0x10004cc8       0x60 CMakeFiles/blink.dir/E_/Projects/VSARM/sdk/pico/pico-sdk/src/rp2_common/hardware_clocks/clocks.c.obj
 .rodata.__func__.1
                0x10004d28       0x10 CMakeFiles/blink.dir/E_/Projects/VSARM/sdk/pico/pico-sdk/src/rp2_common/hardware_clocks/clocks.c.obj
 .rodata.pll_init.str1.4
                0x10004d38      0x143 CMakeFiles/blink.dir/E_/Projects/VSARM/sdk/pico/pico-sdk/src/rp2_common/hardware_pll/pll.c.obj
 *fill*         0x10004e7b        0x1 
 .rodata.__func__.0
                0x10004e7c        0x9 CMakeFiles/blink.dir/E_/Projects/VSARM/sdk/pico/pico-sdk/src/rp2_common/hardware_pll/pll.c.obj
 *fill*         0x10004e85        0x3 
 .rodata._ftoa.str1.4
                0x10004e88       0x15 CMakeFiles/blink.dir/E_/Projects/VSARM/sdk/pico/pico-sdk/src/rp2_common/pico_printf/printf.c.obj
 *fill*         0x10004e9d        0x3 
 .rodata._vsnprintf
                0x10004ea0      0x19c CMakeFiles/blink.dir/E_/Projects/VSARM/sdk/pico/pico-sdk/src/rp2_common/pico_printf/printf.c.obj
 *fill*         0x1000503c        0x4 
 .rodata.pow10.0
                0x10005040       0x50 CMakeFiles/blink.dir/E_/Projects/VSARM/sdk/pico/pico-sdk/src/rp2_common/pico_printf/printf.c.obj
 .rodata.__aeabi_double_init.str1.4
                0x10005090       0xb1 CMakeFiles/blink.dir/E_/Projects/VSARM/sdk/pico/pico-sdk/src/rp2_common/pico_double/double_init_rom.c.obj
 *fill*         0x10005141        0x3 
 .rodata.__func__.0
                0x10005144       0x14 CMakeFiles/blink.dir/E_/Projects/VSARM/sdk/pico/pico-sdk/src/rp2_common/pico_double/double_init_rom.c.obj
 .rodata.__aeabi_float_init.str1.4
                0x10005158       0x83 CMakeFiles/blink.dir/E_/Projects/VSARM/sdk/pico/pico-sdk/src/rp2_common/pico_float/float_init_rom.c.obj
                                 0x87 (size before relaxing)
 *fill*         0x100051db        0x1 
 .rodata.__func__.0
                0x100051dc       0x13 CMakeFiles/blink.dir/E_/Projects/VSARM/sdk/pico/pico-sdk/src/rp2_common/pico_float/float_init_rom.c.obj
 *fill*         0x100051ef        0x1 
 .rodata.str1.4
                0x100051f0       0x3c CMakeFiles/blink.dir/E_/Projects/VSARM/sdk/pico/pico-sdk/src/rp2_common/pico_standard_link/binary_info.c.obj
 .rodata.__bi_44
                0x1000522c        0xc CMakeFiles/blink.dir/E_/Projects/VSARM/sdk/pico/pico-sdk/src/rp2_common/pico_standard_link/binary_info.c.obj
 .rodata.__bi_75
                0x10005238        0xc CMakeFiles/blink.dir/E_/Projects/VSARM/sdk/pico/pico-sdk/src/rp2_common/pico_standard_link/binary_info.c.obj
 .rodata.__bi_81
                0x10005244        0xc CMakeFiles/blink.dir/E_/Projects/VSARM/sdk/pico/pico-sdk/src/rp2_common/pico_standard_link/binary_info.c.obj
 .rodata.crlf_str.3
                0x10005250        0x2 CMakeFiles/blink.dir/E_/Projects/VSARM/sdk/pico/pico-sdk/src/rp2_common/pico_stdio/stdio.c.obj
 *fill*         0x10005252        0x2 
 .rodata.str1.4
                0x10005254       0x2c CMakeFiles/blink.dir/E_/Projects/VSARM/sdk/pico/pico-sdk/src/rp2_common/pico_stdio_uart/stdio_uart.c.obj
 .rodata.__bi_28.4
                0x10005280        0xc CMakeFiles/blink.dir/E_/Projects/VSARM/sdk/pico/pico-sdk/src/rp2_common/pico_stdio_uart/stdio_uart.c.obj
 .rodata.__bi_29.5
                0x1000528c        0x8 CMakeFiles/blink.dir/E_/Projects/VSARM/sdk/pico/pico-sdk/src/rp2_common/pico_stdio_uart/stdio_uart.c.obj
                0x10005294                . = ALIGN (0x4)
 *(SORT_BY_ALIGNMENT(SORT_BY_NAME(.flashdata*)))
                0x10005294                . = ALIGN (0x4)

.rel.dyn        0x10005294        0x0
 .rel.iplt      0x10005294        0x0 e:/projects/vsarm/armcc/11.2 2022.02/bin/../lib/gcc/arm-none-eabi/11.2.1/thumb/v6-m/nofp/crtbegin.o

.ARM.extab
 *(.ARM.extab* .gnu.linkonce.armextab.*)
                0x10005294                __exidx_start = .

.ARM.exidx
 *(.ARM.exidx* .gnu.linkonce.armexidx.*)
                0x10005294                __exidx_end = .
                0x10005294                . = ALIGN (0x4)
                0x10005294                __binary_info_start = .

.binary_info    0x10005294       0x24
 *(.binary_info.keep.*)
 .binary_info.keep.__bi_ptr22
                0x10005294        0x4 CMakeFiles/blink.dir/E_/Projects/VSARM/sdk/pico/pico-sdk/src/rp2_common/pico_standard_link/binary_info.c.obj
 .binary_info.keep.__bi_ptr30
                0x10005298        0x4 CMakeFiles/blink.dir/E_/Projects/VSARM/sdk/pico/pico-sdk/src/rp2_common/pico_standard_link/binary_info.c.obj
 .binary_info.keep.__bi_ptr38
                0x1000529c        0x4 CMakeFiles/blink.dir/E_/Projects/VSARM/sdk/pico/pico-sdk/src/rp2_common/pico_standard_link/binary_info.c.obj
 .binary_info.keep.__bi_ptr44
                0x100052a0        0x4 CMakeFiles/blink.dir/E_/Projects/VSARM/sdk/pico/pico-sdk/src/rp2_common/pico_standard_link/binary_info.c.obj
 .binary_info.keep.__bi_ptr50
                0x100052a4        0x4 CMakeFiles/blink.dir/E_/Projects/VSARM/sdk/pico/pico-sdk/src/rp2_common/pico_standard_link/binary_info.c.obj
 .binary_info.keep.__bi_ptr75
                0x100052a8        0x4 CMakeFiles/blink.dir/E_/Projects/VSARM/sdk/pico/pico-sdk/src/rp2_common/pico_standard_link/binary_info.c.obj
 .binary_info.keep.__bi_ptr81
                0x100052ac        0x4 CMakeFiles/blink.dir/E_/Projects/VSARM/sdk/pico/pico-sdk/src/rp2_common/pico_standard_link/binary_info.c.obj
 *(.binary_info.*)
 .binary_info.__bi_ptr28
                0x100052b0        0x4 CMakeFiles/blink.dir/E_/Projects/VSARM/sdk/pico/pico-sdk/src/rp2_common/pico_stdio_uart/stdio_uart.c.obj
 .binary_info.__bi_ptr29
                0x100052b4        0x4 CMakeFiles/blink.dir/E_/Projects/VSARM/sdk/pico/pico-sdk/src/rp2_common/pico_stdio_uart/stdio_uart.c.obj
                0x100052b8                __binary_info_end = .
                0x100052b8                . = ALIGN (0x4)
                0x100052b8                __etext = .

.ram_vector_table
                0x20000000       0xc0
 *(.ram_vector_table)
 .ram_vector_table
                0x20000000       0xc0 CMakeFiles/blink.dir/E_/Projects/VSARM/sdk/pico/pico-sdk/src/rp2_common/pico_runtime/runtime.c.obj
                0x20000000                ram_vector_table

.data           0x200000c0      0x1c0 load address 0x100052b8
                0x200000c0                __data_start__ = .
 *(vtable)
 *(.time_critical*)
 .time_critical.mutex_enter_blocking
                0x200000c0       0x48 CMakeFiles/blink.dir/E_/Projects/VSARM/sdk/pico/pico-sdk/src/common/pico_sync/mutex.c.obj
                0x200000c0                mutex_enter_blocking
 .time_critical.mutex_try_enter
                0x20000108       0x46 CMakeFiles/blink.dir/E_/Projects/VSARM/sdk/pico/pico-sdk/src/common/pico_sync/mutex.c.obj
                0x20000108                mutex_try_enter
 *fill*         0x2000014e        0x2 
 .time_critical.mutex_exit
                0x20000150       0x4c CMakeFiles/blink.dir/E_/Projects/VSARM/sdk/pico/pico-sdk/src/common/pico_sync/mutex.c.obj
                0x20000150                mutex_exit
 *(.text*)
 .text          0x2000019c        0x4 e:/projects/vsarm/armcc/11.2 2022.02/bin/../lib/gcc/arm-none-eabi/11.2.1/thumb/v6-m/nofp\libgcc.a(_dvmd_tls.o)
                0x2000019c                __aeabi_idiv0
                0x2000019c                __aeabi_ldiv0
 .text.__stub   0x200001a0       0x10 linker stubs
                0x200001b0                . = ALIGN (0x4)
 *(.rodata*)
                0x200001b0                . = ALIGN (0x4)
 *(.data*)
 .data.striped_spin_lock_num
                0x200001b0        0x1 CMakeFiles/blink.dir/E_/Projects/VSARM/sdk/pico/pico-sdk/src/rp2_common/hardware_sync/sync.c.obj
 *fill*         0x200001b1        0x3 
 .data          0x200001b4       0x48 CMakeFiles/blink.dir/E_/Projects/VSARM/sdk/pico/pico-sdk/src/rp2_common/hardware_irq/irq_handler_chain.S.obj
                0x200001b4                irq_handler_chain_slots
                0x200001e4                irq_handler_chain_first_slot
                0x200001ee                irq_handler_chain_remove_tail
 .data.default_alarm_pool
                0x200001fc       0x18 CMakeFiles/blink.dir/E_/Projects/VSARM/sdk/pico/pico-sdk/src/common/pico_time/time.c.obj
 .data.default_alarm_pool_heap
                0x20000214       0x10 CMakeFiles/blink.dir/E_/Projects/VSARM/sdk/pico/pico-sdk/src/common/pico_time/time.c.obj
 *fill*         0x20000224        0xc 
 .data.aeabi_bits_funcs
                0x20000230       0x10 CMakeFiles/blink.dir/E_/Projects/VSARM/sdk/pico/pico-sdk/src/rp2_common/pico_bit_ops/bit_ops_aeabi.S.obj
                0x20000230                aeabi_bits_funcs
                0x20000240                aeabi_bits_funcs_end
 .data.aeabi_mem_funcs
                0x20000240       0x10 CMakeFiles/blink.dir/E_/Projects/VSARM/sdk/pico/pico-sdk/src/rp2_common/pico_mem_ops/mem_ops_aeabi.S.obj
                0x20000240                aeabi_mem_funcs
                0x20000250                aeabi_mem_funcs_end
 .data.stdio_uart
                0x20000250       0x14 CMakeFiles/blink.dir/E_/Projects/VSARM/sdk/pico/pico-sdk/src/rp2_common/pico_stdio_uart/stdio_uart.c.obj
                0x20000250                stdio_uart
                0x20000264                . = ALIGN (0x4)
 *(.after_data.*)
                0x20000264                . = ALIGN (0x4)
                0x20000264                PROVIDE (__mutex_array_start = .)
 *(SORT_BY_NAME(.mutex_array.*))
 *(.mutex_array)
 .mutex_array   0x20000264        0x8 CMakeFiles/blink.dir/E_/Projects/VSARM/sdk/pico/pico-sdk/src/rp2_common/pico_stdio/stdio.c.obj
                0x2000026c                PROVIDE (__mutex_array_end = .)
                0x2000026c                . = ALIGN (0x4)
                0x2000026c                PROVIDE (__preinit_array_start = .)
 *(SORT_BY_NAME(.preinit_array.*))
 .preinit_array.00001
                0x2000026c        0x4 CMakeFiles/blink.dir/E_/Projects/VSARM/sdk/pico/pico-sdk/src/rp2_common/pico_mem_ops/mem_ops_aeabi.S.obj
 .preinit_array.00010
                0x20000270        0x4 CMakeFiles/blink.dir/E_/Projects/VSARM/sdk/pico/pico-sdk/src/rp2_common/pico_bit_ops/bit_ops_aeabi.S.obj
 .preinit_array.00020
                0x20000274        0x4 CMakeFiles/blink.dir/E_/Projects/VSARM/sdk/pico/pico-sdk/src/rp2_common/pico_double/double_aeabi.S.obj
 .preinit_array.00020
                0x20000278        0x4 CMakeFiles/blink.dir/E_/Projects/VSARM/sdk/pico/pico-sdk/src/rp2_common/pico_float/float_aeabi.S.obj
 *(.preinit_array)
                0x2000027c                PROVIDE (__preinit_array_end = .)
                0x2000027c                . = ALIGN (0x4)
                0x2000027c                PROVIDE (__init_array_start = .)
 *(SORT_BY_NAME(.init_array.*))
 *(.init_array)
 .init_array    0x2000027c        0x4 e:/projects/vsarm/armcc/11.2 2022.02/bin/../lib/gcc/arm-none-eabi/11.2.1/thumb/v6-m/nofp/crtbegin.o
                0x20000280                PROVIDE (__init_array_end = .)
                0x20000280                . = ALIGN (0x4)
                [!provide]                PROVIDE (__fini_array_start = .)
 *(SORT_BY_NAME(.fini_array.*))
 *(.fini_array)
                [!provide]                PROVIDE (__fini_array_end = .)
 *(.jcr)
                0x20000280                . = ALIGN (0x4)
                0x20000280                __data_end__ = .

.tm_clone_table
                0x20000280        0x0 load address 0x10005478
 .tm_clone_table
                0x20000280        0x0 e:/projects/vsarm/armcc/11.2 2022.02/bin/../lib/gcc/arm-none-eabi/11.2.1/thumb/v6-m/nofp/crtbegin.o
 .tm_clone_table
                0x20000280        0x0 e:/projects/vsarm/armcc/11.2 2022.02/bin/../lib/gcc/arm-none-eabi/11.2.1/thumb/v6-m/nofp/crtend.o

.igot.plt       0x20000280        0x0 load address 0x10005478
 .igot.plt      0x20000280        0x0 e:/projects/vsarm/armcc/11.2 2022.02/bin/../lib/gcc/arm-none-eabi/11.2.1/thumb/v6-m/nofp/crtbegin.o

.uninitialized_data
                0x20000280        0x0 load address 0x10005478
                0x20000280                . = ALIGN (0x4)
 *(.uninitialized_data*)

.scratch_x      0x20040000        0x0 load address 0x10005478
                0x20040000                __scratch_x_start__ = .
 *(.scratch_x.*)
                0x20040000                . = ALIGN (0x4)
                0x20040000                __scratch_x_end__ = .
                0x10005478                __scratch_x_source__ = LOADADDR (.scratch_x)

.scratch_y      0x20041000        0x0 load address 0x10005478
                0x20041000                __scratch_y_start__ = .
 *(.scratch_y.*)
                0x20041000                . = ALIGN (0x4)
                0x20041000                __scratch_y_end__ = .
                0x10005478                __scratch_y_source__ = LOADADDR (.scratch_y)

.bss            0x20000280      0x3cc
                0x20000280                . = ALIGN (0x4)
                0x20000280                __bss_start__ = .
 *(SORT_BY_ALIGNMENT(SORT_BY_NAME(.bss*)))
 .bss.default_alarm_pool_entries
                0x20000280      0x100 CMakeFiles/blink.dir/E_/Projects/VSARM/sdk/pico/pico-sdk/src/common/pico_time/time.c.obj
 .bss.alarm_callbacks
                0x20000380       0x10 CMakeFiles/blink.dir/E_/Projects/VSARM/sdk/pico/pico-sdk/src/rp2_common/hardware_timer/timer.c.obj
 .bss.configured_freq
                0x20000390       0x28 CMakeFiles/blink.dir/E_/Projects/VSARM/sdk/pico/pico-sdk/src/rp2_common/hardware_clocks/clocks.c.obj
 .bss.default_alarm_pool_entry_ids_high
                0x200003b8       0x10 CMakeFiles/blink.dir/E_/Projects/VSARM/sdk/pico/pico-sdk/src/common/pico_time/time.c.obj
 .bss.default_alarm_pool_heap_nodes
                0x200003c8       0x30 CMakeFiles/blink.dir/E_/Projects/VSARM/sdk/pico/pico-sdk/src/common/pico_time/time.c.obj
 .bss.drivers   0x200003f8        0x4 CMakeFiles/blink.dir/E_/Projects/VSARM/sdk/pico/pico-sdk/src/rp2_common/pico_stdio/stdio.c.obj
 .bss.filter    0x200003fc        0x4 CMakeFiles/blink.dir/E_/Projects/VSARM/sdk/pico/pico-sdk/src/rp2_common/pico_stdio/stdio.c.obj
 .bss.object.0  0x20000400       0x18 e:/projects/vsarm/armcc/11.2 2022.02/bin/../lib/gcc/arm-none-eabi/11.2.1/thumb/v6-m/nofp/crtbegin.o
 .bss.pools     0x20000418       0x10 CMakeFiles/blink.dir/E_/Projects/VSARM/sdk/pico/pico-sdk/src/common/pico_time/time.c.obj
 .bss.sd_table  0x20000428      0x100 CMakeFiles/blink.dir/E_/Projects/VSARM/sdk/pico/pico-sdk/src/rp2_common/pico_double/double_init_rom.c.obj
                0x20000428                sd_table
 .bss.sf_clz_func
                0x20000528        0x4 CMakeFiles/blink.dir/E_/Projects/VSARM/sdk/pico/pico-sdk/src/rp2_common/pico_double/double_init_rom.c.obj
                0x20000528                sf_clz_func
 .bss.sf_table  0x2000052c      0x100 CMakeFiles/blink.dir/E_/Projects/VSARM/sdk/pico/pico-sdk/src/rp2_common/pico_float/float_init_rom.c.obj
                0x2000052c                sf_table
 .bss.sleep_notifier
                0x2000062c        0x4 CMakeFiles/blink.dir/E_/Projects/VSARM/sdk/pico/pico-sdk/src/common/pico_time/time.c.obj
 .bss.target_hi
                0x20000630       0x10 CMakeFiles/blink.dir/E_/Projects/VSARM/sdk/pico/pico-sdk/src/rp2_common/hardware_timer/timer.c.obj
 .bss.uart_char_to_line_feed
                0x20000640        0x4 CMakeFiles/blink.dir/E_/Projects/VSARM/sdk/pico/pico-sdk/src/rp2_common/hardware_uart/uart.c.obj
                0x20000640                uart_char_to_line_feed
 .bss.uart_instance
                0x20000644        0x4 CMakeFiles/blink.dir/E_/Projects/VSARM/sdk/pico/pico-sdk/src/rp2_common/pico_stdio_uart/stdio_uart.c.obj
 .bss.claimed   0x20000648        0x1 CMakeFiles/blink.dir/E_/Projects/VSARM/sdk/pico/pico-sdk/src/rp2_common/hardware_timer/timer.c.obj
 .bss.irq_hander_chain_free_slot_head
                0x20000649        0x1 CMakeFiles/blink.dir/E_/Projects/VSARM/sdk/pico/pico-sdk/src/rp2_common/hardware_irq/irq.c.obj
 .bss.timer_callbacks_pending
                0x2000064a        0x1 CMakeFiles/blink.dir/E_/Projects/VSARM/sdk/pico/pico-sdk/src/rp2_common/hardware_timer/timer.c.obj
 *(COMMON)
                0x2000064c                . = ALIGN (0x4)
 *fill*         0x2000064b        0x1 
                0x2000064c                __bss_end__ = .

.heap           0x2000064c      0x800
                0x2000064c                __end__ = .
                0x2000064c                end = __end__
 *(.heap*)
 .heap          0x2000064c      0x800 CMakeFiles/blink.dir/E_/Projects/VSARM/sdk/pico/pico-sdk/src/rp2_common/pico_standard_link/crt0.S.obj
                0x20000e4c                __HeapLimit = .

.stack1_dummy   0x20040000        0x0
 *(.stack1*)

.stack_dummy    0x20041000      0x800
 *(.stack*)
 .stack         0x20041000      0x800 CMakeFiles/blink.dir/E_/Projects/VSARM/sdk/pico/pico-sdk/src/rp2_common/pico_standard_link/crt0.S.obj

.flash_end      0x10005478        0x0
                0x10005478                __flash_binary_end = .
                0x20040000                __StackLimit = (ORIGIN (RAM) + LENGTH (RAM))
                0x20041000                __StackOneTop = (ORIGIN (SCRATCH_X) + LENGTH (SCRATCH_X))
                0x20042000                __StackTop = (ORIGIN (SCRATCH_Y) + LENGTH (SCRATCH_Y))
                0x20041000                __StackOneBottom = (__StackOneTop - SIZEOF (.stack1_dummy))
                0x20041800                __StackBottom = (__StackTop - SIZEOF (.stack_dummy))
                0x20042000                PROVIDE (__stack = __StackTop)
                0x00000001                ASSERT ((__StackLimit >= __HeapLimit), region RAM overflowed)
                0x00000001                ASSERT (((__binary_info_header_end - __logical_binary_start) <= 0x100), Binary info must be in first 256 bytes of the binary)
LOAD CMakeFiles/blink.dir/main.c.obj
LOAD CMakeFiles/blink.dir/E_/Projects/VSARM/sdk/pico/pico-sdk/src/rp2_common/pico_stdlib/stdlib.c.obj
LOAD CMakeFiles/blink.dir/E_/Projects/VSARM/sdk/pico/pico-sdk/src/rp2_common/hardware_gpio/gpio.c.obj
LOAD CMakeFiles/blink.dir/E_/Projects/VSARM/sdk/pico/pico-sdk/src/rp2_common/hardware_claim/claim.c.obj
LOAD CMakeFiles/blink.dir/E_/Projects/VSARM/sdk/pico/pico-sdk/src/rp2_common/pico_platform/platform.c.obj
LOAD CMakeFiles/blink.dir/E_/Projects/VSARM/sdk/pico/pico-sdk/src/rp2_common/hardware_sync/sync.c.obj
LOAD CMakeFiles/blink.dir/E_/Projects/VSARM/sdk/pico/pico-sdk/src/rp2_common/hardware_irq/irq.c.obj
LOAD CMakeFiles/blink.dir/E_/Projects/VSARM/sdk/pico/pico-sdk/src/rp2_common/hardware_irq/irq_handler_chain.S.obj
LOAD CMakeFiles/blink.dir/E_/Projects/VSARM/sdk/pico/pico-sdk/src/common/pico_sync/sem.c.obj
LOAD CMakeFiles/blink.dir/E_/Projects/VSARM/sdk/pico/pico-sdk/src/common/pico_sync/lock_core.c.obj
LOAD CMakeFiles/blink.dir/E_/Projects/VSARM/sdk/pico/pico-sdk/src/common/pico_time/time.c.obj
LOAD CMakeFiles/blink.dir/E_/Projects/VSARM/sdk/pico/pico-sdk/src/common/pico_time/timeout_helper.c.obj
LOAD CMakeFiles/blink.dir/E_/Projects/VSARM/sdk/pico/pico-sdk/src/rp2_common/hardware_timer/timer.c.obj
LOAD CMakeFiles/blink.dir/E_/Projects/VSARM/sdk/pico/pico-sdk/src/common/pico_util/datetime.c.obj
LOAD CMakeFiles/blink.dir/E_/Projects/VSARM/sdk/pico/pico-sdk/src/common/pico_util/pheap.c.obj
LOAD CMakeFiles/blink.dir/E_/Projects/VSARM/sdk/pico/pico-sdk/src/common/pico_util/queue.c.obj
LOAD CMakeFiles/blink.dir/E_/Projects/VSARM/sdk/pico/pico-sdk/src/common/pico_sync/mutex.c.obj
LOAD CMakeFiles/blink.dir/E_/Projects/VSARM/sdk/pico/pico-sdk/src/common/pico_sync/critical_section.c.obj
LOAD CMakeFiles/blink.dir/E_/Projects/VSARM/sdk/pico/pico-sdk/src/rp2_common/hardware_uart/uart.c.obj
LOAD CMakeFiles/blink.dir/E_/Projects/VSARM/sdk/pico/pico-sdk/src/rp2_common/hardware_divider/divider.S.obj
LOAD CMakeFiles/blink.dir/E_/Projects/VSARM/sdk/pico/pico-sdk/src/rp2_common/pico_runtime/runtime.c.obj
LOAD CMakeFiles/blink.dir/E_/Projects/VSARM/sdk/pico/pico-sdk/src/rp2_common/hardware_clocks/clocks.c.obj
LOAD CMakeFiles/blink.dir/E_/Projects/VSARM/sdk/pico/pico-sdk/src/rp2_common/hardware_pll/pll.c.obj
LOAD CMakeFiles/blink.dir/E_/Projects/VSARM/sdk/pico/pico-sdk/src/rp2_common/hardware_vreg/vreg.c.obj
LOAD CMakeFiles/blink.dir/E_/Projects/VSARM/sdk/pico/pico-sdk/src/rp2_common/hardware_watchdog/watchdog.c.obj
LOAD CMakeFiles/blink.dir/E_/Projects/VSARM/sdk/pico/pico-sdk/src/rp2_common/hardware_xosc/xosc.c.obj
LOAD CMakeFiles/blink.dir/E_/Projects/VSARM/sdk/pico/pico-sdk/src/rp2_common/pico_printf/printf.c.obj
LOAD CMakeFiles/blink.dir/E_/Projects/VSARM/sdk/pico/pico-sdk/src/rp2_common/pico_bit_ops/bit_ops_aeabi.S.obj
LOAD CMakeFiles/blink.dir/E_/Projects/VSARM/sdk/pico/pico-sdk/src/rp2_common/pico_bootrom/bootrom.c.obj
LOAD CMakeFiles/blink.dir/E_/Projects/VSARM/sdk/pico/pico-sdk/src/rp2_common/pico_divider/divider.S.obj
LOAD CMakeFiles/blink.dir/E_/Projects/VSARM/sdk/pico/pico-sdk/src/rp2_common/pico_double/double_aeabi.S.obj
LOAD CMakeFiles/blink.dir/E_/Projects/VSARM/sdk/pico/pico-sdk/src/rp2_common/pico_double/double_init_rom.c.obj
LOAD CMakeFiles/blink.dir/E_/Projects/VSARM/sdk/pico/pico-sdk/src/rp2_common/pico_double/double_math.c.obj
LOAD CMakeFiles/blink.dir/E_/Projects/VSARM/sdk/pico/pico-sdk/src/rp2_common/pico_double/double_v1_rom_shim.S.obj
LOAD CMakeFiles/blink.dir/E_/Projects/VSARM/sdk/pico/pico-sdk/src/rp2_common/pico_int64_ops/pico_int64_ops_aeabi.S.obj
LOAD CMakeFiles/blink.dir/E_/Projects/VSARM/sdk/pico/pico-sdk/src/rp2_common/pico_float/float_aeabi.S.obj
LOAD CMakeFiles/blink.dir/E_/Projects/VSARM/sdk/pico/pico-sdk/src/rp2_common/pico_float/float_init_rom.c.obj
LOAD CMakeFiles/blink.dir/E_/Projects/VSARM/sdk/pico/pico-sdk/src/rp2_common/pico_float/float_math.c.obj
LOAD CMakeFiles/blink.dir/E_/Projects/VSARM/sdk/pico/pico-sdk/src/rp2_common/pico_float/float_v1_rom_shim.S.obj
LOAD CMakeFiles/blink.dir/E_/Projects/VSARM/sdk/pico/pico-sdk/src/rp2_common/pico_malloc/pico_malloc.c.obj
LOAD CMakeFiles/blink.dir/E_/Projects/VSARM/sdk/pico/pico-sdk/src/rp2_common/pico_mem_ops/mem_ops_aeabi.S.obj
LOAD CMakeFiles/blink.dir/E_/Projects/VSARM/sdk/pico/pico-sdk/src/rp2_common/pico_standard_link/crt0.S.obj
LOAD CMakeFiles/blink.dir/E_/Projects/VSARM/sdk/pico/pico-sdk/src/rp2_common/pico_standard_link/new_delete.cpp.obj
LOAD CMakeFiles/blink.dir/E_/Projects/VSARM/sdk/pico/pico-sdk/src/rp2_common/pico_standard_link/binary_info.c.obj
LOAD CMakeFiles/blink.dir/E_/Projects/VSARM/sdk/pico/pico-sdk/src/rp2_common/pico_stdio/stdio.c.obj
LOAD CMakeFiles/blink.dir/E_/Projects/VSARM/sdk/pico/pico-sdk/src/rp2_common/pico_stdio_uart/stdio_uart.c.obj
LOAD C:\Users\JAMESR~1\AppData\Local\Temp\ccOOkXAt.o
LOAD e:/projects/vsarm/armcc/11.2 2022.02/bin/../lib/gcc/arm-none-eabi/11.2.1/thumb/v6-m/nofp\libstdc++.a
LOAD e:/projects/vsarm/armcc/11.2 2022.02/bin/../lib/gcc/arm-none-eabi/11.2.1/thumb/v6-m/nofp\libm.a
START GROUP
LOAD e:/projects/vsarm/armcc/11.2 2022.02/bin/../lib/gcc/arm-none-eabi/11.2.1/thumb/v6-m/nofp\libgcc.a
LOAD e:/projects/vsarm/armcc/11.2 2022.02/bin/../lib/gcc/arm-none-eabi/11.2.1/thumb/v6-m/nofp\libg.a
LOAD e:/projects/vsarm/armcc/11.2 2022.02/bin/../lib/gcc/arm-none-eabi/11.2.1/thumb/v6-m/nofp\libc.a
END GROUP
START GROUP
LOAD e:/projects/vsarm/armcc/11.2 2022.02/bin/../lib/gcc/arm-none-eabi/11.2.1/thumb/v6-m/nofp\libgcc.a
LOAD e:/projects/vsarm/armcc/11.2 2022.02/bin/../lib/gcc/arm-none-eabi/11.2.1/thumb/v6-m/nofp\libc.a
LOAD e:/projects/vsarm/armcc/11.2 2022.02/bin/../lib/gcc/arm-none-eabi/11.2.1/thumb/v6-m/nofp\libnosys.a
END GROUP
LOAD e:/projects/vsarm/armcc/11.2 2022.02/bin/../lib/gcc/arm-none-eabi/11.2.1/thumb/v6-m/nofp/crtend.o
LOAD e:/projects/vsarm/armcc/11.2 2022.02/bin/../lib/gcc/arm-none-eabi/11.2.1/thumb/v6-m/nofp/crtn.o
OUTPUT(blink.elf elf32-littlearm)
LOAD linker stubs

.ARM.attributes
                0x00000000       0x28
 .ARM.attributes
                0x00000000       0x1e e:/projects/vsarm/armcc/11.2 2022.02/bin/../lib/gcc/arm-none-eabi/11.2.1/thumb/v6-m/nofp/crti.o
 .ARM.attributes
                0x0000001e       0x2c e:/projects/vsarm/armcc/11.2 2022.02/bin/../lib/gcc/arm-none-eabi/11.2.1/thumb/v6-m/nofp/crtbegin.o
 .ARM.attributes
                0x0000004a       0x2c CMakeFiles/blink.dir/main.c.obj
 .ARM.attributes
                0x00000076       0x2c CMakeFiles/blink.dir/E_/Projects/VSARM/sdk/pico/pico-sdk/src/rp2_common/hardware_gpio/gpio.c.obj
 .ARM.attributes
                0x000000a2       0x2c CMakeFiles/blink.dir/E_/Projects/VSARM/sdk/pico/pico-sdk/src/rp2_common/hardware_claim/claim.c.obj
 .ARM.attributes
                0x000000ce       0x2c CMakeFiles/blink.dir/E_/Projects/VSARM/sdk/pico/pico-sdk/src/rp2_common/pico_platform/platform.c.obj
 .ARM.attributes
                0x000000fa       0x2c CMakeFiles/blink.dir/E_/Projects/VSARM/sdk/pico/pico-sdk/src/rp2_common/hardware_sync/sync.c.obj
 .ARM.attributes
                0x00000126       0x2c CMakeFiles/blink.dir/E_/Projects/VSARM/sdk/pico/pico-sdk/src/rp2_common/hardware_irq/irq.c.obj
 .ARM.attributes
                0x00000152       0x22 CMakeFiles/blink.dir/E_/Projects/VSARM/sdk/pico/pico-sdk/src/rp2_common/hardware_irq/irq_handler_chain.S.obj
 .ARM.attributes
                0x00000174       0x2c CMakeFiles/blink.dir/E_/Projects/VSARM/sdk/pico/pico-sdk/src/common/pico_sync/lock_core.c.obj
 .ARM.attributes
                0x000001a0       0x2c CMakeFiles/blink.dir/E_/Projects/VSARM/sdk/pico/pico-sdk/src/common/pico_time/time.c.obj
 .ARM.attributes
                0x000001cc       0x2c CMakeFiles/blink.dir/E_/Projects/VSARM/sdk/pico/pico-sdk/src/rp2_common/hardware_timer/timer.c.obj
 .ARM.attributes
                0x000001f8       0x2c CMakeFiles/blink.dir/E_/Projects/VSARM/sdk/pico/pico-sdk/src/common/pico_util/pheap.c.obj
 .ARM.attributes
                0x00000224       0x2c CMakeFiles/blink.dir/E_/Projects/VSARM/sdk/pico/pico-sdk/src/common/pico_sync/mutex.c.obj
 .ARM.attributes
                0x00000250       0x2c CMakeFiles/blink.dir/E_/Projects/VSARM/sdk/pico/pico-sdk/src/rp2_common/hardware_uart/uart.c.obj
 .ARM.attributes
                0x0000027c       0x2c CMakeFiles/blink.dir/E_/Projects/VSARM/sdk/pico/pico-sdk/src/rp2_common/pico_runtime/runtime.c.obj
 .ARM.attributes
                0x000002a8       0x2c CMakeFiles/blink.dir/E_/Projects/VSARM/sdk/pico/pico-sdk/src/rp2_common/hardware_clocks/clocks.c.obj
 .ARM.attributes
                0x000002d4       0x2c CMakeFiles/blink.dir/E_/Projects/VSARM/sdk/pico/pico-sdk/src/rp2_common/hardware_pll/pll.c.obj
 .ARM.attributes
                0x00000300       0x2c CMakeFiles/blink.dir/E_/Projects/VSARM/sdk/pico/pico-sdk/src/rp2_common/hardware_watchdog/watchdog.c.obj
 .ARM.attributes
                0x0000032c       0x2c CMakeFiles/blink.dir/E_/Projects/VSARM/sdk/pico/pico-sdk/src/rp2_common/hardware_xosc/xosc.c.obj
 .ARM.attributes
                0x00000358       0x2c CMakeFiles/blink.dir/E_/Projects/VSARM/sdk/pico/pico-sdk/src/rp2_common/pico_printf/printf.c.obj
 .ARM.attributes
                0x00000384       0x22 CMakeFiles/blink.dir/E_/Projects/VSARM/sdk/pico/pico-sdk/src/rp2_common/pico_bit_ops/bit_ops_aeabi.S.obj
 .ARM.attributes
                0x000003a6       0x2c CMakeFiles/blink.dir/E_/Projects/VSARM/sdk/pico/pico-sdk/src/rp2_common/pico_bootrom/bootrom.c.obj
 .ARM.attributes
                0x000003d2       0x22 CMakeFiles/blink.dir/E_/Projects/VSARM/sdk/pico/pico-sdk/src/rp2_common/pico_divider/divider.S.obj
 .ARM.attributes
                0x000003f4       0x22 CMakeFiles/blink.dir/E_/Projects/VSARM/sdk/pico/pico-sdk/src/rp2_common/pico_double/double_aeabi.S.obj
 .ARM.attributes
                0x00000416       0x2c CMakeFiles/blink.dir/E_/Projects/VSARM/sdk/pico/pico-sdk/src/rp2_common/pico_double/double_init_rom.c.obj
 .ARM.attributes
                0x00000442       0x22 CMakeFiles/blink.dir/E_/Projects/VSARM/sdk/pico/pico-sdk/src/rp2_common/pico_double/double_v1_rom_shim.S.obj
 .ARM.attributes
                0x00000464       0x22 CMakeFiles/blink.dir/E_/Projects/VSARM/sdk/pico/pico-sdk/src/rp2_common/pico_int64_ops/pico_int64_ops_aeabi.S.obj
 .ARM.attributes
                0x00000486       0x22 CMakeFiles/blink.dir/E_/Projects/VSARM/sdk/pico/pico-sdk/src/rp2_common/pico_float/float_aeabi.S.obj
 .ARM.attributes
                0x000004a8       0x2c CMakeFiles/blink.dir/E_/Projects/VSARM/sdk/pico/pico-sdk/src/rp2_common/pico_float/float_init_rom.c.obj
 .ARM.attributes
                0x000004d4       0x22 CMakeFiles/blink.dir/E_/Projects/VSARM/sdk/pico/pico-sdk/src/rp2_common/pico_float/float_v1_rom_shim.S.obj
 .ARM.attributes
                0x000004f6       0x22 CMakeFiles/blink.dir/E_/Projects/VSARM/sdk/pico/pico-sdk/src/rp2_common/pico_mem_ops/mem_ops_aeabi.S.obj
 .ARM.attributes
                0x00000518       0x22 CMakeFiles/blink.dir/E_/Projects/VSARM/sdk/pico/pico-sdk/src/rp2_common/pico_standard_link/crt0.S.obj
 .ARM.attributes
                0x0000053a       0x2c CMakeFiles/blink.dir/E_/Projects/VSARM/sdk/pico/pico-sdk/src/rp2_common/pico_standard_link/binary_info.c.obj
 .ARM.attributes
                0x00000566       0x2c CMakeFiles/blink.dir/E_/Projects/VSARM/sdk/pico/pico-sdk/src/rp2_common/pico_stdio/stdio.c.obj
 .ARM.attributes
                0x00000592       0x2c CMakeFiles/blink.dir/E_/Projects/VSARM/sdk/pico/pico-sdk/src/rp2_common/pico_stdio_uart/stdio_uart.c.obj
 .ARM.attributes
                0x000005be       0x22 C:\Users\JAMESR~1\AppData\Local\Temp\ccOOkXAt.o
 .ARM.attributes
                0x000005e0       0x1e e:/projects/vsarm/armcc/11.2 2022.02/bin/../lib/gcc/arm-none-eabi/11.2.1/thumb/v6-m/nofp\libgcc.a(_dvmd_tls.o)
 .ARM.attributes
                0x000005fe       0x2c e:/projects/vsarm/armcc/11.2 2022.02/bin/../lib/gcc/arm-none-eabi/11.2.1/thumb/v6-m/nofp\libg.a(lib_a-strlen-stub.o)
 .ARM.attributes
                0x0000062a       0x2c e:/projects/vsarm/armcc/11.2 2022.02/bin/../lib/gcc/arm-none-eabi/11.2.1/thumb/v6-m/nofp/crtend.o

.comment        0x00000000       0x57
 .comment       0x00000000       0x57 e:/projects/vsarm/armcc/11.2 2022.02/bin/../lib/gcc/arm-none-eabi/11.2.1/thumb/v6-m/nofp/crtbegin.o
                                 0x58 (size before relaxing)
 .comment       0x00000057       0x58 CMakeFiles/blink.dir/main.c.obj
 .comment       0x00000057       0x58 CMakeFiles/blink.dir/E_/Projects/VSARM/sdk/pico/pico-sdk/src/rp2_common/hardware_gpio/gpio.c.obj
 .comment       0x00000057       0x58 CMakeFiles/blink.dir/E_/Projects/VSARM/sdk/pico/pico-sdk/src/rp2_common/hardware_claim/claim.c.obj
 .comment       0x00000057       0x58 CMakeFiles/blink.dir/E_/Projects/VSARM/sdk/pico/pico-sdk/src/rp2_common/pico_platform/platform.c.obj
 .comment       0x00000057       0x58 CMakeFiles/blink.dir/E_/Projects/VSARM/sdk/pico/pico-sdk/src/rp2_common/hardware_sync/sync.c.obj
 .comment       0x00000057       0x58 CMakeFiles/blink.dir/E_/Projects/VSARM/sdk/pico/pico-sdk/src/rp2_common/hardware_irq/irq.c.obj
 .comment       0x00000057       0x58 CMakeFiles/blink.dir/E_/Projects/VSARM/sdk/pico/pico-sdk/src/common/pico_sync/lock_core.c.obj
 .comment       0x00000057       0x58 CMakeFiles/blink.dir/E_/Projects/VSARM/sdk/pico/pico-sdk/src/common/pico_time/time.c.obj
 .comment       0x00000057       0x58 CMakeFiles/blink.dir/E_/Projects/VSARM/sdk/pico/pico-sdk/src/rp2_common/hardware_timer/timer.c.obj
 .comment       0x00000057       0x58 CMakeFiles/blink.dir/E_/Projects/VSARM/sdk/pico/pico-sdk/src/common/pico_util/pheap.c.obj
 .comment       0x00000057       0x58 CMakeFiles/blink.dir/E_/Projects/VSARM/sdk/pico/pico-sdk/src/common/pico_sync/mutex.c.obj
 .comment       0x00000057       0x58 CMakeFiles/blink.dir/E_/Projects/VSARM/sdk/pico/pico-sdk/src/rp2_common/hardware_uart/uart.c.obj
 .comment       0x00000057       0x58 CMakeFiles/blink.dir/E_/Projects/VSARM/sdk/pico/pico-sdk/src/rp2_common/pico_runtime/runtime.c.obj
 .comment       0x00000057       0x58 CMakeFiles/blink.dir/E_/Projects/VSARM/sdk/pico/pico-sdk/src/rp2_common/hardware_clocks/clocks.c.obj
 .comment       0x00000057       0x58 CMakeFiles/blink.dir/E_/Projects/VSARM/sdk/pico/pico-sdk/src/rp2_common/hardware_pll/pll.c.obj
 .comment       0x00000057       0x58 CMakeFiles/blink.dir/E_/Projects/VSARM/sdk/pico/pico-sdk/src/rp2_common/hardware_watchdog/watchdog.c.obj
 .comment       0x00000057       0x58 CMakeFiles/blink.dir/E_/Projects/VSARM/sdk/pico/pico-sdk/src/rp2_common/hardware_xosc/xosc.c.obj
 .comment       0x00000057       0x58 CMakeFiles/blink.dir/E_/Projects/VSARM/sdk/pico/pico-sdk/src/rp2_common/pico_printf/printf.c.obj
 .comment       0x00000057       0x58 CMakeFiles/blink.dir/E_/Projects/VSARM/sdk/pico/pico-sdk/src/rp2_common/pico_bootrom/bootrom.c.obj
 .comment       0x00000057       0x58 CMakeFiles/blink.dir/E_/Projects/VSARM/sdk/pico/pico-sdk/src/rp2_common/pico_double/double_init_rom.c.obj
 .comment       0x00000057       0x58 CMakeFiles/blink.dir/E_/Projects/VSARM/sdk/pico/pico-sdk/src/rp2_common/pico_float/float_init_rom.c.obj
 .comment       0x00000057       0x58 CMakeFiles/blink.dir/E_/Projects/VSARM/sdk/pico/pico-sdk/src/rp2_common/pico_standard_link/binary_info.c.obj
 .comment       0x00000057       0x58 CMakeFiles/blink.dir/E_/Projects/VSARM/sdk/pico/pico-sdk/src/rp2_common/pico_stdio/stdio.c.obj
 .comment       0x00000057       0x58 CMakeFiles/blink.dir/E_/Projects/VSARM/sdk/pico/pico-sdk/src/rp2_common/pico_stdio_uart/stdio_uart.c.obj
 .comment       0x00000057       0x58 e:/projects/vsarm/armcc/11.2 2022.02/bin/../lib/gcc/arm-none-eabi/11.2.1/thumb/v6-m/nofp\libg.a(lib_a-strlen-stub.o)
 .comment       0x00000057       0x58 e:/projects/vsarm/armcc/11.2 2022.02/bin/../lib/gcc/arm-none-eabi/11.2.1/thumb/v6-m/nofp/crtend.o

.debug_info     0x00000000    0x14021
 .debug_info    0x00000000      0x603 CMakeFiles/blink.dir/main.c.obj
 .debug_info    0x00000603     0x166e CMakeFiles/blink.dir/E_/Projects/VSARM/sdk/pico/pico-sdk/src/rp2_common/hardware_gpio/gpio.c.obj
 .debug_info    0x00001c71      0x69a CMakeFiles/blink.dir/E_/Projects/VSARM/sdk/pico/pico-sdk/src/rp2_common/hardware_claim/claim.c.obj
 .debug_info    0x0000230b      0x1fb CMakeFiles/blink.dir/E_/Projects/VSARM/sdk/pico/pico-sdk/src/rp2_common/pico_platform/platform.c.obj
 .debug_info    0x00002506      0x5db CMakeFiles/blink.dir/E_/Projects/VSARM/sdk/pico/pico-sdk/src/rp2_common/hardware_sync/sync.c.obj
 .debug_info    0x00002ae1     0x1c39 CMakeFiles/blink.dir/E_/Projects/VSARM/sdk/pico/pico-sdk/src/rp2_common/hardware_irq/irq.c.obj
 .debug_info    0x0000471a      0x1a3 CMakeFiles/blink.dir/E_/Projects/VSARM/sdk/pico/pico-sdk/src/common/pico_sync/lock_core.c.obj
 .debug_info    0x000048bd     0x3c01 CMakeFiles/blink.dir/E_/Projects/VSARM/sdk/pico/pico-sdk/src/common/pico_time/time.c.obj
 .debug_info    0x000084be     0x115e CMakeFiles/blink.dir/E_/Projects/VSARM/sdk/pico/pico-sdk/src/rp2_common/hardware_timer/timer.c.obj
 .debug_info    0x0000961c     0x1223 CMakeFiles/blink.dir/E_/Projects/VSARM/sdk/pico/pico-sdk/src/common/pico_util/pheap.c.obj
 .debug_info    0x0000a83f     0x2055 CMakeFiles/blink.dir/E_/Projects/VSARM/sdk/pico/pico-sdk/src/common/pico_sync/mutex.c.obj
 .debug_info    0x0000c894      0xb20 CMakeFiles/blink.dir/E_/Projects/VSARM/sdk/pico/pico-sdk/src/rp2_common/hardware_uart/uart.c.obj
 .debug_info    0x0000d3b4      0xa56 CMakeFiles/blink.dir/E_/Projects/VSARM/sdk/pico/pico-sdk/src/rp2_common/pico_runtime/runtime.c.obj
 .debug_info    0x0000de0a      0xf78 CMakeFiles/blink.dir/E_/Projects/VSARM/sdk/pico/pico-sdk/src/rp2_common/hardware_clocks/clocks.c.obj
 .debug_info    0x0000ed82      0x534 CMakeFiles/blink.dir/E_/Projects/VSARM/sdk/pico/pico-sdk/src/rp2_common/hardware_pll/pll.c.obj
 .debug_info    0x0000f2b6      0x4c5 CMakeFiles/blink.dir/E_/Projects/VSARM/sdk/pico/pico-sdk/src/rp2_common/hardware_watchdog/watchdog.c.obj
 .debug_info    0x0000f77b      0x1c7 CMakeFiles/blink.dir/E_/Projects/VSARM/sdk/pico/pico-sdk/src/rp2_common/hardware_xosc/xosc.c.obj
 .debug_info    0x0000f942     0x19b1 CMakeFiles/blink.dir/E_/Projects/VSARM/sdk/pico/pico-sdk/src/rp2_common/pico_printf/printf.c.obj
 .debug_info    0x000112f3       0x23 CMakeFiles/blink.dir/E_/Projects/VSARM/sdk/pico/pico-sdk/src/rp2_common/pico_bit_ops/bit_ops_aeabi.S.obj
 .debug_info    0x00011316      0x26d CMakeFiles/blink.dir/E_/Projects/VSARM/sdk/pico/pico-sdk/src/rp2_common/pico_bootrom/bootrom.c.obj
 .debug_info    0x00011583       0x23 CMakeFiles/blink.dir/E_/Projects/VSARM/sdk/pico/pico-sdk/src/rp2_common/pico_divider/divider.S.obj
 .debug_info    0x000115a6       0x23 CMakeFiles/blink.dir/E_/Projects/VSARM/sdk/pico/pico-sdk/src/rp2_common/pico_double/double_aeabi.S.obj
 .debug_info    0x000115c9      0x33f CMakeFiles/blink.dir/E_/Projects/VSARM/sdk/pico/pico-sdk/src/rp2_common/pico_double/double_init_rom.c.obj
 .debug_info    0x00011908       0x23 CMakeFiles/blink.dir/E_/Projects/VSARM/sdk/pico/pico-sdk/src/rp2_common/pico_double/double_v1_rom_shim.S.obj
 .debug_info    0x0001192b       0x24 CMakeFiles/blink.dir/E_/Projects/VSARM/sdk/pico/pico-sdk/src/rp2_common/pico_int64_ops/pico_int64_ops_aeabi.S.obj
 .debug_info    0x0001194f       0x23 CMakeFiles/blink.dir/E_/Projects/VSARM/sdk/pico/pico-sdk/src/rp2_common/pico_float/float_aeabi.S.obj
 .debug_info    0x00011972      0x34f CMakeFiles/blink.dir/E_/Projects/VSARM/sdk/pico/pico-sdk/src/rp2_common/pico_float/float_init_rom.c.obj
 .debug_info    0x00011cc1       0x23 CMakeFiles/blink.dir/E_/Projects/VSARM/sdk/pico/pico-sdk/src/rp2_common/pico_float/float_v1_rom_shim.S.obj
 .debug_info    0x00011ce4       0x23 CMakeFiles/blink.dir/E_/Projects/VSARM/sdk/pico/pico-sdk/src/rp2_common/pico_mem_ops/mem_ops_aeabi.S.obj
 .debug_info    0x00011d07       0x23 CMakeFiles/blink.dir/E_/Projects/VSARM/sdk/pico/pico-sdk/src/rp2_common/pico_standard_link/crt0.S.obj
 .debug_info    0x00011d2a      0x2b3 CMakeFiles/blink.dir/E_/Projects/VSARM/sdk/pico/pico-sdk/src/rp2_common/pico_standard_link/binary_info.c.obj
 .debug_info    0x00011fdd     0x12ff CMakeFiles/blink.dir/E_/Projects/VSARM/sdk/pico/pico-sdk/src/rp2_common/pico_stdio/stdio.c.obj
 .debug_info    0x000132dc      0xc36 CMakeFiles/blink.dir/E_/Projects/VSARM/sdk/pico/pico-sdk/src/rp2_common/pico_stdio_uart/stdio_uart.c.obj
 .debug_info    0x00013f12       0x24 e:/projects/vsarm/armcc/11.2 2022.02/bin/../lib/gcc/arm-none-eabi/11.2.1/thumb/v6-m/nofp\libgcc.a(_dvmd_tls.o)
 .debug_info    0x00013f36       0xeb e:/projects/vsarm/armcc/11.2 2022.02/bin/../lib/gcc/arm-none-eabi/11.2.1/thumb/v6-m/nofp\libg.a(lib_a-strlen-stub.o)

.debug_abbrev   0x00000000     0x443f
 .debug_abbrev  0x00000000      0x1cf CMakeFiles/blink.dir/main.c.obj
 .debug_abbrev  0x000001cf      0x34c CMakeFiles/blink.dir/E_/Projects/VSARM/sdk/pico/pico-sdk/src/rp2_common/hardware_gpio/gpio.c.obj
 .debug_abbrev  0x0000051b      0x2d0 CMakeFiles/blink.dir/E_/Projects/VSARM/sdk/pico/pico-sdk/src/rp2_common/hardware_claim/claim.c.obj
 .debug_abbrev  0x000007eb       0xf8 CMakeFiles/blink.dir/E_/Projects/VSARM/sdk/pico/pico-sdk/src/rp2_common/pico_platform/platform.c.obj
 .debug_abbrev  0x000008e3      0x249 CMakeFiles/blink.dir/E_/Projects/VSARM/sdk/pico/pico-sdk/src/rp2_common/hardware_sync/sync.c.obj
 .debug_abbrev  0x00000b2c      0x53e CMakeFiles/blink.dir/E_/Projects/VSARM/sdk/pico/pico-sdk/src/rp2_common/hardware_irq/irq.c.obj
 .debug_abbrev  0x0000106a      0x116 CMakeFiles/blink.dir/E_/Projects/VSARM/sdk/pico/pico-sdk/src/common/pico_sync/lock_core.c.obj
 .debug_abbrev  0x00001180      0x5e8 CMakeFiles/blink.dir/E_/Projects/VSARM/sdk/pico/pico-sdk/src/common/pico_time/time.c.obj
 .debug_abbrev  0x00001768      0x3c1 CMakeFiles/blink.dir/E_/Projects/VSARM/sdk/pico/pico-sdk/src/rp2_common/hardware_timer/timer.c.obj
 .debug_abbrev  0x00001b29      0x2c9 CMakeFiles/blink.dir/E_/Projects/VSARM/sdk/pico/pico-sdk/src/common/pico_util/pheap.c.obj
 .debug_abbrev  0x00001df2      0x3dc CMakeFiles/blink.dir/E_/Projects/VSARM/sdk/pico/pico-sdk/src/common/pico_sync/mutex.c.obj
 .debug_abbrev  0x000021ce      0x2e3 CMakeFiles/blink.dir/E_/Projects/VSARM/sdk/pico/pico-sdk/src/rp2_common/hardware_uart/uart.c.obj
 .debug_abbrev  0x000024b1      0x3e5 CMakeFiles/blink.dir/E_/Projects/VSARM/sdk/pico/pico-sdk/src/rp2_common/pico_runtime/runtime.c.obj
 .debug_abbrev  0x00002896      0x415 CMakeFiles/blink.dir/E_/Projects/VSARM/sdk/pico/pico-sdk/src/rp2_common/hardware_clocks/clocks.c.obj
 .debug_abbrev  0x00002cab      0x1e7 CMakeFiles/blink.dir/E_/Projects/VSARM/sdk/pico/pico-sdk/src/rp2_common/hardware_pll/pll.c.obj
 .debug_abbrev  0x00002e92      0x1a8 CMakeFiles/blink.dir/E_/Projects/VSARM/sdk/pico/pico-sdk/src/rp2_common/hardware_watchdog/watchdog.c.obj
 .debug_abbrev  0x0000303a      0x10c CMakeFiles/blink.dir/E_/Projects/VSARM/sdk/pico/pico-sdk/src/rp2_common/hardware_xosc/xosc.c.obj
 .debug_abbrev  0x00003146      0x38a CMakeFiles/blink.dir/E_/Projects/VSARM/sdk/pico/pico-sdk/src/rp2_common/pico_printf/printf.c.obj
 .debug_abbrev  0x000034d0       0x12 CMakeFiles/blink.dir/E_/Projects/VSARM/sdk/pico/pico-sdk/src/rp2_common/pico_bit_ops/bit_ops_aeabi.S.obj
 .debug_abbrev  0x000034e2      0x139 CMakeFiles/blink.dir/E_/Projects/VSARM/sdk/pico/pico-sdk/src/rp2_common/pico_bootrom/bootrom.c.obj
 .debug_abbrev  0x0000361b       0x12 CMakeFiles/blink.dir/E_/Projects/VSARM/sdk/pico/pico-sdk/src/rp2_common/pico_divider/divider.S.obj
 .debug_abbrev  0x0000362d       0x12 CMakeFiles/blink.dir/E_/Projects/VSARM/sdk/pico/pico-sdk/src/rp2_common/pico_double/double_aeabi.S.obj
 .debug_abbrev  0x0000363f      0x1ba CMakeFiles/blink.dir/E_/Projects/VSARM/sdk/pico/pico-sdk/src/rp2_common/pico_double/double_init_rom.c.obj
 .debug_abbrev  0x000037f9       0x12 CMakeFiles/blink.dir/E_/Projects/VSARM/sdk/pico/pico-sdk/src/rp2_common/pico_double/double_v1_rom_shim.S.obj
 .debug_abbrev  0x0000380b       0x14 CMakeFiles/blink.dir/E_/Projects/VSARM/sdk/pico/pico-sdk/src/rp2_common/pico_int64_ops/pico_int64_ops_aeabi.S.obj
 .debug_abbrev  0x0000381f       0x12 CMakeFiles/blink.dir/E_/Projects/VSARM/sdk/pico/pico-sdk/src/rp2_common/pico_float/float_aeabi.S.obj
 .debug_abbrev  0x00003831      0x1c6 CMakeFiles/blink.dir/E_/Projects/VSARM/sdk/pico/pico-sdk/src/rp2_common/pico_float/float_init_rom.c.obj
 .debug_abbrev  0x000039f7       0x12 CMakeFiles/blink.dir/E_/Projects/VSARM/sdk/pico/pico-sdk/src/rp2_common/pico_float/float_v1_rom_shim.S.obj
 .debug_abbrev  0x00003a09       0x12 CMakeFiles/blink.dir/E_/Projects/VSARM/sdk/pico/pico-sdk/src/rp2_common/pico_mem_ops/mem_ops_aeabi.S.obj
 .debug_abbrev  0x00003a1b       0x12 CMakeFiles/blink.dir/E_/Projects/VSARM/sdk/pico/pico-sdk/src/rp2_common/pico_standard_link/crt0.S.obj
 .debug_abbrev  0x00003a2d       0xb8 CMakeFiles/blink.dir/E_/Projects/VSARM/sdk/pico/pico-sdk/src/rp2_common/pico_standard_link/binary_info.c.obj
 .debug_abbrev  0x00003ae5      0x50a CMakeFiles/blink.dir/E_/Projects/VSARM/sdk/pico/pico-sdk/src/rp2_common/pico_stdio/stdio.c.obj
 .debug_abbrev  0x00003fef      0x3ac CMakeFiles/blink.dir/E_/Projects/VSARM/sdk/pico/pico-sdk/src/rp2_common/pico_stdio_uart/stdio_uart.c.obj
 .debug_abbrev  0x0000439b       0x14 e:/projects/vsarm/armcc/11.2 2022.02/bin/../lib/gcc/arm-none-eabi/11.2.1/thumb/v6-m/nofp\libgcc.a(_dvmd_tls.o)
 .debug_abbrev  0x000043af       0x90 e:/projects/vsarm/armcc/11.2 2022.02/bin/../lib/gcc/arm-none-eabi/11.2.1/thumb/v6-m/nofp\libg.a(lib_a-strlen-stub.o)

.debug_loclists
                0x00000000     0x84e9
 .debug_loclists
                0x00000000       0xa8 CMakeFiles/blink.dir/main.c.obj
 .debug_loclists
                0x000000a8      0x968 CMakeFiles/blink.dir/E_/Projects/VSARM/sdk/pico/pico-sdk/src/rp2_common/hardware_gpio/gpio.c.obj
 .debug_loclists
                0x00000a10      0x27b CMakeFiles/blink.dir/E_/Projects/VSARM/sdk/pico/pico-sdk/src/rp2_common/hardware_claim/claim.c.obj
 .debug_loclists
                0x00000c8b       0x9f CMakeFiles/blink.dir/E_/Projects/VSARM/sdk/pico/pico-sdk/src/rp2_common/pico_platform/platform.c.obj
 .debug_loclists
                0x00000d2a      0x157 CMakeFiles/blink.dir/E_/Projects/VSARM/sdk/pico/pico-sdk/src/rp2_common/hardware_sync/sync.c.obj
 .debug_loclists
                0x00000e81      0xc46 CMakeFiles/blink.dir/E_/Projects/VSARM/sdk/pico/pico-sdk/src/rp2_common/hardware_irq/irq.c.obj
 .debug_loclists
                0x00001ac7       0x4a CMakeFiles/blink.dir/E_/Projects/VSARM/sdk/pico/pico-sdk/src/common/pico_sync/lock_core.c.obj
 .debug_loclists
                0x00001b11     0x1c33 CMakeFiles/blink.dir/E_/Projects/VSARM/sdk/pico/pico-sdk/src/common/pico_time/time.c.obj
 .debug_loclists
                0x00003744      0x585 CMakeFiles/blink.dir/E_/Projects/VSARM/sdk/pico/pico-sdk/src/rp2_common/hardware_timer/timer.c.obj
 .debug_loclists
                0x00003cc9      0xc1b CMakeFiles/blink.dir/E_/Projects/VSARM/sdk/pico/pico-sdk/src/common/pico_util/pheap.c.obj
 .debug_loclists
                0x000048e4      0xc2b CMakeFiles/blink.dir/E_/Projects/VSARM/sdk/pico/pico-sdk/src/common/pico_sync/mutex.c.obj
 .debug_loclists
                0x0000550f      0x2eb CMakeFiles/blink.dir/E_/Projects/VSARM/sdk/pico/pico-sdk/src/rp2_common/hardware_uart/uart.c.obj
 .debug_loclists
                0x000057fa      0x272 CMakeFiles/blink.dir/E_/Projects/VSARM/sdk/pico/pico-sdk/src/rp2_common/pico_runtime/runtime.c.obj
 .debug_loclists
                0x00005a6c      0x4d8 CMakeFiles/blink.dir/E_/Projects/VSARM/sdk/pico/pico-sdk/src/rp2_common/hardware_clocks/clocks.c.obj
 .debug_loclists
                0x00005f44      0x1fb CMakeFiles/blink.dir/E_/Projects/VSARM/sdk/pico/pico-sdk/src/rp2_common/hardware_pll/pll.c.obj
 .debug_loclists
                0x0000613f      0x1ce CMakeFiles/blink.dir/E_/Projects/VSARM/sdk/pico/pico-sdk/src/rp2_common/hardware_watchdog/watchdog.c.obj
 .debug_loclists
                0x0000630d       0x48 CMakeFiles/blink.dir/E_/Projects/VSARM/sdk/pico/pico-sdk/src/rp2_common/hardware_xosc/xosc.c.obj
 .debug_loclists
                0x00006355     0x1590 CMakeFiles/blink.dir/E_/Projects/VSARM/sdk/pico/pico-sdk/src/rp2_common/pico_printf/printf.c.obj
 .debug_loclists
                0x000078e5       0xff CMakeFiles/blink.dir/E_/Projects/VSARM/sdk/pico/pico-sdk/src/rp2_common/pico_bootrom/bootrom.c.obj
 .debug_loclists
                0x000079e4       0x41 CMakeFiles/blink.dir/E_/Projects/VSARM/sdk/pico/pico-sdk/src/rp2_common/pico_double/double_init_rom.c.obj
 .debug_loclists
                0x00007a25       0x4f CMakeFiles/blink.dir/E_/Projects/VSARM/sdk/pico/pico-sdk/src/rp2_common/pico_float/float_init_rom.c.obj
 .debug_loclists
                0x00007a74      0x6f9 CMakeFiles/blink.dir/E_/Projects/VSARM/sdk/pico/pico-sdk/src/rp2_common/pico_stdio/stdio.c.obj
 .debug_loclists
                0x0000816d      0x31e CMakeFiles/blink.dir/E_/Projects/VSARM/sdk/pico/pico-sdk/src/rp2_common/pico_stdio_uart/stdio_uart.c.obj
 .debug_loclists
                0x0000848b       0x5e e:/projects/vsarm/armcc/11.2 2022.02/bin/../lib/gcc/arm-none-eabi/11.2.1/thumb/v6-m/nofp\libg.a(lib_a-strlen-stub.o)

.debug_aranges  0x00000000      0xdf8
 .debug_aranges
                0x00000000       0x20 CMakeFiles/blink.dir/main.c.obj
 .debug_aranges
                0x00000020      0x100 CMakeFiles/blink.dir/E_/Projects/VSARM/sdk/pico/pico-sdk/src/rp2_common/hardware_gpio/gpio.c.obj
 .debug_aranges
                0x00000120       0x48 CMakeFiles/blink.dir/E_/Projects/VSARM/sdk/pico/pico-sdk/src/rp2_common/hardware_claim/claim.c.obj
 .debug_aranges
                0x00000168       0x28 CMakeFiles/blink.dir/E_/Projects/VSARM/sdk/pico/pico-sdk/src/rp2_common/pico_platform/platform.c.obj
 .debug_aranges
                0x00000190       0x58 CMakeFiles/blink.dir/E_/Projects/VSARM/sdk/pico/pico-sdk/src/rp2_common/hardware_sync/sync.c.obj
 .debug_aranges
                0x000001e8       0xc8 CMakeFiles/blink.dir/E_/Projects/VSARM/sdk/pico/pico-sdk/src/rp2_common/hardware_irq/irq.c.obj
 .debug_aranges
                0x000002b0       0x20 CMakeFiles/blink.dir/E_/Projects/VSARM/sdk/pico/pico-sdk/src/common/pico_sync/lock_core.c.obj
 .debug_aranges
                0x000002d0       0xd0 CMakeFiles/blink.dir/E_/Projects/VSARM/sdk/pico/pico-sdk/src/common/pico_time/time.c.obj
 .debug_aranges
                0x000003a0       0x78 CMakeFiles/blink.dir/E_/Projects/VSARM/sdk/pico/pico-sdk/src/rp2_common/hardware_timer/timer.c.obj
 .debug_aranges
                0x00000418       0x78 CMakeFiles/blink.dir/E_/Projects/VSARM/sdk/pico/pico-sdk/src/common/pico_util/pheap.c.obj
 .debug_aranges
                0x00000490       0x88 CMakeFiles/blink.dir/E_/Projects/VSARM/sdk/pico/pico-sdk/src/common/pico_sync/mutex.c.obj
 .debug_aranges
                0x00000518       0x40 CMakeFiles/blink.dir/E_/Projects/VSARM/sdk/pico/pico-sdk/src/rp2_common/hardware_uart/uart.c.obj
 .debug_aranges
                0x00000558       0x60 CMakeFiles/blink.dir/E_/Projects/VSARM/sdk/pico/pico-sdk/src/rp2_common/pico_runtime/runtime.c.obj
 .debug_aranges
                0x000005b8       0x70 CMakeFiles/blink.dir/E_/Projects/VSARM/sdk/pico/pico-sdk/src/rp2_common/hardware_clocks/clocks.c.obj
 .debug_aranges
                0x00000628       0x28 CMakeFiles/blink.dir/E_/Projects/VSARM/sdk/pico/pico-sdk/src/rp2_common/hardware_pll/pll.c.obj
 .debug_aranges
                0x00000650       0x58 CMakeFiles/blink.dir/E_/Projects/VSARM/sdk/pico/pico-sdk/src/rp2_common/hardware_watchdog/watchdog.c.obj
 .debug_aranges
                0x000006a8       0x30 CMakeFiles/blink.dir/E_/Projects/VSARM/sdk/pico/pico-sdk/src/rp2_common/hardware_xosc/xosc.c.obj
 .debug_aranges
                0x000006d8       0x90 CMakeFiles/blink.dir/E_/Projects/VSARM/sdk/pico/pico-sdk/src/rp2_common/pico_printf/printf.c.obj
 .debug_aranges
                0x00000768       0x68 CMakeFiles/blink.dir/E_/Projects/VSARM/sdk/pico/pico-sdk/src/rp2_common/pico_bit_ops/bit_ops_aeabi.S.obj
 .debug_aranges
                0x000007d0       0x30 CMakeFiles/blink.dir/E_/Projects/VSARM/sdk/pico/pico-sdk/src/rp2_common/pico_bootrom/bootrom.c.obj
 .debug_aranges
                0x00000800       0x40 CMakeFiles/blink.dir/E_/Projects/VSARM/sdk/pico/pico-sdk/src/rp2_common/pico_divider/divider.S.obj
 .debug_aranges
                0x00000840      0x140 CMakeFiles/blink.dir/E_/Projects/VSARM/sdk/pico/pico-sdk/src/rp2_common/pico_double/double_aeabi.S.obj
 .debug_aranges
                0x00000980       0x20 CMakeFiles/blink.dir/E_/Projects/VSARM/sdk/pico/pico-sdk/src/rp2_common/pico_double/double_init_rom.c.obj
 .debug_aranges
                0x000009a0       0xc8 CMakeFiles/blink.dir/E_/Projects/VSARM/sdk/pico/pico-sdk/src/rp2_common/pico_double/double_v1_rom_shim.S.obj
 .debug_aranges
                0x00000a68       0x20 CMakeFiles/blink.dir/E_/Projects/VSARM/sdk/pico/pico-sdk/src/rp2_common/pico_int64_ops/pico_int64_ops_aeabi.S.obj
 .debug_aranges
                0x00000a88      0x130 CMakeFiles/blink.dir/E_/Projects/VSARM/sdk/pico/pico-sdk/src/rp2_common/pico_float/float_aeabi.S.obj
 .debug_aranges
                0x00000bb8       0x20 CMakeFiles/blink.dir/E_/Projects/VSARM/sdk/pico/pico-sdk/src/rp2_common/pico_float/float_init_rom.c.obj
 .debug_aranges
                0x00000bd8       0x50 CMakeFiles/blink.dir/E_/Projects/VSARM/sdk/pico/pico-sdk/src/rp2_common/pico_float/float_v1_rom_shim.S.obj
 .debug_aranges
                0x00000c28       0x38 CMakeFiles/blink.dir/E_/Projects/VSARM/sdk/pico/pico-sdk/src/rp2_common/pico_mem_ops/mem_ops_aeabi.S.obj
 .debug_aranges